Archive member included to satisfy reference by file (symbol)

/Users/mortenopprudjakobsen/workspace/ISD/2016/lpc_board_ea_devkit_4088/Debug/liblpc_board_ea_devkit_4088.a(board.o)
                              ./example/src/main.o (Board_Init)
/Users/mortenopprudjakobsen/workspace/ISD/2016/lpc_board_ea_devkit_4088/Debug/liblpc_board_ea_devkit_4088.a(board_sysinit.o)
                              ./example/src/sysinit.o (Board_SystemInit)
/Users/mortenopprudjakobsen/workspace/ISD/2016/lpc_board_ea_devkit_4088/Debug/liblpc_board_ea_devkit_4088.a(uda1380.o)
                              /Users/mortenopprudjakobsen/workspace/ISD/2016/lpc_board_ea_devkit_4088/Debug/liblpc_board_ea_devkit_4088.a(board.o) (UDA1380_Init)
/Users/mortenopprudjakobsen/workspace/ISD/2016/lpc_chip_40xx/Debug/liblpc_chip_40xx.a(chip_17xx_40xx.o)
                              ./example/src/main.o (SystemCoreClockUpdate)
/Users/mortenopprudjakobsen/workspace/ISD/2016/lpc_chip_40xx/Debug/liblpc_chip_40xx.a(clock_17xx_40xx.o)
                              /Users/mortenopprudjakobsen/workspace/ISD/2016/lpc_chip_40xx/Debug/liblpc_chip_40xx.a(chip_17xx_40xx.o) (Chip_Clock_SetupPLL)
/Users/mortenopprudjakobsen/workspace/ISD/2016/lpc_chip_40xx/Debug/liblpc_chip_40xx.a(emc_17xx_40xx.o)
                              /Users/mortenopprudjakobsen/workspace/ISD/2016/lpc_board_ea_devkit_4088/Debug/liblpc_board_ea_devkit_4088.a(board_sysinit.o) (Chip_EMC_Dynamic_Init)
/Users/mortenopprudjakobsen/workspace/ISD/2016/lpc_chip_40xx/Debug/liblpc_chip_40xx.a(fpu_init.o)
                              ./example/src/sysinit.o (fpuInit)
/Users/mortenopprudjakobsen/workspace/ISD/2016/lpc_chip_40xx/Debug/liblpc_chip_40xx.a(i2c_17xx_40xx.o)
                              /Users/mortenopprudjakobsen/workspace/ISD/2016/lpc_board_ea_devkit_4088/Debug/liblpc_board_ea_devkit_4088.a(uda1380.o) (Chip_I2C_EventHandlerPolling)
/Users/mortenopprudjakobsen/workspace/ISD/2016/lpc_chip_40xx/Debug/liblpc_chip_40xx.a(i2s_17xx_40xx.o)
                              /Users/mortenopprudjakobsen/workspace/ISD/2016/lpc_board_ea_devkit_4088/Debug/liblpc_board_ea_devkit_4088.a(board.o) (Chip_I2S_Init)
/Users/mortenopprudjakobsen/workspace/ISD/2016/lpc_chip_40xx/Debug/liblpc_chip_40xx.a(iocon_17xx_40xx.o)
                              /Users/mortenopprudjakobsen/workspace/ISD/2016/lpc_board_ea_devkit_4088/Debug/liblpc_board_ea_devkit_4088.a(board_sysinit.o) (Chip_IOCON_SetPinMuxing)
/Users/mortenopprudjakobsen/workspace/ISD/2016/lpc_chip_40xx/Debug/liblpc_chip_40xx.a(ssp_17xx_40xx.o)
                              /Users/mortenopprudjakobsen/workspace/ISD/2016/lpc_board_ea_devkit_4088/Debug/liblpc_board_ea_devkit_4088.a(board.o) (Chip_SSP_WriteFrames_Blocking)
/Users/mortenopprudjakobsen/workspace/ISD/2016/lpc_chip_40xx/Debug/liblpc_chip_40xx.a(sysctl_17xx_40xx.o)
                              /Users/mortenopprudjakobsen/workspace/ISD/2016/lpc_board_ea_devkit_4088/Debug/liblpc_board_ea_devkit_4088.a(board_sysinit.o) (Chip_SYSCTL_PeriphReset)
/Users/mortenopprudjakobsen/workspace/ISD/2016/lpc_chip_40xx/Debug/liblpc_chip_40xx.a(sysinit_17xx_40xx.o)
                              /Users/mortenopprudjakobsen/workspace/ISD/2016/lpc_board_ea_devkit_4088/Debug/liblpc_board_ea_devkit_4088.a(board_sysinit.o) (Chip_SetupXtalClocking)
/Users/mortenopprudjakobsen/workspace/ISD/2016/lpc_chip_40xx/Debug/liblpc_chip_40xx.a(timer_17xx_40xx.o)
                              ./example/src/ms_timer.o (Chip_TIMER_Init)
/Applications/lpcxpresso_8.1.4_606/lpcxpresso/tools/bin/../lib/gcc/arm-none-eabi/5.2.1/../../../../arm-none-eabi/lib/armv7e-m/softfp/libcr_semihost.a(_cr__main.o)
                              ./example/src/cr_startup_lpc40xx.o (__main)
/Applications/lpcxpresso_8.1.4_606/lpcxpresso/tools/bin/../lib/gcc/arm-none-eabi/5.2.1/../../../../arm-none-eabi/lib/armv7e-m/softfp/libcr_c.a(memcpy.o)
                              /Users/mortenopprudjakobsen/workspace/ISD/2016/lpc_board_ea_devkit_4088/Debug/liblpc_board_ea_devkit_4088.a(board.o) (memcpy)
/Applications/lpcxpresso_8.1.4_606/lpcxpresso/tools/bin/../lib/gcc/arm-none-eabi/5.2.1/../../../../arm-none-eabi/lib/armv7e-m/softfp/libcr_c.a(fpprintf.o)
                              ./example/src/main.o (printf)
/Applications/lpcxpresso_8.1.4_606/lpcxpresso/tools/bin/../lib/gcc/arm-none-eabi/5.2.1/../../../../arm-none-eabi/lib/armv7e-m/softfp/libcr_c.a(initio.o)
                              /Applications/lpcxpresso_8.1.4_606/lpcxpresso/tools/bin/../lib/gcc/arm-none-eabi/5.2.1/../../../../arm-none-eabi/lib/armv7e-m/softfp/libcr_semihost.a(_cr__main.o) (_initio)
/Applications/lpcxpresso_8.1.4_606/lpcxpresso/tools/bin/../lib/gcc/arm-none-eabi/5.2.1/../../../../arm-none-eabi/lib/armv7e-m/softfp/libcr_c.a(printf.o)
                              /Applications/lpcxpresso_8.1.4_606/lpcxpresso/tools/bin/../lib/gcc/arm-none-eabi/5.2.1/../../../../arm-none-eabi/lib/armv7e-m/softfp/libcr_c.a(fpprintf.o) (__vfprintf)
[...]
Memory Configuration

Name             Origin             Length             Attributes
MFlash512        0x0000000000000000 0x0000000000080000 xr
RamLoc64         0x0000000010000000 0x0000000000010000 xrw
RamPeriph32      0x0000000020000000 0x0000000000008000 xrw
*default*        0x0000000000000000 0xffffffffffffffff

Linker script and memory map

LOAD ./example/src/cr_startup_lpc40xx.o
LOAD ./example/src/main.o
LOAD ./example/src/ms_timer.o
LOAD ./example/src/sysinit.o
LOAD /Users/mortenopprudjakobsen/workspace/ISD/2016/lpc_board_ea_devkit_4088/Debug/liblpc_board_ea_devkit_4088.a
LOAD /Users/mortenopprudjakobsen/workspace/ISD/2016/lpc_chip_40xx/Debug/liblpc_chip_40xx.a
START GROUP
LOAD /Applications/lpcxpresso_8.1.4_606/lpcxpresso/tools/bin/../lib/gcc/arm-none-eabi/5.2.1/../../../../arm-none-eabi/lib/armv7e-m/softfp/libcr_semihost.a
LOAD /Applications/lpcxpresso_8.1.4_606/lpcxpresso/tools/bin/../lib/gcc/arm-none-eabi/5.2.1/../../../../arm-none-eabi/lib/armv7e-m/softfp/libcr_c.a
LOAD /Applications/lpcxpresso_8.1.4_606/lpcxpresso/tools/bin/../lib/gcc/arm-none-eabi/5.2.1/armv7e-m/softfp/libcr_eabihelpers.a
END GROUP
                0x0000000000000000                __base_MFlash512 = 0x0
                0x0000000000000000                __base_Flash = 0x0
                0x0000000000080000                __top_MFlash512 = 0x80000
                0x0000000000080000                __top_Flash = 0x80000
                0x0000000010000000                __base_RamLoc64 = 0x10000000
                0x0000000010000000                __base_RAM = 0x10000000
                0x0000000010010000                __top_RamLoc64 = 0x10010000
                0x0000000010010000                __top_RAM = 0x10010000
                0x0000000020000000                __base_RamPeriph32 = 0x20000000
                0x0000000020000000                __base_RAM2 = 0x20000000
                0x0000000020008000                __top_RamPeriph32 = 0x20008000
                0x0000000020008000                __top_RAM2 = 0x20008000

.text           0x0000000000000000     0x40a8
 FILL mask 0xff
                0x0000000000000000                __vectors_start__ = ABSOLUTE (.)
 *(.isr_vector)
 .isr_vector    0x0000000000000000       0xe4 ./example/src/cr_startup_lpc40xx.o
                0x0000000000000000                g_pfnVectors
                0x00000000000000e4                . = ALIGN (0x4)
                0x00000000000000e4                __section_table_start = .
                0x00000000000000e4                __data_section_table = .
                0x00000000000000e4        0x4 LONG 0x40a8 LOADADDR (.data)
                0x00000000000000e8        0x4 LONG 0x10000000 ADDR (.data)
                0x00000000000000ec        0x4 LONG 0x0 SIZEOF (.data)
                0x00000000000000f0        0x4 LONG 0x40a8 LOADADDR (.data_RAM2)
                0x00000000000000f4        0x4 LONG 0x20000000 ADDR (.data_RAM2)
                0x00000000000000f8        0x4 LONG 0x0 SIZEOF (.data_RAM2)
                0x00000000000000fc                __data_section_table_end = .
                0x00000000000000fc                __bss_section_table = .
                0x00000000000000fc        0x4 LONG 0x10000000 ADDR (.bss)
                0x0000000000000100        0x4 LONG 0x158 SIZEOF (.bss)
                0x0000000000000104        0x4 LONG 0x20000000 ADDR (.bss_RAM2)
                0x0000000000000108        0x4 LONG 0x0 SIZEOF (.bss_RAM2)
                0x000000000000010c                __bss_section_table_end = .
                0x000000000000010c                __section_table_end = .
 *(.after_vectors*)
 .after_vectors
                0x000000000000010c      0x168 ./example/src/cr_startup_lpc40xx.o
                0x000000000000010c                data_init
                0x0000000000000150                bss_init
                0x0000000000000188                ResetISR
                0x0000000000000220                NMI_Handler
                0x0000000000000228                HardFault_Handler
                0x0000000000000230                MemManage_Handler
                0x0000000000000238                BusFault_Handler
                0x0000000000000240                UsageFault_Handler
                0x0000000000000248                SVC_Handler
                0x0000000000000250                DebugMon_Handler
                0x0000000000000258                PendSV_Handler
                0x0000000000000260                SysTick_Handler
                0x0000000000000268                TIMER3_IRQHandler
                0x0000000000000268                UART0_IRQHandler
                0x0000000000000268                IntDefaultHandler
                0x0000000000000268                PLL0_IRQHandler
                0x0000000000000268                CAN_IRQHandler
                0x0000000000000268                PLL1_IRQHandler
                0x0000000000000268                SSP0_IRQHandler
                0x0000000000000268                I2S_IRQHandler
                0x0000000000000268                I2C2_IRQHandler
                0x0000000000000268                RTC_IRQHandler
                0x0000000000000268                SPI_IRQHandler
                0x0000000000000268                LCD_IRQHandler
                0x0000000000000268                EINT1_IRQHandler
                0x0000000000000268                TIMER1_IRQHandler
                0x0000000000000268                UART2_IRQHandler
                0x0000000000000268                UART4_IRQHandler
                0x0000000000000268                ADC_IRQHandler
                0x0000000000000268                SSP1_IRQHandler
                0x0000000000000268                USB_IRQHandler
                0x0000000000000268                BOD_IRQHandler
                0x0000000000000268                WDT_IRQHandler
                0x0000000000000268                QEI_IRQHandler
                0x0000000000000268                EINT0_IRQHandler
                0x0000000000000268                ETH_IRQHandler
                0x0000000000000268                PWM0_IRQHandler
                0x0000000000000268                SSP2_IRQHandler
                0x0000000000000268                EEPROM_IRQHandler
                0x0000000000000268                DMA_IRQHandler
                0x0000000000000268                UART3_IRQHandler
                0x0000000000000268                GPIO_IRQHandler
                0x0000000000000268                MCPWM_IRQHandler
                0x0000000000000268                TIMER2_IRQHandler
                0x0000000000000268                RIT_IRQHandler
                0x0000000000000268                I2C0_IRQHandler
                0x0000000000000268                USBActivity_IRQHandler
                0x0000000000000268                PWM1_IRQHandler
                0x0000000000000268                SDIO_IRQHandler
                0x0000000000000268                I2C1_IRQHandler
                0x0000000000000268                EINT2_IRQHandler
                0x0000000000000268                UART1_IRQHandler
                0x0000000000000268                EINT3_IRQHandler
                0x0000000000000268                CANActivity_IRQHandler
 *(.text*)
 .text.Chip_GPIO_SetPinDIROutput
                0x0000000000000274       0x3c ./example/src/main.o
 .text.Chip_GPIO_SetPinOutHigh
                0x00000000000002b0       0x30 ./example/src/main.o
 .text.Chip_GPIO_SetPinOutLow
                0x00000000000002e0       0x30 ./example/src/main.o
 .text.main     0x0000000000000310       0x78 ./example/src/main.o
                0x0000000000000310                main
 .text.NVIC_EnableIRQ
                0x0000000000000388       0x34 ./example/src/ms_timer.o
 .text.NVIC_ClearPendingIRQ
                0x00000000000003bc       0x34 ./example/src/ms_timer.o
 .text.Chip_GPIO_SetPinState
                0x00000000000003f0       0x6c ./example/src/ms_timer.o
 .text.Chip_GPIO_GetPinState
                0x000000000000045c       0x3c ./example/src/ms_timer.o
 .text.Chip_GPIO_SetPinDIROutput
                0x0000000000000498       0x3c ./example/src/ms_timer.o
 .text.Chip_GPIO_SetPinToggle
                0x00000000000004d4       0x4c ./example/src/ms_timer.o
 .text.Chip_TIMER_MatchPending
                0x0000000000000520       0x34 ./example/src/ms_timer.o
 .text.Chip_TIMER_ClearMatch
                0x0000000000000554       0x28 ./example/src/ms_timer.o
 .text.Chip_TIMER_Enable
                0x000000000000057c       0x20 ./example/src/ms_timer.o
 .text.Chip_TIMER_SetMatch
                0x000000000000059c       0x28 ./example/src/ms_timer.o
 .text.Chip_TIMER_MatchEnableInt
                0x00000000000005c4       0x34 ./example/src/ms_timer.o
 .text.Chip_TIMER_ResetOnMatchEnable
                0x00000000000005f8       0x38 ./example/src/ms_timer.o
 .text.TIMER0_IRQHandler
                0x0000000000000630       0x40 ./example/src/ms_timer.o
                0x0000000000000630                TIMER0_IRQHandler
 .text.ms_timer_init
                0x0000000000000670       0x74 ./example/src/ms_timer.o
                0x0000000000000670                ms_timer_init
 .text.ms_timer_reset
                0x00000000000006e4       0x24 ./example/src/ms_timer.o
                0x00000000000006e4                ms_timer_reset
 .text.ms_timer_read
                0x0000000000000708       0x18 ./example/src/ms_timer.o
                0x0000000000000708                ms_timer_read
 .text.SystemInit
                0x0000000000000720       0x28 ./example/src/sysinit.o
                0x0000000000000720                SystemInit
 .text.Chip_IOCON_Init
                0x0000000000000748       0x18 /Users/mortenopprudjakobsen/workspace/ISD/2016/lpc_board_ea_devkit_4088/Debug/liblpc_board_ea_devkit_4088.a(board.o)
 .text.Chip_GPIO_Init
                0x0000000000000760       0x18 /Users/mortenopprudjakobsen/workspace/ISD/2016/lpc_board_ea_devkit_4088/Debug/liblpc_board_ea_devkit_4088.a(board.o)
 .text.Chip_GPIO_SetPinState
                0x0000000000000778       0x6c /Users/mortenopprudjakobsen/workspace/ISD/2016/lpc_board_ea_devkit_4088/Debug/liblpc_board_ea_devkit_4088.a(board.o)
 .text.Chip_GPIO_WritePortBit
                0x00000000000007e4       0x2c /Users/mortenopprudjakobsen/workspace/ISD/2016/lpc_board_ea_devkit_4088/Debug/liblpc_board_ea_devkit_4088.a(board.o)
 .text.Chip_GPIO_SetPinDIROutput
                0x0000000000000810       0x3c /Users/mortenopprudjakobsen/workspace/ISD/2016/lpc_board_ea_devkit_4088/Debug/liblpc_board_ea_devkit_4088.a(board.o)
 .text.Chip_GPIO_SetPinDIRInput
                0x000000000000084c       0x3c /Users/mortenopprudjakobsen/workspace/ISD/2016/lpc_board_ea_devkit_4088/Debug/liblpc_board_ea_devkit_4088.a(board.o)
 .text.Chip_GPIO_SetPinDIR
                0x0000000000000888       0x44 /Users/mortenopprudjakobsen/workspace/ISD/2016/lpc_board_ea_devkit_4088/Debug/liblpc_board_ea_devkit_4088.a(board.o)
 .text.Chip_GPIO_WriteDirBit
                0x00000000000008cc       0x30 /Users/mortenopprudjakobsen/workspace/ISD/2016/lpc_board_ea_devkit_4088/Debug/liblpc_board_ea_devkit_4088.a(board.o)
 .text.Board_LED_Init
                0x00000000000008fc       0x60 /Users/mortenopprudjakobsen/workspace/ISD/2016/lpc_board_ea_devkit_4088/Debug/liblpc_board_ea_devkit_4088.a(board.o)
 .text.Board_Init
                0x000000000000095c       0x20 /Users/mortenopprudjakobsen/workspace/ISD/2016/lpc_board_ea_devkit_4088/Debug/liblpc_board_ea_devkit_4088.a(board.o)
                0x000000000000095c                Board_Init
 .text.Chip_SYSCTL_EnableBoost
                0x000000000000097c       0x1c /Users/mortenopprudjakobsen/workspace/ISD/2016/lpc_board_ea_devkit_4088/Debug/liblpc_board_ea_devkit_4088.a(board_sysinit.o)
 .text.Chip_Clock_SetEMCClockDiv
                0x0000000000000998       0x24 /Users/mortenopprudjakobsen/workspace/ISD/2016/lpc_board_ea_devkit_4088/Debug/liblpc_board_ea_devkit_4088.a(board_sysinit.o)
 .text.Chip_IOCON_PinMuxSet
                0x00000000000009bc       0x30 /Users/mortenopprudjakobsen/workspace/ISD/2016/lpc_board_ea_devkit_4088/Debug/liblpc_board_ea_devkit_4088.a(board_sysinit.o)
 .text.Board_SetupMuxing
                0x00000000000009ec       0x84 /Users/mortenopprudjakobsen/workspace/ISD/2016/lpc_board_ea_devkit_4088/Debug/liblpc_board_ea_devkit_4088.a(board_sysinit.o)
                0x00000000000009ec                Board_SetupMuxing
 .text.Board_SetupClocking
                0x0000000000000a70       0x1c /Users/mortenopprudjakobsen/workspace/ISD/2016/lpc_board_ea_devkit_4088/Debug/liblpc_board_ea_devkit_4088.a(board_sysinit.o)
                0x0000000000000a70                Board_SetupClocking
 .text.Board_SetupExtMemory
                0x0000000000000a8c       0x5c /Users/mortenopprudjakobsen/workspace/ISD/2016/lpc_board_ea_devkit_4088/Debug/liblpc_board_ea_devkit_4088.a(board_sysinit.o)
                0x0000000000000a8c                Board_SetupExtMemory
 .text.Board_SystemInit
                0x0000000000000ae8       0x14 /Users/mortenopprudjakobsen/workspace/ISD/2016/lpc_board_ea_devkit_4088/Debug/liblpc_board_ea_devkit_4088.a(board_sysinit.o)
                0x0000000000000ae8                Board_SystemInit
 .text.SystemCoreClockUpdate
                0x0000000000000afc       0x18 /Users/mortenopprudjakobsen/workspace/ISD/2016/lpc_chip_40xx/Debug/liblpc_chip_40xx.a(chip_17xx_40xx.o)
                0x0000000000000afc                SystemCoreClockUpdate
 .text.Chip_Clock_IsMainPLLEnabled
                0x0000000000000b14       0x28 /Users/mortenopprudjakobsen/workspace/ISD/2016/lpc_chip_40xx/Debug/liblpc_chip_40xx.a(clock_17xx_40xx.o)
 .text.Chip_Clock_FeedPLL
                0x0000000000000b3c       0x38 /Users/mortenopprudjakobsen/workspace/ISD/2016/lpc_chip_40xx/Debug/liblpc_chip_40xx.a(clock_17xx_40xx.o)
 .text.Chip_Clock_GetMainPLLSource
                0x0000000000000b74       0x20 /Users/mortenopprudjakobsen/workspace/ISD/2016/lpc_chip_40xx/Debug/liblpc_chip_40xx.a(clock_17xx_40xx.o)
 .text.Chip_Clock_GetMainOscRate
                0x0000000000000b94       0x18 /Users/mortenopprudjakobsen/workspace/ISD/2016/lpc_chip_40xx/Debug/liblpc_chip_40xx.a(clock_17xx_40xx.o)
 .text.Chip_Clock_GetIntOscRate
                0x0000000000000bac       0x14 /Users/mortenopprudjakobsen/workspace/ISD/2016/lpc_chip_40xx/Debug/liblpc_chip_40xx.a(clock_17xx_40xx.o)
 .text.Chip_Clock_GetMainPLLInClockRate
                0x0000000000000bc0       0x10 /Users/mortenopprudjakobsen/workspace/ISD/2016/lpc_chip_40xx/Debug/liblpc_chip_40xx.a(clock_17xx_40xx.o)
 .text.Chip_Clock_EnablePLL
                0x0000000000000bd0       0x44 /Users/mortenopprudjakobsen/workspace/ISD/2016/lpc_chip_40xx/Debug/liblpc_chip_40xx.a(clock_17xx_40xx.o)
                0x0000000000000bd0                Chip_Clock_EnablePLL
 .text.Chip_Clock_DisablePLL
                0x0000000000000c14       0x48 /Users/mortenopprudjakobsen/workspace/ISD/2016/lpc_chip_40xx/Debug/liblpc_chip_40xx.a(clock_17xx_40xx.o)
                0x0000000000000c14                Chip_Clock_DisablePLL
 .text.Chip_Clock_SetupPLL
                0x0000000000000c5c       0x4c /Users/mortenopprudjakobsen/workspace/ISD/2016/lpc_chip_40xx/Debug/liblpc_chip_40xx.a(clock_17xx_40xx.o)
                0x0000000000000c5c                Chip_Clock_SetupPLL
 .text.Chip_Clock_EnablePeriphClock
                0x0000000000000ca8       0x54 /Users/mortenopprudjakobsen/workspace/ISD/2016/lpc_chip_40xx/Debug/liblpc_chip_40xx.a(clock_17xx_40xx.o)
                0x0000000000000ca8                Chip_Clock_EnablePeriphClock
 .text.Chip_Clock_SetCPUClockSource
                0x0000000000000cfc       0x44 /Users/mortenopprudjakobsen/workspace/ISD/2016/lpc_chip_40xx/Debug/liblpc_chip_40xx.a(clock_17xx_40xx.o)
                0x0000000000000cfc                Chip_Clock_SetCPUClockSource
 .text.Chip_Clock_GetCPUClockSource
                0x0000000000000d40       0x30 /Users/mortenopprudjakobsen/workspace/ISD/2016/lpc_chip_40xx/Debug/liblpc_chip_40xx.a(clock_17xx_40xx.o)
                0x0000000000000d40                Chip_Clock_GetCPUClockSource
 .text.Chip_Clock_SetCPUClockDiv
                0x0000000000000d70       0x30 /Users/mortenopprudjakobsen/workspace/ISD/2016/lpc_chip_40xx/Debug/liblpc_chip_40xx.a(clock_17xx_40xx.o)
                0x0000000000000d70                Chip_Clock_SetCPUClockDiv
 .text.Chip_Clock_GetCPUClockDiv
                0x0000000000000da0       0x1c /Users/mortenopprudjakobsen/workspace/ISD/2016/lpc_chip_40xx/Debug/liblpc_chip_40xx.a(clock_17xx_40xx.o)
                0x0000000000000da0                Chip_Clock_GetCPUClockDiv
 .text.Chip_Clock_GetSYSCLKRate
                0x0000000000000dbc       0x2c /Users/mortenopprudjakobsen/workspace/ISD/2016/lpc_chip_40xx/Debug/liblpc_chip_40xx.a(clock_17xx_40xx.o)
                0x0000000000000dbc                Chip_Clock_GetSYSCLKRate
 .text.Chip_Clock_GetMainPLLOutClockRate
                0x0000000000000de8       0x40 /Users/mortenopprudjakobsen/workspace/ISD/2016/lpc_chip_40xx/Debug/liblpc_chip_40xx.a(clock_17xx_40xx.o)
                0x0000000000000de8                Chip_Clock_GetMainPLLOutClockRate
 .text.Chip_Clock_GetMainClockRate
                0x0000000000000e28       0x28 /Users/mortenopprudjakobsen/workspace/ISD/2016/lpc_chip_40xx/Debug/liblpc_chip_40xx.a(clock_17xx_40xx.o)
                0x0000000000000e28                Chip_Clock_GetMainClockRate
 .text.Chip_Clock_GetSystemClockRate
                0x0000000000000e50       0x18 /Users/mortenopprudjakobsen/workspace/ISD/2016/lpc_chip_40xx/Debug/liblpc_chip_40xx.a(clock_17xx_40xx.o)
                0x0000000000000e50                Chip_Clock_GetSystemClockRate
 .text.Chip_Clock_SetSPIFIClockSource
                0x0000000000000e68       0x34 /Users/mortenopprudjakobsen/workspace/ISD/2016/lpc_chip_40xx/Debug/liblpc_chip_40xx.a(clock_17xx_40xx.o)
                0x0000000000000e68                Chip_Clock_SetSPIFIClockSource
 .text.Chip_Clock_SetSPIFIClockDiv
                0x0000000000000e9c       0x30 /Users/mortenopprudjakobsen/workspace/ISD/2016/lpc_chip_40xx/Debug/liblpc_chip_40xx.a(clock_17xx_40xx.o)
                0x0000000000000e9c                Chip_Clock_SetSPIFIClockDiv
 .text.Chip_Clock_GetEMCClockDiv
                0x0000000000000ecc       0x1c /Users/mortenopprudjakobsen/workspace/ISD/2016/lpc_chip_40xx/Debug/liblpc_chip_40xx.a(emc_17xx_40xx.o)
 .text.Chip_Clock_GetEMCClockRate
                0x0000000000000ee8       0x18 /Users/mortenopprudjakobsen/workspace/ISD/2016/lpc_chip_40xx/Debug/liblpc_chip_40xx.a(emc_17xx_40xx.o)
 .text.convertTimmingParam
                0x0000000000000f00       0x6c /Users/mortenopprudjakobsen/workspace/ISD/2016/lpc_chip_40xx/Debug/liblpc_chip_40xx.a(emc_17xx_40xx.o)
 .text.getColsLen
                0x0000000000000f6c       0x50 /Users/mortenopprudjakobsen/workspace/ISD/2016/lpc_chip_40xx/Debug/liblpc_chip_40xx.a(emc_17xx_40xx.o)
 .text.initDynMem
                0x0000000000000fbc      0x294 /Users/mortenopprudjakobsen/workspace/ISD/2016/lpc_chip_40xx/Debug/liblpc_chip_40xx.a(emc_17xx_40xx.o)
                0x0000000000000fbc                initDynMem
 .text.initStaticMem
                0x0000000000001250       0xb0 /Users/mortenopprudjakobsen/workspace/ISD/2016/lpc_chip_40xx/Debug/liblpc_chip_40xx.a(emc_17xx_40xx.o)
                0x0000000000001250                initStaticMem
 .text.Chip_EMC_Dynamic_Init
                0x0000000000001300       0x24 /Users/mortenopprudjakobsen/workspace/ISD/2016/lpc_chip_40xx/Debug/liblpc_chip_40xx.a(emc_17xx_40xx.o)
                0x0000000000001300                Chip_EMC_Dynamic_Init
 .text.Chip_EMC_Static_Init
                0x0000000000001324       0x24 /Users/mortenopprudjakobsen/workspace/ISD/2016/lpc_chip_40xx/Debug/liblpc_chip_40xx.a(emc_17xx_40xx.o)
                0x0000000000001324                Chip_EMC_Static_Init
 .text.Chip_EMC_Init
                0x0000000000001348       0x50 /Users/mortenopprudjakobsen/workspace/ISD/2016/lpc_chip_40xx/Debug/liblpc_chip_40xx.a(emc_17xx_40xx.o)
                0x0000000000001348                Chip_EMC_Init
 .text.fpuInit  0x0000000000001398       0x74 /Users/mortenopprudjakobsen/workspace/ISD/2016/lpc_chip_40xx/Debug/liblpc_chip_40xx.a(fpu_init.o)
                0x0000000000001398                fpuInit
 .text.Chip_IOCON_PinMuxSet
                0x000000000000140c       0x30 /Users/mortenopprudjakobsen/workspace/ISD/2016/lpc_chip_40xx/Debug/liblpc_chip_40xx.a(iocon_17xx_40xx.o)
 .text.Chip_IOCON_SetPinMuxing
                0x000000000000143c       0x64 /Users/mortenopprudjakobsen/workspace/ISD/2016/lpc_chip_40xx/Debug/liblpc_chip_40xx.a(iocon_17xx_40xx.o)
                0x000000000000143c                Chip_IOCON_SetPinMuxing
 .text.Chip_SYSCTL_PeriphReset
                0x00000000000014a0       0x68 /Users/mortenopprudjakobsen/workspace/ISD/2016/lpc_chip_40xx/Debug/liblpc_chip_40xx.a(sysctl_17xx_40xx.o)
                0x00000000000014a0                Chip_SYSCTL_PeriphReset
 .text.Chip_Clock_IsMainPLLEnabled
                0x0000000000001508       0x28 /Users/mortenopprudjakobsen/workspace/ISD/2016/lpc_chip_40xx/Debug/liblpc_chip_40xx.a(sysinit_17xx_40xx.o)
 .text.Chip_Clock_IsMainPLLLocked
                0x0000000000001530       0x28 /Users/mortenopprudjakobsen/workspace/ISD/2016/lpc_chip_40xx/Debug/liblpc_chip_40xx.a(sysinit_17xx_40xx.o)
 .text.Chip_Clock_EnableCrystal
                0x0000000000001558       0x24 /Users/mortenopprudjakobsen/workspace/ISD/2016/lpc_chip_40xx/Debug/liblpc_chip_40xx.a(sysinit_17xx_40xx.o)
 .text.Chip_Clock_IsCrystalEnabled
                0x000000000000157c       0x28 /Users/mortenopprudjakobsen/workspace/ISD/2016/lpc_chip_40xx/Debug/liblpc_chip_40xx.a(sysinit_17xx_40xx.o)
 .text.Chip_Clock_SetMainPLLSource
                0x00000000000015a4       0x24 /Users/mortenopprudjakobsen/workspace/ISD/2016/lpc_chip_40xx/Debug/liblpc_chip_40xx.a(sysinit_17xx_40xx.o)
 .text.Chip_Clock_SetPCLKDiv
                0x00000000000015c8       0x20 /Users/mortenopprudjakobsen/workspace/ISD/2016/lpc_chip_40xx/Debug/liblpc_chip_40xx.a(sysinit_17xx_40xx.o)
 .text.Chip_SetupXtalClocking
                0x00000000000015e8       0x84 /Users/mortenopprudjakobsen/workspace/ISD/2016/lpc_chip_40xx/Debug/liblpc_chip_40xx.a(sysinit_17xx_40xx.o)
                0x00000000000015e8                Chip_SetupXtalClocking
 .text.Chip_Timer_GetClockIndex
                0x000000000000166c       0x50 /Users/mortenopprudjakobsen/workspace/ISD/2016/lpc_chip_40xx/Debug/liblpc_chip_40xx.a(timer_17xx_40xx.o)
 .text.Chip_TIMER_Init
                0x00000000000016bc       0x20 /Users/mortenopprudjakobsen/workspace/ISD/2016/lpc_chip_40xx/Debug/liblpc_chip_40xx.a(timer_17xx_40xx.o)
                0x00000000000016bc                Chip_TIMER_Init
 .text.Chip_TIMER_Reset
                0x00000000000016dc       0x3c /Users/mortenopprudjakobsen/workspace/ISD/2016/lpc_chip_40xx/Debug/liblpc_chip_40xx.a(timer_17xx_40xx.o)
                0x00000000000016dc                Chip_TIMER_Reset
 .text.__main   0x0000000000001718       0x14 /Applications/lpcxpresso_8.1.4_606/lpcxpresso/tools/bin/../lib/gcc/arm-none-eabi/5.2.1/../../../../arm-none-eabi/lib/armv7e-m/softfp/libcr_semihost.a(_cr__main.o)
                0x0000000000001718                __main
                0x0000000000001718                __CR_SEMIHOST
 .text.fp_round
                0x000000000000172c       0x4e /Applications/lpcxpresso_8.1.4_606/lpcxpresso/tools/bin/../lib/gcc/arm-none-eabi/5.2.1/../../../../arm-none-eabi/lib/armv7e-m/softfp/libcr_c.a(fpprintf.o)
 .text.pr_dec.constprop.1
                0x000000000000177a       0x26 /Applications/lpcxpresso_8.1.4_606/lpcxpresso/tools/bin/../lib/gcc/arm-none-eabi/5.2.1/../../../../arm-none-eabi/lib/armv7e-m/softfp/libcr_c.a(fpprintf.o)
 .text.sprintf  0x00000000000017a0       0x6c /Applications/lpcxpresso_8.1.4_606/lpcxpresso/tools/bin/../lib/gcc/arm-none-eabi/5.2.1/../../../../arm-none-eabi/lib/armv7e-m/softfp/libcr_c.a(fpprintf.o)
                0x00000000000017a0                sprintf
 *fill*         0x000000000000180c        0x4 ff
 .text.fp_display
                0x0000000000001810      0x8f8 /Applications/lpcxpresso_8.1.4_606/lpcxpresso/tools/bin/../lib/gcc/arm-none-eabi/5.2.1/../../../../arm-none-eabi/lib/armv7e-m/softfp/libcr_c.a(fpprintf.o)
 .text.vsnprintf
                0x0000000000002108       0x5c /Applications/lpcxpresso_8.1.4_606/lpcxpresso/tools/bin/../lib/gcc/arm-none-eabi/5.2.1/../../../../arm-none-eabi/lib/armv7e-m/softfp/libcr_c.a(fpprintf.o)
                0x0000000000002108                vsnprintf
 .text.printf   0x0000000000002164       0x54 /Applications/lpcxpresso_8.1.4_606/lpcxpresso/tools/bin/../lib/gcc/arm-none-eabi/5.2.1/../../../../arm-none-eabi/lib/armv7e-m/softfp/libcr_c.a(fpprintf.o)
                0x0000000000002164                printf
 .text._initio  0x00000000000021b8       0xa4 /Applications/lpcxpresso_8.1.4_606/lpcxpresso/tools/bin/../lib/gcc/arm-none-eabi/5.2.1/../../../../arm-none-eabi/lib/armv7e-m/softfp/libcr_c.a(initio.o)
                0x00000000000021b8                _initio
 .text.__vfprintf
                0x000000000000225c      0xd48 /Applications/lpcxpresso_8.1.4_606/lpcxpresso/tools/bin/../lib/gcc/arm-none-eabi/5.2.1/../../../../arm-none-eabi/lib/armv7e-m/softfp/libcr_c.a(printf.o)
                0x000000000000225c                __vfprintf
 .text.setvbuf  0x0000000000002fa4       0x40 /Applications/lpcxpresso_8.1.4_606/lpcxpresso/tools/bin/../lib/gcc/arm-none-eabi/5.2.1/../../../../arm-none-eabi/lib/armv7e-m/softfp/libcr_c.a(setvbuf.o)
                0x0000000000002fa4                setvbuf
 .text.strlen   0x0000000000002fe4       0x4a /Applications/lpcxpresso_8.1.4_606/lpcxpresso/tools/bin/../lib/gcc/arm-none-eabi/5.2.1/../../../../arm-none-eabi/lib/armv7e-m/softfp/libcr_c.a(strlen.o)
                0x0000000000002fe4                strlen
 .text.memset   0x000000000000302e        0x4 /Applications/lpcxpresso_8.1.4_606/lpcxpresso/tools/bin/../lib/gcc/arm-none-eabi/5.2.1/../../../../arm-none-eabi/lib/armv7e-m/softfp/libcr_c.a(memset.o)
                0x000000000000302e                memset
 .text._deferredlazyseek
                0x0000000000003032       0x44 /Applications/lpcxpresso_8.1.4_606/lpcxpresso/tools/bin/../lib/gcc/arm-none-eabi/5.2.1/../../../../arm-none-eabi/lib/armv7e-m/softfp/libcr_c.a(_deferredlazyseek.o)
                0x0000000000003032                _deferredlazyseek
 .text.__flsbuf
                0x0000000000003076      0x140 /Applications/lpcxpresso_8.1.4_606/lpcxpresso/tools/bin/../lib/gcc/arm-none-eabi/5.2.1/../../../../arm-none-eabi/lib/armv7e-m/softfp/libcr_c.a(_deferredlazyseek.o)
                0x0000000000003076                __flsbuf
 .text._fdopen  0x00000000000031b6       0x6a /Applications/lpcxpresso_8.1.4_606/lpcxpresso/tools/bin/../lib/gcc/arm-none-eabi/5.2.1/../../../../arm-none-eabi/lib/armv7e-m/softfp/libcr_c.a(_fdopen.o)
                0x00000000000031b6                _fdopen
 .text._fflush  0x0000000000003220       0x58 /Applications/lpcxpresso_8.1.4_606/lpcxpresso/tools/bin/../lib/gcc/arm-none-eabi/5.2.1/../../../../arm-none-eabi/lib/armv7e-m/softfp/libcr_c.a(_fflush.o)
                0x0000000000003220                _fflush
 .text._frexpl  0x0000000000003278       0x5a /Applications/lpcxpresso_8.1.4_606/lpcxpresso/tools/bin/../lib/gcc/arm-none-eabi/5.2.1/../../../../arm-none-eabi/lib/armv7e-m/softfp/libcr_c.a(_frexpl.o)
                0x0000000000003278                _frexpl
 *fill*         0x00000000000032d2        0x2 ff
 .text._ldexpl  0x00000000000032d4       0x4c /Applications/lpcxpresso_8.1.4_606/lpcxpresso/tools/bin/../lib/gcc/arm-none-eabi/5.2.1/../../../../arm-none-eabi/lib/armv7e-m/softfp/libcr_c.a(_ldexpl.o)
                0x00000000000032d4                _ldexpl
 .text._Cwritebuf
                0x0000000000003320       0x68 /Applications/lpcxpresso_8.1.4_606/lpcxpresso/tools/bin/../lib/gcc/arm-none-eabi/5.2.1/../../../../arm-none-eabi/lib/armv7e-m/softfp/libcr_c.a(_writebuf.o)
                0x0000000000003320                _Cwritebuf
 .text.malloc   0x0000000000003388       0xc8 /Applications/lpcxpresso_8.1.4_606/lpcxpresso/tools/bin/../lib/gcc/arm-none-eabi/5.2.1/../../../../arm-none-eabi/lib/armv7e-m/softfp/libcr_c.a(alloc.o)
                0x0000000000003388                malloc
 .text.free     0x0000000000003450       0x30 /Applications/lpcxpresso_8.1.4_606/lpcxpresso/tools/bin/../lib/gcc/arm-none-eabi/5.2.1/../../../../arm-none-eabi/lib/armv7e-m/softfp/libcr_c.a(alloc.o)
                0x0000000000003450                free
 .text._Csys_alloc
                0x0000000000003480       0x20 /Applications/lpcxpresso_8.1.4_606/lpcxpresso/tools/bin/../lib/gcc/arm-none-eabi/5.2.1/../../../../arm-none-eabi/lib/armv7e-m/softfp/libcr_c.a(alloc.o)
                0x0000000000003480                _Csys_alloc
 .text.fclose   0x00000000000034a0       0x6c /Applications/lpcxpresso_8.1.4_606/lpcxpresso/tools/bin/../lib/gcc/arm-none-eabi/5.2.1/../../../../arm-none-eabi/lib/armv7e-m/softfp/libcr_c.a(fclose.o)
                0x00000000000034a0                fclose
 .text.fflush   0x000000000000350c       0x30 /Applications/lpcxpresso_8.1.4_606/lpcxpresso/tools/bin/../lib/gcc/arm-none-eabi/5.2.1/../../../../arm-none-eabi/lib/armv7e-m/softfp/libcr_c.a(fflush.o)
                0x000000000000350c                fflush
 .text.fseek    0x000000000000353c      0x110 /Applications/lpcxpresso_8.1.4_606/lpcxpresso/tools/bin/../lib/gcc/arm-none-eabi/5.2.1/../../../../arm-none-eabi/lib/armv7e-m/softfp/libcr_c.a(fseek.o)
                0x000000000000353c                fseek
 .text.ftell    0x000000000000364c       0x4c /Applications/lpcxpresso_8.1.4_606/lpcxpresso/tools/bin/../lib/gcc/arm-none-eabi/5.2.1/../../../../arm-none-eabi/lib/armv7e-m/softfp/libcr_c.a(ftell.o)
                0x000000000000364c                ftell
 .text.remove   0x0000000000003698       0x14 /Applications/lpcxpresso_8.1.4_606/lpcxpresso/tools/bin/../lib/gcc/arm-none-eabi/5.2.1/../../../../arm-none-eabi/lib/armv7e-m/softfp/libcr_c.a(remove.o)
                0x0000000000003698                remove
 .text._sbrk    0x00000000000036ac       0x40 /Applications/lpcxpresso_8.1.4_606/lpcxpresso/tools/bin/../lib/gcc/arm-none-eabi/5.2.1/../../../../arm-none-eabi/lib/armv7e-m/softfp/libcr_c.a(_cr_sbrk.o)
                0x00000000000036ac                _sbrk
 .text._do_fflush
                0x00000000000036ec       0x44 /Applications/lpcxpresso_8.1.4_606/lpcxpresso/tools/bin/../lib/gcc/arm-none-eabi/5.2.1/../../../../arm-none-eabi/lib/armv7e-m/softfp/libcr_c.a(_do_fflush.o)
                0x00000000000036ec                _do_fflush
 .text.__check_heap_overflow
                0x0000000000003730       0x18 /Applications/lpcxpresso_8.1.4_606/lpcxpresso/tools/bin/../lib/gcc/arm-none-eabi/5.2.1/../../../../arm-none-eabi/lib/armv7e-m/softfp/libcr_c.a(_cr_check_heap.o)
                0x0000000000003730                __check_heap_overflow
 .text.__aeabi_dmul
                0x0000000000003748      0x110 /Applications/lpcxpresso_8.1.4_606/lpcxpresso/tools/bin/../lib/gcc/arm-none-eabi/5.2.1/armv7e-m/softfp/libcr_eabihelpers.a(double.o)
                0x0000000000003748                __aeabi_dmul
 .text.__aeabi_ddiv
                0x0000000000003858      0x13c /Applications/lpcxpresso_8.1.4_606/lpcxpresso/tools/bin/../lib/gcc/arm-none-eabi/5.2.1/armv7e-m/softfp/libcr_eabihelpers.a(double.o)
                0x0000000000003858                __aeabi_ddiv
 .text.__aeabi_dsub
                0x0000000000003994      0x1b4 /Applications/lpcxpresso_8.1.4_606/lpcxpresso/tools/bin/../lib/gcc/arm-none-eabi/5.2.1/armv7e-m/softfp/libcr_eabihelpers.a(double.o)
                0x0000000000003994                __aeabi_dsub
 .text.__aeabi_dadd
                0x0000000000003b48      0x114 /Applications/lpcxpresso_8.1.4_606/lpcxpresso/tools/bin/../lib/gcc/arm-none-eabi/5.2.1/armv7e-m/softfp/libcr_eabihelpers.a(double.o)
                0x0000000000003b48                __aeabi_dadd
 .text.__aeabi_d2iz
                0x0000000000003c5c       0x40 /Applications/lpcxpresso_8.1.4_606/lpcxpresso/tools/bin/../lib/gcc/arm-none-eabi/5.2.1/armv7e-m/softfp/libcr_eabihelpers.a(double.o)
                0x0000000000003c5c                __aeabi_d2iz
 .text.__bhs_ui2d
                0x0000000000003c9c       0x46 /Applications/lpcxpresso_8.1.4_606/lpcxpresso/tools/bin/../lib/gcc/arm-none-eabi/5.2.1/armv7e-m/softfp/libcr_eabihelpers.a(double.o)
                0x0000000000003c9c                __bhs_ui2d
 .text.__aeabi_i2d
                0x0000000000003ce2       0x10 /Applications/lpcxpresso_8.1.4_606/lpcxpresso/tools/bin/../lib/gcc/arm-none-eabi/5.2.1/armv7e-m/softfp/libcr_eabihelpers.a(double.o)
                0x0000000000003ce2                __aeabi_i2d
 .text.__aeabi_dcmpeq
                0x0000000000003cf2       0x30 /Applications/lpcxpresso_8.1.4_606/lpcxpresso/tools/bin/../lib/gcc/arm-none-eabi/5.2.1/armv7e-m/softfp/libcr_eabihelpers.a(double.o)
                0x0000000000003cf2                __aeabi_dcmpeq
 .text.__aeabi_dcmplt
                0x0000000000003d22       0x58 /Applications/lpcxpresso_8.1.4_606/lpcxpresso/tools/bin/../lib/gcc/arm-none-eabi/5.2.1/armv7e-m/softfp/libcr_eabihelpers.a(double.o)
                0x0000000000003d22                __aeabi_dcmplt
 .text.__aeabi_dcmple
                0x0000000000003d7a       0x54 /Applications/lpcxpresso_8.1.4_606/lpcxpresso/tools/bin/../lib/gcc/arm-none-eabi/5.2.1/armv7e-m/softfp/libcr_eabihelpers.a(double.o)
                0x0000000000003d7a                __aeabi_dcmple
 .text.__aeabi_dcmpge
                0x0000000000003dce       0x54 /Applications/lpcxpresso_8.1.4_606/lpcxpresso/tools/bin/../lib/gcc/arm-none-eabi/5.2.1/armv7e-m/softfp/libcr_eabihelpers.a(double.o)
                0x0000000000003dce                __aeabi_dcmpge
 .text.__aeabi_memset_lowlevel
                0x0000000000003e22       0x32 /Applications/lpcxpresso_8.1.4_606/lpcxpresso/tools/bin/../lib/gcc/arm-none-eabi/5.2.1/armv7e-m/softfp/libcr_eabihelpers.a(memcpy.o)
                0x0000000000003e22                __aeabi_lowlevel_memset
 .text.__sys_appexit
                0x0000000000003e54        0xc /Applications/lpcxpresso_8.1.4_606/lpcxpresso/tools/bin/../lib/gcc/arm-none-eabi/5.2.1/../../../../arm-none-eabi/lib/armv7e-m/softfp/libcr_semihost.a(__sys_appexit.o)
                0x0000000000003e54                __exit
                0x0000000000003e54                __sys_appexit
 .text.__sys_close
                0x0000000000003e60        0xc /Applications/lpcxpresso_8.1.4_606/lpcxpresso/tools/bin/../lib/gcc/arm-none-eabi/5.2.1/../../../../arm-none-eabi/lib/armv7e-m/softfp/libcr_semihost.a(__sys_close.o)
                0x0000000000003e60                __sys_close
 .text.__sys_flen
                0x0000000000003e6c        0xc /Applications/lpcxpresso_8.1.4_606/lpcxpresso/tools/bin/../lib/gcc/arm-none-eabi/5.2.1/../../../../arm-none-eabi/lib/armv7e-m/softfp/libcr_semihost.a(__sys_flen.o)
                0x0000000000003e6c                __sys_flen
 .text.__sys_istty
                0x0000000000003e78        0xc /Applications/lpcxpresso_8.1.4_606/lpcxpresso/tools/bin/../lib/gcc/arm-none-eabi/5.2.1/../../../../arm-none-eabi/lib/armv7e-m/softfp/libcr_semihost.a(__sys_istty.o)
                0x0000000000003e78                __sys_istty
 .text.__sys_remove
                0x0000000000003e84        0xc /Applications/lpcxpresso_8.1.4_606/lpcxpresso/tools/bin/../lib/gcc/arm-none-eabi/5.2.1/../../../../arm-none-eabi/lib/armv7e-m/softfp/libcr_semihost.a(__sys_remove.o)
                0x0000000000003e84                __sys_remove
 .text.__sys_seek
                0x0000000000003e90        0xc /Applications/lpcxpresso_8.1.4_606/lpcxpresso/tools/bin/../lib/gcc/arm-none-eabi/5.2.1/../../../../arm-none-eabi/lib/armv7e-m/softfp/libcr_semihost.a(__sys_seek.o)
                0x0000000000003e90                __sys_seek
 .text.__sys_tmpnam
                0x0000000000003e9c        0xc /Applications/lpcxpresso_8.1.4_606/lpcxpresso/tools/bin/../lib/gcc/arm-none-eabi/5.2.1/../../../../arm-none-eabi/lib/armv7e-m/softfp/libcr_semihost.a(__sys_tmpnam.o)
                0x0000000000003e9c                __sys_tmpnam
 .text.__sys_write
                0x0000000000003ea8        0xc /Applications/lpcxpresso_8.1.4_606/lpcxpresso/tools/bin/../lib/gcc/arm-none-eabi/5.2.1/../../../../arm-none-eabi/lib/armv7e-m/softfp/libcr_semihost.a(__sys_write.o)
                0x0000000000003ea8                __write
                0x0000000000003ea8                __sys_write
 *(.rodata .rodata.* .constdata .constdata.*)
 .rodata        0x0000000000003eb4       0x1b ./example/src/main.o
 *fill*         0x0000000000003ecf        0x1 ff
 .rodata.ledports
                0x0000000000003ed0        0x4 /Users/mortenopprudjakobsen/workspace/ISD/2016/lpc_board_ea_devkit_4088/Debug/liblpc_board_ea_devkit_4088.a(board.o)
 .rodata.ledpins
                0x0000000000003ed4        0x4 /Users/mortenopprudjakobsen/workspace/ISD/2016/lpc_board_ea_devkit_4088/Debug/liblpc_board_ea_devkit_4088.a(board.o)
 .rodata.OscRateIn
                0x0000000000003ed8        0x4 /Users/mortenopprudjakobsen/workspace/ISD/2016/lpc_board_ea_devkit_4088/Debug/liblpc_board_ea_devkit_4088.a(board.o)
                0x0000000000003ed8                OscRateIn
 .rodata.pinmuxing
                0x0000000000003edc       0x88 /Users/mortenopprudjakobsen/workspace/ISD/2016/lpc_board_ea_devkit_4088/Debug/liblpc_board_ea_devkit_4088.a(board_sysinit.o)
 .rodata.IS42S32800D_config
                0x0000000000003f64       0x74 /Users/mortenopprudjakobsen/workspace/ISD/2016/lpc_board_ea_devkit_4088/Debug/liblpc_board_ea_devkit_4088.a(board_sysinit.o)
 .rodata.SST39VF320_config
                0x0000000000003fd8       0x20 /Users/mortenopprudjakobsen/workspace/ISD/2016/lpc_board_ea_devkit_4088/Debug/liblpc_board_ea_devkit_4088.a(board_sysinit.o)
 .rodata.K9F1G_config
                0x0000000000003ff8       0x20 /Users/mortenopprudjakobsen/workspace/ISD/2016/lpc_board_ea_devkit_4088/Debug/liblpc_board_ea_devkit_4088.a(board_sysinit.o)
 .rodata.str1.1
                0x0000000000004018       0x34 /Applications/lpcxpresso_8.1.4_606/lpcxpresso/tools/bin/../lib/gcc/arm-none-eabi/5.2.1/../../../../arm-none-eabi/lib/armv7e-m/softfp/libcr_c.a(fpprintf.o)
                                         0x35 (size before relaxing)
 .rodata.str1.1
                0x000000000000404c        0x4 /Applications/lpcxpresso_8.1.4_606/lpcxpresso/tools/bin/../lib/gcc/arm-none-eabi/5.2.1/../../../../arm-none-eabi/lib/armv7e-m/softfp/libcr_c.a(initio.o)
 .rodata.str1.1
                0x0000000000004050       0x31 /Applications/lpcxpresso_8.1.4_606/lpcxpresso/tools/bin/../lib/gcc/arm-none-eabi/5.2.1/../../../../arm-none-eabi/lib/armv7e-m/softfp/libcr_c.a(printf.o)
                                         0x38 (size before relaxing)
 .rodata.str1.1
                0x0000000000004081       0x18 /Applications/lpcxpresso_8.1.4_606/lpcxpresso/tools/bin/../lib/gcc/arm-none-eabi/5.2.1/../../../../arm-none-eabi/lib/armv7e-m/softfp/libcr_c.a(alloc.o)
 *fill*         0x0000000000004099        0x7 ff
 .rodata.__huge_vall
                0x00000000000040a0        0x8 /Applications/lpcxpresso_8.1.4_606/lpcxpresso/tools/bin/../lib/gcc/arm-none-eabi/5.2.1/../../../../arm-none-eabi/lib/armv7e-m/softfp/libcr_c.a(_hugeval.o)
                0x00000000000040a0                __huge_vall
                0x00000000000040a8                . = ALIGN (0x4)

.glue_7         0x00000000000040a8        0x0
 .glue_7        0x00000000000040a8        0x0 linker stubs

.glue_7t        0x00000000000040a8        0x0
 .glue_7t       0x00000000000040a8        0x0 linker stubs

.vfp11_veneer   0x00000000000040a8        0x0
 .vfp11_veneer  0x00000000000040a8        0x0 linker stubs

.v4_bx          0x00000000000040a8        0x0
 .v4_bx         0x00000000000040a8        0x0 linker stubs

.iplt           0x00000000000040a8        0x0
 .iplt          0x00000000000040a8        0x0 ./example/src/cr_startup_lpc40xx.o

.rel.dyn        0x00000000000040a8        0x0
 .rel.iplt      0x00000000000040a8        0x0 ./example/src/cr_startup_lpc40xx.o

.ARM.extab
 *(.ARM.extab* .gnu.linkonce.armextab.*)
                0x00000000000040a8                __exidx_start = .

.ARM.exidx
 *(.ARM.exidx* .gnu.linkonce.armexidx.*)
                0x00000000000040a8                __exidx_end = .
                0x00000000000040a8                _etext = .

.data_RAM2      0x0000000020000000        0x0 load address 0x00000000000040a8
 FILL mask 0xff
                [!provide]                        PROVIDE (__start_data_RAM2, .)
 *(.ramfunc.$RAM2)
 *(.ramfunc.$RamPeriph32)
 *(.data.$RAM2*)
 *(.data.$RamPeriph32*)
                0x0000000020000000                . = ALIGN (0x4)
                [!provide]                        PROVIDE (__end_data_RAM2, .)

.uninit_RESERVED
                0x0000000010000000        0x0
 *(.bss.$RESERVED*)
                0x0000000010000000                . = ALIGN (0x4)
                0x0000000010000000                _end_uninit_RESERVED = .

.data           0x0000000010000000        0x0 load address 0x00000000000040a8
 FILL mask 0xff
                0x0000000010000000                _data = .
 *(vtable)
 *(.ramfunc*)
 *(.data*)
                0x0000000010000000                . = ALIGN (0x4)
                0x0000000010000000                _edata = .

.igot.plt       0x0000000010000000        0x0 load address 0x00000000000040a8
 .igot.plt      0x0000000010000000        0x0 ./example/src/cr_startup_lpc40xx.o

.bss_RAM2       0x0000000020000000        0x0
                [!provide]                        PROVIDE (__start_bss_RAM2, .)
 *(.bss.$RAM2*)
 *(.bss.$RamPeriph32*)
                0x0000000020000000                . = ALIGN ((. != 0x0)?0x4:0x1)
                [!provide]                        PROVIDE (__end_bss_RAM2, .)

.bss            0x0000000010000000      0x158
                0x0000000010000000                _bss = .
 *(.bss*)
 .bss.msCount   0x0000000010000000        0x4 ./example/src/ms_timer.o
 .bss._extra    0x0000000010000004        0x4 /Applications/lpcxpresso_8.1.4_606/lpcxpresso/tools/bin/../lib/gcc/arm-none-eabi/5.2.1/../../../../arm-none-eabi/lib/armv7e-m/softfp/libcr_c.a(initio.o)
                0x0000000010000004                _extra
 .bss.__Ciob    0x0000000010000008      0x140 /Applications/lpcxpresso_8.1.4_606/lpcxpresso/tools/bin/../lib/gcc/arm-none-eabi/5.2.1/../../../../arm-none-eabi/lib/armv7e-m/softfp/libcr_c.a(stdio.o)
                0x0000000010000008                __Ciob
 .bss.errno     0x0000000010000148        0x4 /Applications/lpcxpresso_8.1.4_606/lpcxpresso/tools/bin/../lib/gcc/arm-none-eabi/5.2.1/../../../../arm-none-eabi/lib/armv7e-m/softfp/libcr_c.a(errno.o)
                0x0000000010000148                errno
 .bss.__heaps   0x000000001000014c        0x4 /Applications/lpcxpresso_8.1.4_606/lpcxpresso/tools/bin/../lib/gcc/arm-none-eabi/5.2.1/../../../../arm-none-eabi/lib/armv7e-m/softfp/libcr_c.a(__init_alloc.o)
                0x000000001000014c                __heaps
 .bss.__end_of_heap
                0x0000000010000150        0x4 /Applications/lpcxpresso_8.1.4_606/lpcxpresso/tools/bin/../lib/gcc/arm-none-eabi/5.2.1/../../../../arm-none-eabi/lib/armv7e-m/softfp/libcr_c.a(__init_alloc.o)
                0x0000000010000150                __end_of_heap
 *(COMMON)
 COMMON         0x0000000010000154        0x4 /Users/mortenopprudjakobsen/workspace/ISD/2016/lpc_chip_40xx/Debug/liblpc_chip_40xx.a(chip_17xx_40xx.o)
                0x0000000010000154                SystemCoreClock
                0x0000000010000158                . = ALIGN (0x4)
                0x0000000010000158                _ebss = .
                [!provide]                        PROVIDE (end, .)

.noinit_RAM2    0x0000000020000000        0x0
 *(.noinit.$RAM2*)
 *(.noinit.$RamPeriph32*)
                0x0000000020000000                . = ALIGN (0x4)

.noinit         0x0000000010000158        0x0
                0x0000000010000158                _noinit = .
 *(.noinit*)
                0x0000000010000158                . = ALIGN (0x4)
                0x0000000010000158                _end_noinit = .
                0x0000000010000158                PROVIDE (_pvHeapStart, DEFINED (__user_heap_base)?__user_heap_base:.)
                0x0000000010010000                PROVIDE (_vStackTop, DEFINED (__user_stack_top)?__user_stack_top:(__top_RamLoc64 - 0x0))
                [!provide]                        PROVIDE (__valid_user_code_checksum, (0x0 - ((((((_vStackTop + (ResetISR + 0x1)) + (NMI_Handler + 0x1)) + (HardFault_Handler + 0x1)) + (DEFINED (MemManage_Handler)?MemManage_Handler:0x0 + 0x1)) + (DEFINED (BusFault_Handler)?BusFault_Handler:0x0 + 0x1)) + (DEFINED (UsageFault_Handler)?UsageFault_Handler:0x0 + 0x1))))
OUTPUT(E3ISD1_printf.axf elf32-littlearm)

.debug_info     0x0000000000000000     0x6243
 .debug_info    0x0000000000000000      0x25d ./example/src/cr_startup_lpc40xx.o
 .debug_info    0x000000000000025d      0x240 ./example/src/main.o
 .debug_info    0x000000000000049d      0x8fd ./example/src/ms_timer.o
 .debug_info    0x0000000000000d9a      0x110 ./example/src/sysinit.o
 .debug_info    0x0000000000000eaa     0x1af9 /Users/mortenopprudjakobsen/workspace/ISD/2016/lpc_board_ea_devkit_4088/Debug/liblpc_board_ea_devkit_4088.a(board.o)
 .debug_info    0x00000000000029a3      0xa07 /Users/mortenopprudjakobsen/workspace/ISD/2016/lpc_board_ea_devkit_4088/Debug/liblpc_board_ea_devkit_4088.a(board_sysinit.o)
 .debug_info    0x00000000000033aa      0x5ea /Users/mortenopprudjakobsen/workspace/ISD/2016/lpc_chip_40xx/Debug/liblpc_chip_40xx.a(chip_17xx_40xx.o)
 .debug_info    0x0000000000003994      0xb75 /Users/mortenopprudjakobsen/workspace/ISD/2016/lpc_chip_40xx/Debug/liblpc_chip_40xx.a(clock_17xx_40xx.o)
 .debug_info    0x0000000000004509      0xc47 /Users/mortenopprudjakobsen/workspace/ISD/2016/lpc_chip_40xx/Debug/liblpc_chip_40xx.a(emc_17xx_40xx.o)
 .debug_info    0x0000000000005150      0x128 /Users/mortenopprudjakobsen/workspace/ISD/2016/lpc_chip_40xx/Debug/liblpc_chip_40xx.a(fpu_init.o)
 .debug_info    0x0000000000005278      0x1f9 /Users/mortenopprudjakobsen/workspace/ISD/2016/lpc_chip_40xx/Debug/liblpc_chip_40xx.a(iocon_17xx_40xx.o)
 .debug_info    0x0000000000005471      0x502 /Users/mortenopprudjakobsen/workspace/ISD/2016/lpc_chip_40xx/Debug/liblpc_chip_40xx.a(sysctl_17xx_40xx.o)
 .debug_info    0x0000000000005973      0x4dc /Users/mortenopprudjakobsen/workspace/ISD/2016/lpc_chip_40xx/Debug/liblpc_chip_40xx.a(sysinit_17xx_40xx.o)
 .debug_info    0x0000000000005e4f      0x3f4 /Users/mortenopprudjakobsen/workspace/ISD/2016/lpc_chip_40xx/Debug/liblpc_chip_40xx.a(timer_17xx_40xx.o)

.debug_abbrev   0x0000000000000000     0x167c
 .debug_abbrev  0x0000000000000000       0xf5 ./example/src/cr_startup_lpc40xx.o
 .debug_abbrev  0x00000000000000f5      0x147 ./example/src/main.o
 .debug_abbrev  0x000000000000023c      0x229 ./example/src/ms_timer.o
 .debug_abbrev  0x0000000000000465       0xa3 ./example/src/sysinit.o
 .debug_abbrev  0x0000000000000508      0x36a /Users/mortenopprudjakobsen/workspace/ISD/2016/lpc_board_ea_devkit_4088/Debug/liblpc_board_ea_devkit_4088.a(board.o)
 .debug_abbrev  0x0000000000000872      0x234 /Users/mortenopprudjakobsen/workspace/ISD/2016/lpc_board_ea_devkit_4088/Debug/liblpc_board_ea_devkit_4088.a(board_sysinit.o)
 .debug_abbrev  0x0000000000000aa6      0x15e /Users/mortenopprudjakobsen/workspace/ISD/2016/lpc_chip_40xx/Debug/liblpc_chip_40xx.a(chip_17xx_40xx.o)
 .debug_abbrev  0x0000000000000c04      0x2b4 /Users/mortenopprudjakobsen/workspace/ISD/2016/lpc_chip_40xx/Debug/liblpc_chip_40xx.a(clock_17xx_40xx.o)
 .debug_abbrev  0x0000000000000eb8      0x1fb /Users/mortenopprudjakobsen/workspace/ISD/2016/lpc_chip_40xx/Debug/liblpc_chip_40xx.a(emc_17xx_40xx.o)
 .debug_abbrev  0x00000000000010b3       0x84 /Users/mortenopprudjakobsen/workspace/ISD/2016/lpc_chip_40xx/Debug/liblpc_chip_40xx.a(fpu_init.o)
 .debug_abbrev  0x0000000000001137      0x122 /Users/mortenopprudjakobsen/workspace/ISD/2016/lpc_chip_40xx/Debug/liblpc_chip_40xx.a(iocon_17xx_40xx.o)
 .debug_abbrev  0x0000000000001259      0x14b /Users/mortenopprudjakobsen/workspace/ISD/2016/lpc_chip_40xx/Debug/liblpc_chip_40xx.a(sysctl_17xx_40xx.o)
 .debug_abbrev  0x00000000000013a4      0x175 /Users/mortenopprudjakobsen/workspace/ISD/2016/lpc_chip_40xx/Debug/liblpc_chip_40xx.a(sysinit_17xx_40xx.o)
 .debug_abbrev  0x0000000000001519      0x163 /Users/mortenopprudjakobsen/workspace/ISD/2016/lpc_chip_40xx/Debug/liblpc_chip_40xx.a(timer_17xx_40xx.o)

.debug_aranges  0x0000000000000000      0x698
 .debug_aranges
                0x0000000000000000       0x80 ./example/src/cr_startup_lpc40xx.o
 .debug_aranges
                0x0000000000000080       0x38 ./example/src/main.o
 .debug_aranges
                0x00000000000000b8       0xb0 ./example/src/ms_timer.o
 .debug_aranges
                0x0000000000000168       0x20 ./example/src/sysinit.o
 .debug_aranges
                0x0000000000000188      0x1c8 /Users/mortenopprudjakobsen/workspace/ISD/2016/lpc_board_ea_devkit_4088/Debug/liblpc_board_ea_devkit_4088.a(board.o)
 .debug_aranges
                0x0000000000000350       0x50 /Users/mortenopprudjakobsen/workspace/ISD/2016/lpc_board_ea_devkit_4088/Debug/liblpc_board_ea_devkit_4088.a(board_sysinit.o)
 .debug_aranges
                0x00000000000003a0       0x30 /Users/mortenopprudjakobsen/workspace/ISD/2016/lpc_chip_40xx/Debug/liblpc_chip_40xx.a(chip_17xx_40xx.o)
 .debug_aranges
                0x00000000000003d0      0x138 /Users/mortenopprudjakobsen/workspace/ISD/2016/lpc_chip_40xx/Debug/liblpc_chip_40xx.a(clock_17xx_40xx.o)
 .debug_aranges
                0x0000000000000508       0x80 /Users/mortenopprudjakobsen/workspace/ISD/2016/lpc_chip_40xx/Debug/liblpc_chip_40xx.a(emc_17xx_40xx.o)
 .debug_aranges
                0x0000000000000588       0x20 /Users/mortenopprudjakobsen/workspace/ISD/2016/lpc_chip_40xx/Debug/liblpc_chip_40xx.a(fpu_init.o)
 .debug_aranges
                0x00000000000005a8       0x28 /Users/mortenopprudjakobsen/workspace/ISD/2016/lpc_chip_40xx/Debug/liblpc_chip_40xx.a(iocon_17xx_40xx.o)
 .debug_aranges
                0x00000000000005d0       0x28 /Users/mortenopprudjakobsen/workspace/ISD/2016/lpc_chip_40xx/Debug/liblpc_chip_40xx.a(sysctl_17xx_40xx.o)
 .debug_aranges
                0x00000000000005f8       0x60 /Users/mortenopprudjakobsen/workspace/ISD/2016/lpc_chip_40xx/Debug/liblpc_chip_40xx.a(sysinit_17xx_40xx.o)
 .debug_aranges
                0x0000000000000658       0x40 /Users/mortenopprudjakobsen/workspace/ISD/2016/lpc_chip_40xx/Debug/liblpc_chip_40xx.a(timer_17xx_40xx.o)

.debug_ranges   0x0000000000000000      0x5b8
 .debug_ranges  0x0000000000000000       0x70 ./example/src/cr_startup_lpc40xx.o
 .debug_ranges  0x0000000000000070       0x28 ./example/src/main.o
 .debug_ranges  0x0000000000000098       0xa0 ./example/src/ms_timer.o
 .debug_ranges  0x0000000000000138       0x10 ./example/src/sysinit.o
 .debug_ranges  0x0000000000000148      0x1b8 /Users/mortenopprudjakobsen/workspace/ISD/2016/lpc_board_ea_devkit_4088/Debug/liblpc_board_ea_devkit_4088.a(board.o)
 .debug_ranges  0x0000000000000300       0x40 /Users/mortenopprudjakobsen/workspace/ISD/2016/lpc_board_ea_devkit_4088/Debug/liblpc_board_ea_devkit_4088.a(board_sysinit.o)
 .debug_ranges  0x0000000000000340       0x20 /Users/mortenopprudjakobsen/workspace/ISD/2016/lpc_chip_40xx/Debug/liblpc_chip_40xx.a(chip_17xx_40xx.o)
 .debug_ranges  0x0000000000000360      0x128 /Users/mortenopprudjakobsen/workspace/ISD/2016/lpc_chip_40xx/Debug/liblpc_chip_40xx.a(clock_17xx_40xx.o)
 .debug_ranges  0x0000000000000488       0x70 /Users/mortenopprudjakobsen/workspace/ISD/2016/lpc_chip_40xx/Debug/liblpc_chip_40xx.a(emc_17xx_40xx.o)
 .debug_ranges  0x00000000000004f8       0x10 /Users/mortenopprudjakobsen/workspace/ISD/2016/lpc_chip_40xx/Debug/liblpc_chip_40xx.a(fpu_init.o)
 .debug_ranges  0x0000000000000508       0x18 /Users/mortenopprudjakobsen/workspace/ISD/2016/lpc_chip_40xx/Debug/liblpc_chip_40xx.a(iocon_17xx_40xx.o)
 .debug_ranges  0x0000000000000520       0x18 /Users/mortenopprudjakobsen/workspace/ISD/2016/lpc_chip_40xx/Debug/liblpc_chip_40xx.a(sysctl_17xx_40xx.o)
 .debug_ranges  0x0000000000000538       0x50 /Users/mortenopprudjakobsen/workspace/ISD/2016/lpc_chip_40xx/Debug/liblpc_chip_40xx.a(sysinit_17xx_40xx.o)
 .debug_ranges  0x0000000000000588       0x30 /Users/mortenopprudjakobsen/workspace/ISD/2016/lpc_chip_40xx/Debug/liblpc_chip_40xx.a(timer_17xx_40xx.o)

.debug_macro    0x0000000000000000     0x6803
 .debug_macro   0x0000000000000000       0x1d ./example/src/cr_startup_lpc40xx.o
 .debug_macro   0x000000000000001d      0x89e ./example/src/cr_startup_lpc40xx.o
 .debug_macro   0x00000000000008bb      0x2ac ./example/src/main.o
 .debug_macro   0x0000000000000b67       0x10 ./example/src/main.o
 .debug_macro   0x0000000000000b77      0x12d ./example/src/main.o
 .debug_macro   0x0000000000000ca4      0x5b2 ./example/src/main.o
 .debug_macro   0x0000000000001256       0x22 ./example/src/main.o
 .debug_macro   0x0000000000001278       0x7b ./example/src/main.o
 .debug_macro   0x00000000000012f3       0x16 ./example/src/main.o
 .debug_macro   0x0000000000001309       0x2d ./example/src/main.o
 .debug_macro   0x0000000000001336       0x3b ./example/src/main.o
 .debug_macro   0x0000000000001371       0x2d ./example/src/main.o
 .debug_macro   0x000000000000139e       0x42 ./example/src/main.o
 .debug_macro   0x00000000000013e0      0xd39 ./example/src/main.o
 .debug_macro   0x0000000000002119      0x295 ./example/src/main.o
 .debug_macro   0x00000000000023ae       0x50 ./example/src/main.o
 .debug_macro   0x00000000000023fe       0x34 ./example/src/main.o
 .debug_macro   0x0000000000002432      0x152 ./example/src/main.o
 .debug_macro   0x0000000000002584       0x82 ./example/src/main.o
 .debug_macro   0x0000000000002606      0x48c ./example/src/main.o
 .debug_macro   0x0000000000002a92      0x12d ./example/src/main.o
 .debug_macro   0x0000000000002bbf       0x6a ./example/src/main.o
 .debug_macro   0x0000000000002c29       0x34 ./example/src/main.o
 .debug_macro   0x0000000000002c5d       0x58 ./example/src/main.o
 .debug_macro   0x0000000000002cb5      0x236 ./example/src/main.o
 .debug_macro   0x0000000000002eeb      0x4c5 ./example/src/main.o
 .debug_macro   0x00000000000033b0      0x1da ./example/src/main.o
 .debug_macro   0x000000000000358a       0x10 ./example/src/main.o
 .debug_macro   0x000000000000359a      0x21b ./example/src/main.o
 .debug_macro   0x00000000000037b5      0x1b9 ./example/src/main.o
 .debug_macro   0x000000000000396e       0x2e ./example/src/main.o
 .debug_macro   0x000000000000399c       0x40 ./example/src/main.o
 .debug_macro   0x00000000000039dc      0x209 ./example/src/main.o
 .debug_macro   0x0000000000003be5      0x2b3 ./example/src/main.o
 .debug_macro   0x0000000000003e98      0x34c ./example/src/main.o
 .debug_macro   0x00000000000041e4       0xb2 ./example/src/main.o
 .debug_macro   0x0000000000004296       0x16 ./example/src/main.o
 .debug_macro   0x00000000000042ac       0xb8 ./example/src/main.o
 .debug_macro   0x0000000000004364       0x4c ./example/src/main.o
 .debug_macro   0x00000000000043b0       0x16 ./example/src/main.o
 .debug_macro   0x00000000000043c6      0x328 ./example/src/main.o
 .debug_macro   0x00000000000046ee       0x3a ./example/src/main.o
 .debug_macro   0x0000000000004728       0x16 ./example/src/main.o
 .debug_macro   0x000000000000473e       0xca ./example/src/main.o
 .debug_macro   0x0000000000004808       0x18 ./example/src/main.o
 .debug_macro   0x0000000000004820       0x16 ./example/src/main.o
 .debug_macro   0x0000000000004836       0x8e ./example/src/main.o
 .debug_macro   0x00000000000048c4      0x124 ./example/src/main.o
 .debug_macro   0x00000000000049e8       0x6c ./example/src/main.o
 .debug_macro   0x0000000000004a54       0x9a ./example/src/main.o
 .debug_macro   0x0000000000004aee       0x20 ./example/src/main.o
 .debug_macro   0x0000000000004b0e       0x2e ./example/src/main.o
 .debug_macro   0x0000000000004b3c      0x2a8 ./example/src/ms_timer.o
 .debug_macro   0x0000000000004de4       0xa0 ./example/src/ms_timer.o
 .debug_macro   0x0000000000004e84       0x74 ./example/src/ms_timer.o
 .debug_macro   0x0000000000004ef8      0x296 ./example/src/sysinit.o
 .debug_macro   0x000000000000518e      0x3ce /Users/mortenopprudjakobsen/workspace/ISD/2016/lpc_board_ea_devkit_4088/Debug/liblpc_board_ea_devkit_4088.a(board.o)
 .debug_macro   0x000000000000555c       0x12 /Users/mortenopprudjakobsen/workspace/ISD/2016/lpc_board_ea_devkit_4088/Debug/liblpc_board_ea_devkit_4088.a(board.o)
 .debug_macro   0x000000000000556e      0x29c /Users/mortenopprudjakobsen/workspace/ISD/2016/lpc_board_ea_devkit_4088/Debug/liblpc_board_ea_devkit_4088.a(board_sysinit.o)
 .debug_macro   0x000000000000580a      0x22c /Users/mortenopprudjakobsen/workspace/ISD/2016/lpc_chip_40xx/Debug/liblpc_chip_40xx.a(chip_17xx_40xx.o)
 .debug_macro   0x0000000000005a36      0x22c /Users/mortenopprudjakobsen/workspace/ISD/2016/lpc_chip_40xx/Debug/liblpc_chip_40xx.a(clock_17xx_40xx.o)
 .debug_macro   0x0000000000005c62      0x232 /Users/mortenopprudjakobsen/workspace/ISD/2016/lpc_chip_40xx/Debug/liblpc_chip_40xx.a(emc_17xx_40xx.o)
 .debug_macro   0x0000000000005e94       0xbf /Users/mortenopprudjakobsen/workspace/ISD/2016/lpc_chip_40xx/Debug/liblpc_chip_40xx.a(fpu_init.o)
 .debug_macro   0x0000000000005f53      0x22c /Users/mortenopprudjakobsen/workspace/ISD/2016/lpc_chip_40xx/Debug/liblpc_chip_40xx.a(iocon_17xx_40xx.o)
 .debug_macro   0x000000000000617f      0x22c /Users/mortenopprudjakobsen/workspace/ISD/2016/lpc_chip_40xx/Debug/liblpc_chip_40xx.a(sysctl_17xx_40xx.o)
 .debug_macro   0x00000000000063ab      0x22c /Users/mortenopprudjakobsen/workspace/ISD/2016/lpc_chip_40xx/Debug/liblpc_chip_40xx.a(sysinit_17xx_40xx.o)
 .debug_macro   0x00000000000065d7      0x22c /Users/mortenopprudjakobsen/workspace/ISD/2016/lpc_chip_40xx/Debug/liblpc_chip_40xx.a(timer_17xx_40xx.o)

.debug_line     0x0000000000000000     0x4d9b
 .debug_line    0x0000000000000000       0xe1 ./example/src/cr_startup_lpc40xx.o
 .debug_line    0x00000000000000e1      0x5d1 ./example/src/main.o
 .debug_line    0x00000000000006b2      0x6ed ./example/src/ms_timer.o
 .debug_line    0x0000000000000d9f      0x579 ./example/src/sysinit.o
 .debug_line    0x0000000000001318      0xb74 /Users/mortenopprudjakobsen/workspace/ISD/2016/lpc_board_ea_devkit_4088/Debug/liblpc_board_ea_devkit_4088.a(board.o)
 .debug_line    0x0000000000001e8c      0x62a /Users/mortenopprudjakobsen/workspace/ISD/2016/lpc_board_ea_devkit_4088/Debug/liblpc_board_ea_devkit_4088.a(board_sysinit.o)
 .debug_line    0x00000000000024b6      0x4df /Users/mortenopprudjakobsen/workspace/ISD/2016/lpc_chip_40xx/Debug/liblpc_chip_40xx.a(chip_17xx_40xx.o)
 .debug_line    0x0000000000002995      0x79f /Users/mortenopprudjakobsen/workspace/ISD/2016/lpc_chip_40xx/Debug/liblpc_chip_40xx.a(clock_17xx_40xx.o)
 .debug_line    0x0000000000003134      0x658 /Users/mortenopprudjakobsen/workspace/ISD/2016/lpc_chip_40xx/Debug/liblpc_chip_40xx.a(emc_17xx_40xx.o)
 .debug_line    0x000000000000378c      0x201 /Users/mortenopprudjakobsen/workspace/ISD/2016/lpc_chip_40xx/Debug/liblpc_chip_40xx.a(fpu_init.o)
 .debug_line    0x000000000000398d      0x4d2 /Users/mortenopprudjakobsen/workspace/ISD/2016/lpc_chip_40xx/Debug/liblpc_chip_40xx.a(iocon_17xx_40xx.o)
 .debug_line    0x0000000000003e5f      0x4c4 /Users/mortenopprudjakobsen/workspace/ISD/2016/lpc_chip_40xx/Debug/liblpc_chip_40xx.a(sysctl_17xx_40xx.o)
 .debug_line    0x0000000000004323      0x56e /Users/mortenopprudjakobsen/workspace/ISD/2016/lpc_chip_40xx/Debug/liblpc_chip_40xx.a(sysinit_17xx_40xx.o)
 .debug_line    0x0000000000004891      0x50a /Users/mortenopprudjakobsen/workspace/ISD/2016/lpc_chip_40xx/Debug/liblpc_chip_40xx.a(timer_17xx_40xx.o)

.debug_str      0x0000000000000000    0x1a29c
 .debug_str     0x0000000000000000     0x271b ./example/src/cr_startup_lpc40xx.o
                                       0x272e (size before relaxing)
 .debug_str     0x000000000000271b    0x14951 ./example/src/main.o
                                      0x16fa6 (size before relaxing)
 .debug_str     0x000000000001706c      0x693 ./example/src/ms_timer.o
                                      0x175d3 (size before relaxing)
 .debug_str     0x00000000000176ff       0x19 ./example/src/sysinit.o
                                      0x16f0f (size before relaxing)
 .debug_str     0x0000000000017718     0x156d /Users/mortenopprudjakobsen/workspace/ISD/2016/lpc_board_ea_devkit_4088/Debug/liblpc_board_ea_devkit_4088.a(board.o)
                                      0x18712 (size before relaxing)
 .debug_str     0x0000000000018c85      0x67b /Users/mortenopprudjakobsen/workspace/ISD/2016/lpc_board_ea_devkit_4088/Debug/liblpc_board_ea_devkit_4088.a(board_sysinit.o)
                                      0x17a72 (size before relaxing)
 .debug_str     0x0000000000019300      0x139 /Users/mortenopprudjakobsen/workspace/ISD/2016/lpc_chip_40xx/Debug/liblpc_chip_40xx.a(chip_17xx_40xx.o)
                                      0x168f9 (size before relaxing)
 .debug_str     0x0000000000019439      0x631 /Users/mortenopprudjakobsen/workspace/ISD/2016/lpc_chip_40xx/Debug/liblpc_chip_40xx.a(clock_17xx_40xx.o)
                                      0x16d80 (size before relaxing)
 .debug_str     0x0000000000019a6a      0x4a5 /Users/mortenopprudjakobsen/workspace/ISD/2016/lpc_chip_40xx/Debug/liblpc_chip_40xx.a(emc_17xx_40xx.o)
                                      0x16930 (size before relaxing)
 .debug_str     0x0000000000019f0f       0xb5 /Users/mortenopprudjakobsen/workspace/ISD/2016/lpc_chip_40xx/Debug/liblpc_chip_40xx.a(fpu_init.o)
                                       0x9965 (size before relaxing)
 .debug_str     0x0000000000019fc4       0x46 /Users/mortenopprudjakobsen/workspace/ISD/2016/lpc_chip_40xx/Debug/liblpc_chip_40xx.a(iocon_17xx_40xx.o)
                                      0x16290 (size before relaxing)
 .debug_str     0x000000000001a00a       0x87 /Users/mortenopprudjakobsen/workspace/ISD/2016/lpc_chip_40xx/Debug/liblpc_chip_40xx.a(sysctl_17xx_40xx.o)
                                      0x16683 (size before relaxing)
 .debug_str     0x000000000001a091       0xda /Users/mortenopprudjakobsen/workspace/ISD/2016/lpc_chip_40xx/Debug/liblpc_chip_40xx.a(sysinit_17xx_40xx.o)
                                      0x1655c (size before relaxing)
 .debug_str     0x000000000001a16b      0x131 /Users/mortenopprudjakobsen/workspace/ISD/2016/lpc_chip_40xx/Debug/liblpc_chip_40xx.a(timer_17xx_40xx.o)
                                      0x1660d (size before relaxing)

.comment        0x0000000000000000       0x6e
 .comment       0x0000000000000000       0x6e ./example/src/cr_startup_lpc40xx.o
                                         0x6f (size before relaxing)
 .comment       0x000000000000006e       0x6f ./example/src/main.o
 .comment       0x000000000000006e       0x6f ./example/src/ms_timer.o
 .comment       0x000000000000006e       0x6f ./example/src/sysinit.o
 .comment       0x000000000000006e       0x6f /Users/mortenopprudjakobsen/workspace/ISD/2016/lpc_board_ea_devkit_4088/Debug/liblpc_board_ea_devkit_4088.a(board.o)
 .comment       0x000000000000006e       0x6f /Users/mortenopprudjakobsen/workspace/ISD/2016/lpc_board_ea_devkit_4088/Debug/liblpc_board_ea_devkit_4088.a(board_sysinit.o)
 .comment       0x000000000000006e       0x6f /Users/mortenopprudjakobsen/workspace/ISD/2016/lpc_chip_40xx/Debug/liblpc_chip_40xx.a(chip_17xx_40xx.o)
 .comment       0x000000000000006e       0x6f /Users/mortenopprudjakobsen/workspace/ISD/2016/lpc_chip_40xx/Debug/liblpc_chip_40xx.a(clock_17xx_40xx.o)
 .comment       0x000000000000006e       0x6f /Users/mortenopprudjakobsen/workspace/ISD/2016/lpc_chip_40xx/Debug/liblpc_chip_40xx.a(emc_17xx_40xx.o)
 .comment       0x000000000000006e       0x6f /Users/mortenopprudjakobsen/workspace/ISD/2016/lpc_chip_40xx/Debug/liblpc_chip_40xx.a(fpu_init.o)
 .comment       0x000000000000006e       0x6f /Users/mortenopprudjakobsen/workspace/ISD/2016/lpc_chip_40xx/Debug/liblpc_chip_40xx.a(iocon_17xx_40xx.o)
 .comment       0x000000000000006e       0x6f /Users/mortenopprudjakobsen/workspace/ISD/2016/lpc_chip_40xx/Debug/liblpc_chip_40xx.a(sysctl_17xx_40xx.o)
 .comment       0x000000000000006e       0x6f /Users/mortenopprudjakobsen/workspace/ISD/2016/lpc_chip_40xx/Debug/liblpc_chip_40xx.a(sysinit_17xx_40xx.o)
 .comment       0x000000000000006e       0x6f /Users/mortenopprudjakobsen/workspace/ISD/2016/lpc_chip_40xx/Debug/liblpc_chip_40xx.a(timer_17xx_40xx.o)
 .comment       0x000000000000006e       0x6f /Applications/lpcxpresso_8.1.4_606/lpcxpresso/tools/bin/../lib/gcc/arm-none-eabi/5.2.1/../../../../arm-none-eabi/lib/armv7e-m/softfp/libcr_semihost.a(_cr__main.o)
 .comment       0x000000000000006e       0x6f /Applications/lpcxpresso_8.1.4_606/lpcxpresso/tools/bin/../lib/gcc/arm-none-eabi/5.2.1/../../../../arm-none-eabi/lib/armv7e-m/softfp/libcr_c.a(fpprintf.o)
 .comment       0x000000000000006e       0x6f /Applications/lpcxpresso_8.1.4_606/lpcxpresso/tools/bin/../lib/gcc/arm-none-eabi/5.2.1/../../../../arm-none-eabi/lib/armv7e-m/softfp/libcr_c.a(initio.o)
 .comment       0x000000000000006e       0x6f /Applications/lpcxpresso_8.1.4_606/lpcxpresso/tools/bin/../lib/gcc/arm-none-eabi/5.2.1/../../../../arm-none-eabi/lib/armv7e-m/softfp/libcr_c.a(printf.o)
 .comment       0x000000000000006e       0x6f /Applications/lpcxpresso_8.1.4_606/lpcxpresso/tools/bin/../lib/gcc/arm-none-eabi/5.2.1/../../../../arm-none-eabi/lib/armv7e-m/softfp/libcr_c.a(setvbuf.o)
 .comment       0x000000000000006e       0x6f /Applications/lpcxpresso_8.1.4_606/lpcxpresso/tools/bin/../lib/gcc/arm-none-eabi/5.2.1/../../../../arm-none-eabi/lib/armv7e-m/softfp/libcr_c.a(stdio.o)
 .comment       0x000000000000006e       0x6f /Applications/lpcxpresso_8.1.4_606/lpcxpresso/tools/bin/../lib/gcc/arm-none-eabi/5.2.1/../../../../arm-none-eabi/lib/armv7e-m/softfp/libcr_c.a(strlen.o)
 .comment       0x000000000000006e       0x6f /Applications/lpcxpresso_8.1.4_606/lpcxpresso/tools/bin/../lib/gcc/arm-none-eabi/5.2.1/../../../../arm-none-eabi/lib/armv7e-m/softfp/libcr_c.a(memset.o)
 .comment       0x000000000000006e       0x6f /Applications/lpcxpresso_8.1.4_606/lpcxpresso/tools/bin/../lib/gcc/arm-none-eabi/5.2.1/../../../../arm-none-eabi/lib/armv7e-m/softfp/libcr_c.a(_deferredlazyseek.o)
 .comment       0x000000000000006e       0x6f /Applications/lpcxpresso_8.1.4_606/lpcxpresso/tools/bin/../lib/gcc/arm-none-eabi/5.2.1/../../../../arm-none-eabi/lib/armv7e-m/softfp/libcr_c.a(_fdopen.o)
 .comment       0x000000000000006e       0x6f /Applications/lpcxpresso_8.1.4_606/lpcxpresso/tools/bin/../lib/gcc/arm-none-eabi/5.2.1/../../../../arm-none-eabi/lib/armv7e-m/softfp/libcr_c.a(_fflush.o)
 .comment       0x000000000000006e       0x6f /Applications/lpcxpresso_8.1.4_606/lpcxpresso/tools/bin/../lib/gcc/arm-none-eabi/5.2.1/../../../../arm-none-eabi/lib/armv7e-m/softfp/libcr_c.a(_frexpl.o)
 .comment       0x000000000000006e       0x6f /Applications/lpcxpresso_8.1.4_606/lpcxpresso/tools/bin/../lib/gcc/arm-none-eabi/5.2.1/../../../../arm-none-eabi/lib/armv7e-m/softfp/libcr_c.a(_ldexpl.o)
 .comment       0x000000000000006e       0x6f /Applications/lpcxpresso_8.1.4_606/lpcxpresso/tools/bin/../lib/gcc/arm-none-eabi/5.2.1/../../../../arm-none-eabi/lib/armv7e-m/softfp/libcr_c.a(_writebuf.o)
 .comment       0x000000000000006e       0x6f /Applications/lpcxpresso_8.1.4_606/lpcxpresso/tools/bin/../lib/gcc/arm-none-eabi/5.2.1/../../../../arm-none-eabi/lib/armv7e-m/softfp/libcr_c.a(alloc.o)
 .comment       0x000000000000006e       0x6f /Applications/lpcxpresso_8.1.4_606/lpcxpresso/tools/bin/../lib/gcc/arm-none-eabi/5.2.1/../../../../arm-none-eabi/lib/armv7e-m/softfp/libcr_c.a(errno.o)
 .comment       0x000000000000006e       0x6f /Applications/lpcxpresso_8.1.4_606/lpcxpresso/tools/bin/../lib/gcc/arm-none-eabi/5.2.1/../../../../arm-none-eabi/lib/armv7e-m/softfp/libcr_c.a(fclose.o)
 .comment       0x000000000000006e       0x6f /Applications/lpcxpresso_8.1.4_606/lpcxpresso/tools/bin/../lib/gcc/arm-none-eabi/5.2.1/../../../../arm-none-eabi/lib/armv7e-m/softfp/libcr_c.a(fflush.o)
 .comment       0x000000000000006e       0x6f /Applications/lpcxpresso_8.1.4_606/lpcxpresso/tools/bin/../lib/gcc/arm-none-eabi/5.2.1/../../../../arm-none-eabi/lib/armv7e-m/softfp/libcr_c.a(fseek.o)
 .comment       0x000000000000006e       0x6f /Applications/lpcxpresso_8.1.4_606/lpcxpresso/tools/bin/../lib/gcc/arm-none-eabi/5.2.1/../../../../arm-none-eabi/lib/armv7e-m/softfp/libcr_c.a(ftell.o)
 .comment       0x000000000000006e       0x6f /Applications/lpcxpresso_8.1.4_606/lpcxpresso/tools/bin/../lib/gcc/arm-none-eabi/5.2.1/../../../../arm-none-eabi/lib/armv7e-m/softfp/libcr_c.a(remove.o)
 .comment       0x000000000000006e       0x6f /Applications/lpcxpresso_8.1.4_606/lpcxpresso/tools/bin/../lib/gcc/arm-none-eabi/5.2.1/../../../../arm-none-eabi/lib/armv7e-m/softfp/libcr_c.a(__init_alloc.o)
 .comment       0x000000000000006e       0x6f /Applications/lpcxpresso_8.1.4_606/lpcxpresso/tools/bin/../lib/gcc/arm-none-eabi/5.2.1/../../../../arm-none-eabi/lib/armv7e-m/softfp/libcr_c.a(_cr_sbrk.o)
 .comment       0x000000000000006e       0x6f /Applications/lpcxpresso_8.1.4_606/lpcxpresso/tools/bin/../lib/gcc/arm-none-eabi/5.2.1/../../../../arm-none-eabi/lib/armv7e-m/softfp/libcr_c.a(_do_fflush.o)
 .comment       0x000000000000006e       0x6f /Applications/lpcxpresso_8.1.4_606/lpcxpresso/tools/bin/../lib/gcc/arm-none-eabi/5.2.1/../../../../arm-none-eabi/lib/armv7e-m/softfp/libcr_c.a(_hugeval.o)
 .comment       0x000000000000006e       0x6f /Applications/lpcxpresso_8.1.4_606/lpcxpresso/tools/bin/../lib/gcc/arm-none-eabi/5.2.1/../../../../arm-none-eabi/lib/armv7e-m/softfp/libcr_c.a(_cr_check_heap.o)
 .comment       0x000000000000006e       0x6f /Applications/lpcxpresso_8.1.4_606/lpcxpresso/tools/bin/../lib/gcc/arm-none-eabi/5.2.1/armv7e-m/softfp/libcr_eabihelpers.a(double.o)

.ARM.attributes
                0x0000000000000000       0x35
 .ARM.attributes
                0x0000000000000000       0x37 ./example/src/cr_startup_lpc40xx.o
 .ARM.attributes
                0x0000000000000037       0x37 ./example/src/main.o
 .ARM.attributes
                0x000000000000006e       0x37 ./example/src/ms_timer.o
 .ARM.attributes
                0x00000000000000a5       0x37 ./example/src/sysinit.o
 .ARM.attributes
                0x00000000000000dc       0x37 /Users/mortenopprudjakobsen/workspace/ISD/2016/lpc_board_ea_devkit_4088/Debug/liblpc_board_ea_devkit_4088.a(board.o)
 .ARM.attributes
                0x0000000000000113       0x37 /Users/mortenopprudjakobsen/workspace/ISD/2016/lpc_board_ea_devkit_4088/Debug/liblpc_board_ea_devkit_4088.a(board_sysinit.o)
 .ARM.attributes
                0x000000000000014a       0x37 /Users/mortenopprudjakobsen/workspace/ISD/2016/lpc_chip_40xx/Debug/liblpc_chip_40xx.a(chip_17xx_40xx.o)
 .ARM.attributes
                0x0000000000000181       0x37 /Users/mortenopprudjakobsen/workspace/ISD/2016/lpc_chip_40xx/Debug/liblpc_chip_40xx.a(clock_17xx_40xx.o)
 .ARM.attributes
                0x00000000000001b8       0x37 /Users/mortenopprudjakobsen/workspace/ISD/2016/lpc_chip_40xx/Debug/liblpc_chip_40xx.a(emc_17xx_40xx.o)
 .ARM.attributes
                0x00000000000001ef       0x37 /Users/mortenopprudjakobsen/workspace/ISD/2016/lpc_chip_40xx/Debug/liblpc_chip_40xx.a(fpu_init.o)
 .ARM.attributes
                0x0000000000000226       0x37 /Users/mortenopprudjakobsen/workspace/ISD/2016/lpc_chip_40xx/Debug/liblpc_chip_40xx.a(iocon_17xx_40xx.o)
 .ARM.attributes
                0x000000000000025d       0x37 /Users/mortenopprudjakobsen/workspace/ISD/2016/lpc_chip_40xx/Debug/liblpc_chip_40xx.a(sysctl_17xx_40xx.o)
 .ARM.attributes
                0x0000000000000294       0x37 /Users/mortenopprudjakobsen/workspace/ISD/2016/lpc_chip_40xx/Debug/liblpc_chip_40xx.a(sysinit_17xx_40xx.o)
 .ARM.attributes
                0x00000000000002cb       0x37 /Users/mortenopprudjakobsen/workspace/ISD/2016/lpc_chip_40xx/Debug/liblpc_chip_40xx.a(timer_17xx_40xx.o)
 .ARM.attributes
                0x0000000000000302       0x37 /Applications/lpcxpresso_8.1.4_606/lpcxpresso/tools/bin/../lib/gcc/arm-none-eabi/5.2.1/../../../../arm-none-eabi/lib/armv7e-m/softfp/libcr_semihost.a(_cr__main.o)
 .ARM.attributes
                0x0000000000000339       0x37 /Applications/lpcxpresso_8.1.4_606/lpcxpresso/tools/bin/../lib/gcc/arm-none-eabi/5.2.1/../../../../arm-none-eabi/lib/armv7e-m/softfp/libcr_c.a(fpprintf.o)
 .ARM.attributes
                0x0000000000000370       0x37 /Applications/lpcxpresso_8.1.4_606/lpcxpresso/tools/bin/../lib/gcc/arm-none-eabi/5.2.1/../../../../arm-none-eabi/lib/armv7e-m/softfp/libcr_c.a(initio.o)
 .ARM.attributes
                0x00000000000003a7       0x37 /Applications/lpcxpresso_8.1.4_606/lpcxpresso/tools/bin/../lib/gcc/arm-none-eabi/5.2.1/../../../../arm-none-eabi/lib/armv7e-m/softfp/libcr_c.a(printf.o)
 .ARM.attributes
                0x00000000000003de       0x37 /Applications/lpcxpresso_8.1.4_606/lpcxpresso/tools/bin/../lib/gcc/arm-none-eabi/5.2.1/../../../../arm-none-eabi/lib/armv7e-m/softfp/libcr_c.a(setvbuf.o)
 .ARM.attributes
                0x0000000000000415       0x37 /Applications/lpcxpresso_8.1.4_606/lpcxpresso/tools/bin/../lib/gcc/arm-none-eabi/5.2.1/../../../../arm-none-eabi/lib/armv7e-m/softfp/libcr_c.a(stdio.o)
 .ARM.attributes
                0x000000000000044c       0x37 /Applications/lpcxpresso_8.1.4_606/lpcxpresso/tools/bin/../lib/gcc/arm-none-eabi/5.2.1/../../../../arm-none-eabi/lib/armv7e-m/softfp/libcr_c.a(strlen.o)
 .ARM.attributes
                0x0000000000000483       0x37 /Applications/lpcxpresso_8.1.4_606/lpcxpresso/tools/bin/../lib/gcc/arm-none-eabi/5.2.1/../../../../arm-none-eabi/lib/armv7e-m/softfp/libcr_c.a(memset.o)
 .ARM.attributes
                0x00000000000004ba       0x37 /Applications/lpcxpresso_8.1.4_606/lpcxpresso/tools/bin/../lib/gcc/arm-none-eabi/5.2.1/../../../../arm-none-eabi/lib/armv7e-m/softfp/libcr_c.a(_deferredlazyseek.o)
 .ARM.attributes
                0x00000000000004f1       0x37 /Applications/lpcxpresso_8.1.4_606/lpcxpresso/tools/bin/../lib/gcc/arm-none-eabi/5.2.1/../../../../arm-none-eabi/lib/armv7e-m/softfp/libcr_c.a(_fdopen.o)
 .ARM.attributes
                0x0000000000000528       0x37 /Applications/lpcxpresso_8.1.4_606/lpcxpresso/tools/bin/../lib/gcc/arm-none-eabi/5.2.1/../../../../arm-none-eabi/lib/armv7e-m/softfp/libcr_c.a(_fflush.o)
 .ARM.attributes
                0x000000000000055f       0x37 /Applications/lpcxpresso_8.1.4_606/lpcxpresso/tools/bin/../lib/gcc/arm-none-eabi/5.2.1/../../../../arm-none-eabi/lib/armv7e-m/softfp/libcr_c.a(_frexpl.o)
 .ARM.attributes
                0x0000000000000596       0x37 /Applications/lpcxpresso_8.1.4_606/lpcxpresso/tools/bin/../lib/gcc/arm-none-eabi/5.2.1/../../../../arm-none-eabi/lib/armv7e-m/softfp/libcr_c.a(_ldexpl.o)
 .ARM.attributes
                0x00000000000005cd       0x37 /Applications/lpcxpresso_8.1.4_606/lpcxpresso/tools/bin/../lib/gcc/arm-none-eabi/5.2.1/../../../../arm-none-eabi/lib/armv7e-m/softfp/libcr_c.a(_writebuf.o)
 .ARM.attributes
                0x0000000000000604       0x37 /Applications/lpcxpresso_8.1.4_606/lpcxpresso/tools/bin/../lib/gcc/arm-none-eabi/5.2.1/../../../../arm-none-eabi/lib/armv7e-m/softfp/libcr_c.a(alloc.o)
 .ARM.attributes
                0x000000000000063b       0x37 /Applications/lpcxpresso_8.1.4_606/lpcxpresso/tools/bin/../lib/gcc/arm-none-eabi/5.2.1/../../../../arm-none-eabi/lib/armv7e-m/softfp/libcr_c.a(errno.o)
 .ARM.attributes
                0x0000000000000672       0x37 /Applications/lpcxpresso_8.1.4_606/lpcxpresso/tools/bin/../lib/gcc/arm-none-eabi/5.2.1/../../../../arm-none-eabi/lib/armv7e-m/softfp/libcr_c.a(fclose.o)
 .ARM.attributes
                0x00000000000006a9       0x37 /Applications/lpcxpresso_8.1.4_606/lpcxpresso/tools/bin/../lib/gcc/arm-none-eabi/5.2.1/../../../../arm-none-eabi/lib/armv7e-m/softfp/libcr_c.a(fflush.o)
 .ARM.attributes
                0x00000000000006e0       0x37 /Applications/lpcxpresso_8.1.4_606/lpcxpresso/tools/bin/../lib/gcc/arm-none-eabi/5.2.1/../../../../arm-none-eabi/lib/armv7e-m/softfp/libcr_c.a(fseek.o)
 .ARM.attributes
                0x0000000000000717       0x37 /Applications/lpcxpresso_8.1.4_606/lpcxpresso/tools/bin/../lib/gcc/arm-none-eabi/5.2.1/../../../../arm-none-eabi/lib/armv7e-m/softfp/libcr_c.a(ftell.o)
 .ARM.attributes
                0x000000000000074e       0x37 /Applications/lpcxpresso_8.1.4_606/lpcxpresso/tools/bin/../lib/gcc/arm-none-eabi/5.2.1/../../../../arm-none-eabi/lib/armv7e-m/softfp/libcr_c.a(remove.o)
 .ARM.attributes
                0x0000000000000785       0x37 /Applications/lpcxpresso_8.1.4_606/lpcxpresso/tools/bin/../lib/gcc/arm-none-eabi/5.2.1/../../../../arm-none-eabi/lib/armv7e-m/softfp/libcr_c.a(__init_alloc.o)
 .ARM.attributes
                0x00000000000007bc       0x37 /Applications/lpcxpresso_8.1.4_606/lpcxpresso/tools/bin/../lib/gcc/arm-none-eabi/5.2.1/../../../../arm-none-eabi/lib/armv7e-m/softfp/libcr_c.a(_cr_sbrk.o)
 .ARM.attributes
                0x00000000000007f3       0x37 /Applications/lpcxpresso_8.1.4_606/lpcxpresso/tools/bin/../lib/gcc/arm-none-eabi/5.2.1/../../../../arm-none-eabi/lib/armv7e-m/softfp/libcr_c.a(_do_fflush.o)
 .ARM.attributes
                0x000000000000082a       0x37 /Applications/lpcxpresso_8.1.4_606/lpcxpresso/tools/bin/../lib/gcc/arm-none-eabi/5.2.1/../../../../arm-none-eabi/lib/armv7e-m/softfp/libcr_c.a(_hugeval.o)
 .ARM.attributes
                0x0000000000000861       0x37 /Applications/lpcxpresso_8.1.4_606/lpcxpresso/tools/bin/../lib/gcc/arm-none-eabi/5.2.1/../../../../arm-none-eabi/lib/armv7e-m/softfp/libcr_c.a(_cr_check_heap.o)
 .ARM.attributes
                0x0000000000000898       0x37 /Applications/lpcxpresso_8.1.4_606/lpcxpresso/tools/bin/../lib/gcc/arm-none-eabi/5.2.1/armv7e-m/softfp/libcr_eabihelpers.a(double.o)
 .ARM.attributes
                0x00000000000008cf       0x25 /Applications/lpcxpresso_8.1.4_606/lpcxpresso/tools/bin/../lib/gcc/arm-none-eabi/5.2.1/armv7e-m/softfp/libcr_eabihelpers.a(memcpy.o)
 .ARM.attributes
                0x00000000000008f4       0x25 /Applications/lpcxpresso_8.1.4_606/lpcxpresso/tools/bin/../lib/gcc/arm-none-eabi/5.2.1/../../../../arm-none-eabi/lib/armv7e-m/softfp/libcr_semihost.a(__sys_appexit.o)
 .ARM.attributes
                0x0000000000000919       0x25 /Applications/lpcxpresso_8.1.4_606/lpcxpresso/tools/bin/../lib/gcc/arm-none-eabi/5.2.1/../../../../arm-none-eabi/lib/armv7e-m/softfp/libcr_semihost.a(__sys_close.o)
 .ARM.attributes
                0x000000000000093e       0x25 /Applications/lpcxpresso_8.1.4_606/lpcxpresso/tools/bin/../lib/gcc/arm-none-eabi/5.2.1/../../../../arm-none-eabi/lib/armv7e-m/softfp/libcr_semihost.a(__sys_flen.o)
 .ARM.attributes
                0x0000000000000963       0x25 /Applications/lpcxpresso_8.1.4_606/lpcxpresso/tools/bin/../lib/gcc/arm-none-eabi/5.2.1/../../../../arm-none-eabi/lib/armv7e-m/softfp/libcr_semihost.a(__sys_istty.o)
 .ARM.attributes
                0x0000000000000988       0x25 /Applications/lpcxpresso_8.1.4_606/lpcxpresso/tools/bin/../lib/gcc/arm-none-eabi/5.2.1/../../../../arm-none-eabi/lib/armv7e-m/softfp/libcr_semihost.a(__sys_remove.o)
 .ARM.attributes
                0x00000000000009ad       0x25 /Applications/lpcxpresso_8.1.4_606/lpcxpresso/tools/bin/../lib/gcc/arm-none-eabi/5.2.1/../../../../arm-none-eabi/lib/armv7e-m/softfp/libcr_semihost.a(__sys_seek.o)
 .ARM.attributes
                0x00000000000009d2       0x25 /Applications/lpcxpresso_8.1.4_606/lpcxpresso/tools/bin/../lib/gcc/arm-none-eabi/5.2.1/../../../../arm-none-eabi/lib/armv7e-m/softfp/libcr_semihost.a(__sys_tmpnam.o)
 .ARM.attributes
                0x00000000000009f7       0x25 /Applications/lpcxpresso_8.1.4_606/lpcxpresso/tools/bin/../lib/gcc/arm-none-eabi/5.2.1/../../../../arm-none-eabi/lib/armv7e-m/softfp/libcr_semihost.a(__sys_write.o)

.debug_frame    0x0000000000000000     0x17f4
 .debug_frame   0x0000000000000000      0x170 ./example/src/cr_startup_lpc40xx.o
 .debug_frame   0x0000000000000170       0xa8 ./example/src/main.o
 .debug_frame   0x0000000000000218      0x2c8 ./example/src/ms_timer.o
 .debug_frame   0x00000000000004e0       0x34 ./example/src/sysinit.o
 .debug_frame   0x0000000000000514      0x784 /Users/mortenopprudjakobsen/workspace/ISD/2016/lpc_board_ea_devkit_4088/Debug/liblpc_board_ea_devkit_4088.a(board.o)
 .debug_frame   0x0000000000000c98       0xf8 /Users/mortenopprudjakobsen/workspace/ISD/2016/lpc_board_ea_devkit_4088/Debug/liblpc_board_ea_devkit_4088.a(board_sysinit.o)
 .debug_frame   0x0000000000000d90       0x70 /Users/mortenopprudjakobsen/workspace/ISD/2016/lpc_chip_40xx/Debug/liblpc_chip_40xx.a(chip_17xx_40xx.o)
 .debug_frame   0x0000000000000e00      0x500 /Users/mortenopprudjakobsen/workspace/ISD/2016/lpc_chip_40xx/Debug/liblpc_chip_40xx.a(clock_17xx_40xx.o)
 .debug_frame   0x0000000000001300      0x1fc /Users/mortenopprudjakobsen/workspace/ISD/2016/lpc_chip_40xx/Debug/liblpc_chip_40xx.a(emc_17xx_40xx.o)
 .debug_frame   0x00000000000014fc       0x38 /Users/mortenopprudjakobsen/workspace/ISD/2016/lpc_chip_40xx/Debug/liblpc_chip_40xx.a(fpu_init.o)
 .debug_frame   0x0000000000001534       0x5c /Users/mortenopprudjakobsen/workspace/ISD/2016/lpc_chip_40xx/Debug/liblpc_chip_40xx.a(iocon_17xx_40xx.o)
 .debug_frame   0x0000000000001590       0x60 /Users/mortenopprudjakobsen/workspace/ISD/2016/lpc_chip_40xx/Debug/liblpc_chip_40xx.a(sysctl_17xx_40xx.o)
 .debug_frame   0x00000000000015f0      0x134 /Users/mortenopprudjakobsen/workspace/ISD/2016/lpc_chip_40xx/Debug/liblpc_chip_40xx.a(sysinit_17xx_40xx.o)
 .debug_frame   0x0000000000001724       0xd0 /Users/mortenopprudjakobsen/workspace/ISD/2016/lpc_chip_40xx/Debug/liblpc_chip_40xx.a(timer_17xx_40xx.o)
