Archive member included to satisfy reference by file (symbol)

/Users/mortenopprudjakobsen/workspace/ISD/2016/lpc_board_ea_devkit_4088/Debug/liblpc_board_ea_devkit_4088.a(board.o)
                              ./example/src/main.o (delayMs)
/Users/mortenopprudjakobsen/workspace/ISD/2016/lpc_board_ea_devkit_4088/Debug/liblpc_board_ea_devkit_4088.a(board_sysinit.o)
                              ./example/src/sysinit.o (Board_SystemInit)
/Users/mortenopprudjakobsen/workspace/ISD/2016/lpc_board_ea_devkit_4088/Debug/liblpc_board_ea_devkit_4088.a(uda1380.o)
                              /Users/mortenopprudjakobsen/workspace/ISD/2016/lpc_board_ea_devkit_4088/Debug/liblpc_board_ea_devkit_4088.a(board.o) (UDA1380_Init)
/Users/mortenopprudjakobsen/workspace/ISD/2016/lpc_chip_40xx/Debug/liblpc_chip_40xx.a(chip_17xx_40xx.o)
                              ./example/src/main.o (SystemCoreClockUpdate)
/Users/mortenopprudjakobsen/workspace/ISD/2016/lpc_chip_40xx/Debug/liblpc_chip_40xx.a(clock_17xx_40xx.o)
                              /Users/mortenopprudjakobsen/workspace/ISD/2016/lpc_chip_40xx/Debug/liblpc_chip_40xx.a(chip_17xx_40xx.o) (Chip_Clock_SetupPLL)
/Users/mortenopprudjakobsen/workspace/ISD/2016/lpc_chip_40xx/Debug/liblpc_chip_40xx.a(emc_17xx_40xx.o)
                              /Users/mortenopprudjakobsen/workspace/ISD/2016/lpc_board_ea_devkit_4088/Debug/liblpc_board_ea_devkit_4088.a(board_sysinit.o) (Chip_EMC_Dynamic_Init)
/Users/mortenopprudjakobsen/workspace/ISD/2016/lpc_chip_40xx/Debug/liblpc_chip_40xx.a(fpu_init.o)
                              ./example/src/sysinit.o (fpuInit)
/Users/mortenopprudjakobsen/workspace/ISD/2016/lpc_chip_40xx/Debug/liblpc_chip_40xx.a(i2c_17xx_40xx.o)
                              /Users/mortenopprudjakobsen/workspace/ISD/2016/lpc_board_ea_devkit_4088/Debug/liblpc_board_ea_devkit_4088.a(uda1380.o) (Chip_I2C_EventHandlerPolling)
/Users/mortenopprudjakobsen/workspace/ISD/2016/lpc_chip_40xx/Debug/liblpc_chip_40xx.a(i2s_17xx_40xx.o)
                              /Users/mortenopprudjakobsen/workspace/ISD/2016/lpc_board_ea_devkit_4088/Debug/liblpc_board_ea_devkit_4088.a(board.o) (Chip_I2S_Init)
/Users/mortenopprudjakobsen/workspace/ISD/2016/lpc_chip_40xx/Debug/liblpc_chip_40xx.a(iocon_17xx_40xx.o)
                              /Users/mortenopprudjakobsen/workspace/ISD/2016/lpc_board_ea_devkit_4088/Debug/liblpc_board_ea_devkit_4088.a(board_sysinit.o) (Chip_IOCON_SetPinMuxing)
/Users/mortenopprudjakobsen/workspace/ISD/2016/lpc_chip_40xx/Debug/liblpc_chip_40xx.a(ssp_17xx_40xx.o)
                              /Users/mortenopprudjakobsen/workspace/ISD/2016/lpc_board_ea_devkit_4088/Debug/liblpc_board_ea_devkit_4088.a(board.o) (Chip_SSP_WriteFrames_Blocking)
/Users/mortenopprudjakobsen/workspace/ISD/2016/lpc_chip_40xx/Debug/liblpc_chip_40xx.a(sysctl_17xx_40xx.o)
                              /Users/mortenopprudjakobsen/workspace/ISD/2016/lpc_board_ea_devkit_4088/Debug/liblpc_board_ea_devkit_4088.a(board_sysinit.o) (Chip_SYSCTL_PeriphReset)
/Users/mortenopprudjakobsen/workspace/ISD/2016/lpc_chip_40xx/Debug/liblpc_chip_40xx.a(sysinit_17xx_40xx.o)
                              /Users/mortenopprudjakobsen/workspace/ISD/2016/lpc_board_ea_devkit_4088/Debug/liblpc_board_ea_devkit_4088.a(board_sysinit.o) (Chip_SetupXtalClocking)
/Applications/lpcxpresso_8.1.4_606/lpcxpresso/tools/bin/../lib/gcc/arm-none-eabi/5.2.1/../../../../arm-none-eabi/lib/armv7e-m/softfp/libcr_semihost.a(_cr__main.o)
                              ./example/src/cr_startup_lpc40xx.o (__main)
/Applications/lpcxpresso_8.1.4_606/lpcxpresso/tools/bin/../lib/gcc/arm-none-eabi/5.2.1/../../../../arm-none-eabi/lib/armv7e-m/softfp/libcr_c.a(memcpy.o)
                              /Users/mortenopprudjakobsen/workspace/ISD/2016/lpc_board_ea_devkit_4088/Debug/liblpc_board_ea_devkit_4088.a(board.o) (memcpy)
/Applications/lpcxpresso_8.1.4_606/lpcxpresso/tools/bin/../lib/gcc/arm-none-eabi/5.2.1/../../../../arm-none-eabi/lib/armv7e-m/softfp/libcr_c.a(fpprintf.o)
                              ./example/src/main.o (printf)
/Applications/lpcxpresso_8.1.4_606/lpcxpresso/tools/bin/../lib/gcc/arm-none-eabi/5.2.1/../../../../arm-none-eabi/lib/armv7e-m/softfp/libcr_c.a(initio.o)
                              /Applications/lpcxpresso_8.1.4_606/lpcxpresso/tools/bin/../lib/gcc/arm-none-eabi/5.2.1/../../../../arm-none-eabi/lib/armv7e-m/softfp/libcr_semihost.a(_cr__main.o) (_initio)
/Applications/lpcxpresso_8.1.4_606/lpcxpresso/tools/bin/../lib/gcc/arm-none-eabi/5.2.1/../../../../arm-none-eabi/lib/armv7e-m/softfp/libcr_c.a(printf.o)
                              /Applications/lpcxpresso_8.1.4_606/lpcxpresso/tools/bin/../lib/gcc/arm-none-eabi/5.2.1/../../../../arm-none-eabi/lib/armv7e-m/softfp/libcr_c.a(fpprintf.o) (__vfprintf)
/Applications/lpcxpresso_8.1.4_606/lpcxpresso/tools/bin/../lib/gcc/arm-none-eabi/5.2.1/../../../../arm-none-eabi/lib/armv7e-m/softfp/libcr_c.a(setvbuf.o)
[...]
Memory Configuration

Name             Origin             Length             Attributes
MFlash512        0x0000000000000000 0x0000000000080000 xr
RamLoc64         0x0000000010000000 0x0000000000010000 xrw
RamPeriph32      0x0000000020000000 0x0000000000008000 xrw
*default*        0x0000000000000000 0xffffffffffffffff

Linker script and memory map

LOAD ./example/src/adc.o
LOAD ./example/src/cr_startup_lpc40xx.o
LOAD ./example/src/main.o
LOAD ./example/src/sysinit.o
LOAD /Users/mortenopprudjakobsen/workspace/ISD/2016/lpc_board_ea_devkit_4088/Debug/liblpc_board_ea_devkit_4088.a
LOAD /Users/mortenopprudjakobsen/workspace/ISD/2016/lpc_chip_40xx/Debug/liblpc_chip_40xx.a
START GROUP
LOAD /Applications/lpcxpresso_8.1.4_606/lpcxpresso/tools/bin/../lib/gcc/arm-none-eabi/5.2.1/../../../../arm-none-eabi/lib/armv7e-m/softfp/libcr_semihost.a
LOAD /Applications/lpcxpresso_8.1.4_606/lpcxpresso/tools/bin/../lib/gcc/arm-none-eabi/5.2.1/../../../../arm-none-eabi/lib/armv7e-m/softfp/libcr_c.a
LOAD /Applications/lpcxpresso_8.1.4_606/lpcxpresso/tools/bin/../lib/gcc/arm-none-eabi/5.2.1/armv7e-m/softfp/libcr_eabihelpers.a
END GROUP
                0x0000000000000000                __base_MFlash512 = 0x0
                0x0000000000000000                __base_Flash = 0x0
                0x0000000000080000                __top_MFlash512 = 0x80000
                0x0000000000080000                __top_Flash = 0x80000
                0x0000000010000000                __base_RamLoc64 = 0x10000000
                0x0000000010000000                __base_RAM = 0x10000000
                0x0000000010010000                __top_RamLoc64 = 0x10010000
                0x0000000010010000                __top_RAM = 0x10010000
                0x0000000020000000                __base_RamPeriph32 = 0x20000000
                0x0000000020000000                __base_RAM2 = 0x20000000
                0x0000000020008000                __top_RamPeriph32 = 0x20008000
                0x0000000020008000                __top_RAM2 = 0x20008000

.text           0x0000000000000000     0x3c70
 FILL mask 0xff
                0x0000000000000000                __vectors_start__ = ABSOLUTE (.)
 *(.isr_vector)
 .isr_vector    0x0000000000000000       0xe4 ./example/src/cr_startup_lpc40xx.o
                0x0000000000000000                g_pfnVectors
                0x00000000000000e4                . = ALIGN (0x4)
                0x00000000000000e4                __section_table_start = .
                0x00000000000000e4                __data_section_table = .
                0x00000000000000e4        0x4 LONG 0x3c70 LOADADDR (.data)
                0x00000000000000e8        0x4 LONG 0x10000000 ADDR (.data)
                0x00000000000000ec        0x4 LONG 0x0 SIZEOF (.data)
                0x00000000000000f0        0x4 LONG 0x3c70 LOADADDR (.data_RAM2)
                0x00000000000000f4        0x4 LONG 0x20000000 ADDR (.data_RAM2)
                0x00000000000000f8        0x4 LONG 0x0 SIZEOF (.data_RAM2)
                0x00000000000000fc                __data_section_table_end = .
                0x00000000000000fc                __bss_section_table = .
                0x00000000000000fc        0x4 LONG 0x10000000 ADDR (.bss)
                0x0000000000000100        0x4 LONG 0x154 SIZEOF (.bss)
                0x0000000000000104        0x4 LONG 0x20000000 ADDR (.bss_RAM2)
                0x0000000000000108        0x4 LONG 0x0 SIZEOF (.bss_RAM2)
                0x000000000000010c                __bss_section_table_end = .
                0x000000000000010c                __section_table_end = .
 *(.after_vectors*)
 .after_vectors
                0x000000000000010c      0x168 ./example/src/cr_startup_lpc40xx.o
                0x000000000000010c                data_init
                0x0000000000000150                bss_init
                0x0000000000000188                ResetISR
                0x0000000000000220                NMI_Handler
                0x0000000000000228                HardFault_Handler
                0x0000000000000230                MemManage_Handler
                0x0000000000000238                BusFault_Handler
                0x0000000000000240                UsageFault_Handler
                0x0000000000000248                SVC_Handler
                0x0000000000000250                DebugMon_Handler
                0x0000000000000258                PendSV_Handler
                0x0000000000000260                SysTick_Handler
                0x0000000000000268                TIMER3_IRQHandler
                0x0000000000000268                UART0_IRQHandler
                0x0000000000000268                IntDefaultHandler
                0x0000000000000268                PLL0_IRQHandler
                0x0000000000000268                CAN_IRQHandler
                0x0000000000000268                PLL1_IRQHandler
                0x0000000000000268                SSP0_IRQHandler
                0x0000000000000268                I2S_IRQHandler
                0x0000000000000268                I2C2_IRQHandler
                0x0000000000000268                RTC_IRQHandler
                0x0000000000000268                TIMER0_IRQHandler
                0x0000000000000268                SPI_IRQHandler
                0x0000000000000268                LCD_IRQHandler
                0x0000000000000268                EINT1_IRQHandler
                0x0000000000000268                TIMER1_IRQHandler
                0x0000000000000268                UART2_IRQHandler
                0x0000000000000268                UART4_IRQHandler
                0x0000000000000268                SSP1_IRQHandler
                0x0000000000000268                USB_IRQHandler
                0x0000000000000268                BOD_IRQHandler
                0x0000000000000268                WDT_IRQHandler
                0x0000000000000268                QEI_IRQHandler
                0x0000000000000268                EINT0_IRQHandler
                0x0000000000000268                ETH_IRQHandler
                0x0000000000000268                PWM0_IRQHandler
                0x0000000000000268                SSP2_IRQHandler
                0x0000000000000268                EEPROM_IRQHandler
                0x0000000000000268                DMA_IRQHandler
                0x0000000000000268                UART3_IRQHandler
                0x0000000000000268                GPIO_IRQHandler
                0x0000000000000268                MCPWM_IRQHandler
                0x0000000000000268                TIMER2_IRQHandler
                0x0000000000000268                RIT_IRQHandler
                0x0000000000000268                I2C0_IRQHandler
                0x0000000000000268                USBActivity_IRQHandler
                0x0000000000000268                PWM1_IRQHandler
                0x0000000000000268                SDIO_IRQHandler
                0x0000000000000268                I2C1_IRQHandler
                0x0000000000000268                EINT2_IRQHandler
                0x0000000000000268                UART1_IRQHandler
                0x0000000000000268                EINT3_IRQHandler
                0x0000000000000268                CANActivity_IRQHandler
 *(.text*)
 .text.AdcInit  0x0000000000000274       0x58 ./example/src/adc.o
                0x0000000000000274                AdcInit
 .text.AdcRead  0x00000000000002cc       0x54 ./example/src/adc.o
                0x00000000000002cc                AdcRead
 .text.ADC_IRQHandler
                0x0000000000000320       0x10 ./example/src/main.o
                0x0000000000000320                ADC_IRQHandler
 .text.main     0x0000000000000330       0x34 ./example/src/main.o
                0x0000000000000330                main
 .text.SystemInit
                0x0000000000000364       0x28 ./example/src/sysinit.o
                0x0000000000000364                SystemInit
 .text.Chip_IOCON_Init
                0x000000000000038c       0x18 /Users/mortenopprudjakobsen/workspace/ISD/2016/lpc_board_ea_devkit_4088/Debug/liblpc_board_ea_devkit_4088.a(board.o)
 .text.Chip_GPIO_Init
                0x00000000000003a4       0x18 /Users/mortenopprudjakobsen/workspace/ISD/2016/lpc_board_ea_devkit_4088/Debug/liblpc_board_ea_devkit_4088.a(board.o)
 .text.Chip_GPIO_SetPinState
                0x00000000000003bc       0x6c /Users/mortenopprudjakobsen/workspace/ISD/2016/lpc_board_ea_devkit_4088/Debug/liblpc_board_ea_devkit_4088.a(board.o)
 .text.Chip_GPIO_WritePortBit
                0x0000000000000428       0x2c /Users/mortenopprudjakobsen/workspace/ISD/2016/lpc_board_ea_devkit_4088/Debug/liblpc_board_ea_devkit_4088.a(board.o)
 .text.Chip_GPIO_SetPinDIROutput
                0x0000000000000454       0x3c /Users/mortenopprudjakobsen/workspace/ISD/2016/lpc_board_ea_devkit_4088/Debug/liblpc_board_ea_devkit_4088.a(board.o)
 .text.Chip_GPIO_SetPinDIRInput
                0x0000000000000490       0x3c /Users/mortenopprudjakobsen/workspace/ISD/2016/lpc_board_ea_devkit_4088/Debug/liblpc_board_ea_devkit_4088.a(board.o)
 .text.Chip_GPIO_SetPinDIR
                0x00000000000004cc       0x44 /Users/mortenopprudjakobsen/workspace/ISD/2016/lpc_board_ea_devkit_4088/Debug/liblpc_board_ea_devkit_4088.a(board.o)
 .text.Chip_GPIO_WriteDirBit
                0x0000000000000510       0x30 /Users/mortenopprudjakobsen/workspace/ISD/2016/lpc_board_ea_devkit_4088/Debug/liblpc_board_ea_devkit_4088.a(board.o)
 .text.delay    0x0000000000000540       0x20 /Users/mortenopprudjakobsen/workspace/ISD/2016/lpc_board_ea_devkit_4088/Debug/liblpc_board_ea_devkit_4088.a(board.o)
                0x0000000000000540                delay
 .text.delayMs  0x0000000000000560       0x20 /Users/mortenopprudjakobsen/workspace/ISD/2016/lpc_board_ea_devkit_4088/Debug/liblpc_board_ea_devkit_4088.a(board.o)
                0x0000000000000560                delayMs
 .text.Board_LED_Init
                0x0000000000000580       0x60 /Users/mortenopprudjakobsen/workspace/ISD/2016/lpc_board_ea_devkit_4088/Debug/liblpc_board_ea_devkit_4088.a(board.o)
 .text.Board_Init
                0x00000000000005e0       0x20 /Users/mortenopprudjakobsen/workspace/ISD/2016/lpc_board_ea_devkit_4088/Debug/liblpc_board_ea_devkit_4088.a(board.o)
                0x00000000000005e0                Board_Init
 .text.Chip_SYSCTL_EnableBoost
                0x0000000000000600       0x1c /Users/mortenopprudjakobsen/workspace/ISD/2016/lpc_board_ea_devkit_4088/Debug/liblpc_board_ea_devkit_4088.a(board_sysinit.o)
 .text.Chip_Clock_SetEMCClockDiv
                0x000000000000061c       0x24 /Users/mortenopprudjakobsen/workspace/ISD/2016/lpc_board_ea_devkit_4088/Debug/liblpc_board_ea_devkit_4088.a(board_sysinit.o)
 .text.Chip_IOCON_PinMuxSet
                0x0000000000000640       0x30 /Users/mortenopprudjakobsen/workspace/ISD/2016/lpc_board_ea_devkit_4088/Debug/liblpc_board_ea_devkit_4088.a(board_sysinit.o)
 .text.Board_SetupMuxing
                0x0000000000000670       0x84 /Users/mortenopprudjakobsen/workspace/ISD/2016/lpc_board_ea_devkit_4088/Debug/liblpc_board_ea_devkit_4088.a(board_sysinit.o)
                0x0000000000000670                Board_SetupMuxing
 .text.Board_SetupClocking
                0x00000000000006f4       0x1c /Users/mortenopprudjakobsen/workspace/ISD/2016/lpc_board_ea_devkit_4088/Debug/liblpc_board_ea_devkit_4088.a(board_sysinit.o)
                0x00000000000006f4                Board_SetupClocking
 .text.Board_SetupExtMemory
                0x0000000000000710       0x5c /Users/mortenopprudjakobsen/workspace/ISD/2016/lpc_board_ea_devkit_4088/Debug/liblpc_board_ea_devkit_4088.a(board_sysinit.o)
                0x0000000000000710                Board_SetupExtMemory
 .text.Board_SystemInit
                0x000000000000076c       0x14 /Users/mortenopprudjakobsen/workspace/ISD/2016/lpc_board_ea_devkit_4088/Debug/liblpc_board_ea_devkit_4088.a(board_sysinit.o)
                0x000000000000076c                Board_SystemInit
 .text.SystemCoreClockUpdate
                0x0000000000000780       0x18 /Users/mortenopprudjakobsen/workspace/ISD/2016/lpc_chip_40xx/Debug/liblpc_chip_40xx.a(chip_17xx_40xx.o)
                0x0000000000000780                SystemCoreClockUpdate
 .text.Chip_Clock_IsMainPLLEnabled
                0x0000000000000798       0x28 /Users/mortenopprudjakobsen/workspace/ISD/2016/lpc_chip_40xx/Debug/liblpc_chip_40xx.a(clock_17xx_40xx.o)
 .text.Chip_Clock_FeedPLL
                0x00000000000007c0       0x38 /Users/mortenopprudjakobsen/workspace/ISD/2016/lpc_chip_40xx/Debug/liblpc_chip_40xx.a(clock_17xx_40xx.o)
 .text.Chip_Clock_GetMainPLLSource
                0x00000000000007f8       0x20 /Users/mortenopprudjakobsen/workspace/ISD/2016/lpc_chip_40xx/Debug/liblpc_chip_40xx.a(clock_17xx_40xx.o)
 .text.Chip_Clock_GetMainOscRate
                0x0000000000000818       0x18 /Users/mortenopprudjakobsen/workspace/ISD/2016/lpc_chip_40xx/Debug/liblpc_chip_40xx.a(clock_17xx_40xx.o)
 .text.Chip_Clock_GetIntOscRate
                0x0000000000000830       0x14 /Users/mortenopprudjakobsen/workspace/ISD/2016/lpc_chip_40xx/Debug/liblpc_chip_40xx.a(clock_17xx_40xx.o)
 .text.Chip_Clock_GetMainPLLInClockRate
                0x0000000000000844       0x10 /Users/mortenopprudjakobsen/workspace/ISD/2016/lpc_chip_40xx/Debug/liblpc_chip_40xx.a(clock_17xx_40xx.o)
 .text.Chip_Clock_EnablePLL
                0x0000000000000854       0x44 /Users/mortenopprudjakobsen/workspace/ISD/2016/lpc_chip_40xx/Debug/liblpc_chip_40xx.a(clock_17xx_40xx.o)
                0x0000000000000854                Chip_Clock_EnablePLL
 .text.Chip_Clock_DisablePLL
                0x0000000000000898       0x48 /Users/mortenopprudjakobsen/workspace/ISD/2016/lpc_chip_40xx/Debug/liblpc_chip_40xx.a(clock_17xx_40xx.o)
                0x0000000000000898                Chip_Clock_DisablePLL
 .text.Chip_Clock_SetupPLL
                0x00000000000008e0       0x4c /Users/mortenopprudjakobsen/workspace/ISD/2016/lpc_chip_40xx/Debug/liblpc_chip_40xx.a(clock_17xx_40xx.o)
                0x00000000000008e0                Chip_Clock_SetupPLL
 .text.Chip_Clock_EnablePeriphClock
                0x000000000000092c       0x54 /Users/mortenopprudjakobsen/workspace/ISD/2016/lpc_chip_40xx/Debug/liblpc_chip_40xx.a(clock_17xx_40xx.o)
                0x000000000000092c                Chip_Clock_EnablePeriphClock
 .text.Chip_Clock_SetCPUClockSource
                0x0000000000000980       0x44 /Users/mortenopprudjakobsen/workspace/ISD/2016/lpc_chip_40xx/Debug/liblpc_chip_40xx.a(clock_17xx_40xx.o)
                0x0000000000000980                Chip_Clock_SetCPUClockSource
 .text.Chip_Clock_GetCPUClockSource
                0x00000000000009c4       0x30 /Users/mortenopprudjakobsen/workspace/ISD/2016/lpc_chip_40xx/Debug/liblpc_chip_40xx.a(clock_17xx_40xx.o)
                0x00000000000009c4                Chip_Clock_GetCPUClockSource
 .text.Chip_Clock_SetCPUClockDiv
                0x00000000000009f4       0x30 /Users/mortenopprudjakobsen/workspace/ISD/2016/lpc_chip_40xx/Debug/liblpc_chip_40xx.a(clock_17xx_40xx.o)
                0x00000000000009f4                Chip_Clock_SetCPUClockDiv
 .text.Chip_Clock_GetCPUClockDiv
                0x0000000000000a24       0x1c /Users/mortenopprudjakobsen/workspace/ISD/2016/lpc_chip_40xx/Debug/liblpc_chip_40xx.a(clock_17xx_40xx.o)
                0x0000000000000a24                Chip_Clock_GetCPUClockDiv
 .text.Chip_Clock_GetSYSCLKRate
                0x0000000000000a40       0x2c /Users/mortenopprudjakobsen/workspace/ISD/2016/lpc_chip_40xx/Debug/liblpc_chip_40xx.a(clock_17xx_40xx.o)
                0x0000000000000a40                Chip_Clock_GetSYSCLKRate
 .text.Chip_Clock_GetMainPLLOutClockRate
                0x0000000000000a6c       0x40 /Users/mortenopprudjakobsen/workspace/ISD/2016/lpc_chip_40xx/Debug/liblpc_chip_40xx.a(clock_17xx_40xx.o)
                0x0000000000000a6c                Chip_Clock_GetMainPLLOutClockRate
 .text.Chip_Clock_GetMainClockRate
                0x0000000000000aac       0x28 /Users/mortenopprudjakobsen/workspace/ISD/2016/lpc_chip_40xx/Debug/liblpc_chip_40xx.a(clock_17xx_40xx.o)
                0x0000000000000aac                Chip_Clock_GetMainClockRate
 .text.Chip_Clock_GetSystemClockRate
                0x0000000000000ad4       0x18 /Users/mortenopprudjakobsen/workspace/ISD/2016/lpc_chip_40xx/Debug/liblpc_chip_40xx.a(clock_17xx_40xx.o)
                0x0000000000000ad4                Chip_Clock_GetSystemClockRate
 .text.Chip_Clock_SetSPIFIClockSource
                0x0000000000000aec       0x34 /Users/mortenopprudjakobsen/workspace/ISD/2016/lpc_chip_40xx/Debug/liblpc_chip_40xx.a(clock_17xx_40xx.o)
                0x0000000000000aec                Chip_Clock_SetSPIFIClockSource
 .text.Chip_Clock_SetSPIFIClockDiv
                0x0000000000000b20       0x30 /Users/mortenopprudjakobsen/workspace/ISD/2016/lpc_chip_40xx/Debug/liblpc_chip_40xx.a(clock_17xx_40xx.o)
                0x0000000000000b20                Chip_Clock_SetSPIFIClockDiv
 .text.Chip_Clock_GetEMCClockDiv
                0x0000000000000b50       0x1c /Users/mortenopprudjakobsen/workspace/ISD/2016/lpc_chip_40xx/Debug/liblpc_chip_40xx.a(emc_17xx_40xx.o)
 .text.Chip_Clock_GetEMCClockRate
                0x0000000000000b6c       0x18 /Users/mortenopprudjakobsen/workspace/ISD/2016/lpc_chip_40xx/Debug/liblpc_chip_40xx.a(emc_17xx_40xx.o)
 .text.convertTimmingParam
                0x0000000000000b84       0x6c /Users/mortenopprudjakobsen/workspace/ISD/2016/lpc_chip_40xx/Debug/liblpc_chip_40xx.a(emc_17xx_40xx.o)
 .text.getColsLen
                0x0000000000000bf0       0x50 /Users/mortenopprudjakobsen/workspace/ISD/2016/lpc_chip_40xx/Debug/liblpc_chip_40xx.a(emc_17xx_40xx.o)
 .text.initDynMem
                0x0000000000000c40      0x294 /Users/mortenopprudjakobsen/workspace/ISD/2016/lpc_chip_40xx/Debug/liblpc_chip_40xx.a(emc_17xx_40xx.o)
                0x0000000000000c40                initDynMem
 .text.initStaticMem
                0x0000000000000ed4       0xb0 /Users/mortenopprudjakobsen/workspace/ISD/2016/lpc_chip_40xx/Debug/liblpc_chip_40xx.a(emc_17xx_40xx.o)
                0x0000000000000ed4                initStaticMem
 .text.Chip_EMC_Dynamic_Init
                0x0000000000000f84       0x24 /Users/mortenopprudjakobsen/workspace/ISD/2016/lpc_chip_40xx/Debug/liblpc_chip_40xx.a(emc_17xx_40xx.o)
                0x0000000000000f84                Chip_EMC_Dynamic_Init
 .text.Chip_EMC_Static_Init
                0x0000000000000fa8       0x24 /Users/mortenopprudjakobsen/workspace/ISD/2016/lpc_chip_40xx/Debug/liblpc_chip_40xx.a(emc_17xx_40xx.o)
                0x0000000000000fa8                Chip_EMC_Static_Init
 .text.Chip_EMC_Init
                0x0000000000000fcc       0x50 /Users/mortenopprudjakobsen/workspace/ISD/2016/lpc_chip_40xx/Debug/liblpc_chip_40xx.a(emc_17xx_40xx.o)
                0x0000000000000fcc                Chip_EMC_Init
 .text.fpuInit  0x000000000000101c       0x74 /Users/mortenopprudjakobsen/workspace/ISD/2016/lpc_chip_40xx/Debug/liblpc_chip_40xx.a(fpu_init.o)
                0x000000000000101c                fpuInit
 .text.Chip_IOCON_PinMuxSet
                0x0000000000001090       0x30 /Users/mortenopprudjakobsen/workspace/ISD/2016/lpc_chip_40xx/Debug/liblpc_chip_40xx.a(iocon_17xx_40xx.o)
 .text.Chip_IOCON_SetPinMuxing
                0x00000000000010c0       0x64 /Users/mortenopprudjakobsen/workspace/ISD/2016/lpc_chip_40xx/Debug/liblpc_chip_40xx.a(iocon_17xx_40xx.o)
                0x00000000000010c0                Chip_IOCON_SetPinMuxing
 .text.Chip_SYSCTL_PeriphReset
                0x0000000000001124       0x68 /Users/mortenopprudjakobsen/workspace/ISD/2016/lpc_chip_40xx/Debug/liblpc_chip_40xx.a(sysctl_17xx_40xx.o)
                0x0000000000001124                Chip_SYSCTL_PeriphReset
 .text.Chip_Clock_IsMainPLLEnabled
                0x000000000000118c       0x28 /Users/mortenopprudjakobsen/workspace/ISD/2016/lpc_chip_40xx/Debug/liblpc_chip_40xx.a(sysinit_17xx_40xx.o)
 .text.Chip_Clock_IsMainPLLLocked
                0x00000000000011b4       0x28 /Users/mortenopprudjakobsen/workspace/ISD/2016/lpc_chip_40xx/Debug/liblpc_chip_40xx.a(sysinit_17xx_40xx.o)
 .text.Chip_Clock_EnableCrystal
                0x00000000000011dc       0x24 /Users/mortenopprudjakobsen/workspace/ISD/2016/lpc_chip_40xx/Debug/liblpc_chip_40xx.a(sysinit_17xx_40xx.o)
 .text.Chip_Clock_IsCrystalEnabled
                0x0000000000001200       0x28 /Users/mortenopprudjakobsen/workspace/ISD/2016/lpc_chip_40xx/Debug/liblpc_chip_40xx.a(sysinit_17xx_40xx.o)
 .text.Chip_Clock_SetMainPLLSource
                0x0000000000001228       0x24 /Users/mortenopprudjakobsen/workspace/ISD/2016/lpc_chip_40xx/Debug/liblpc_chip_40xx.a(sysinit_17xx_40xx.o)
 .text.Chip_Clock_SetPCLKDiv
                0x000000000000124c       0x20 /Users/mortenopprudjakobsen/workspace/ISD/2016/lpc_chip_40xx/Debug/liblpc_chip_40xx.a(sysinit_17xx_40xx.o)
 .text.Chip_SetupXtalClocking
                0x000000000000126c       0x84 /Users/mortenopprudjakobsen/workspace/ISD/2016/lpc_chip_40xx/Debug/liblpc_chip_40xx.a(sysinit_17xx_40xx.o)
                0x000000000000126c                Chip_SetupXtalClocking
 .text.__main   0x00000000000012f0       0x14 /Applications/lpcxpresso_8.1.4_606/lpcxpresso/tools/bin/../lib/gcc/arm-none-eabi/5.2.1/../../../../arm-none-eabi/lib/armv7e-m/softfp/libcr_semihost.a(_cr__main.o)
                0x00000000000012f0                __main
                0x00000000000012f0                __CR_SEMIHOST
 .text.fp_round
                0x0000000000001304       0x4e /Applications/lpcxpresso_8.1.4_606/lpcxpresso/tools/bin/../lib/gcc/arm-none-eabi/5.2.1/../../../../arm-none-eabi/lib/armv7e-m/softfp/libcr_c.a(fpprintf.o)
 .text.pr_dec.constprop.1
                0x0000000000001352       0x26 /Applications/lpcxpresso_8.1.4_606/lpcxpresso/tools/bin/../lib/gcc/arm-none-eabi/5.2.1/../../../../arm-none-eabi/lib/armv7e-m/softfp/libcr_c.a(fpprintf.o)
 .text.sprintf  0x0000000000001378       0x6c /Applications/lpcxpresso_8.1.4_606/lpcxpresso/tools/bin/../lib/gcc/arm-none-eabi/5.2.1/../../../../arm-none-eabi/lib/armv7e-m/softfp/libcr_c.a(fpprintf.o)
                0x0000000000001378                sprintf
 *fill*         0x00000000000013e4        0x4 ff
 .text.fp_display
                0x00000000000013e8      0x8f8 /Applications/lpcxpresso_8.1.4_606/lpcxpresso/tools/bin/../lib/gcc/arm-none-eabi/5.2.1/../../../../arm-none-eabi/lib/armv7e-m/softfp/libcr_c.a(fpprintf.o)
 .text.vsnprintf
                0x0000000000001ce0       0x5c /Applications/lpcxpresso_8.1.4_606/lpcxpresso/tools/bin/../lib/gcc/arm-none-eabi/5.2.1/../../../../arm-none-eabi/lib/armv7e-m/softfp/libcr_c.a(fpprintf.o)
                0x0000000000001ce0                vsnprintf
 .text.printf   0x0000000000001d3c       0x54 /Applications/lpcxpresso_8.1.4_606/lpcxpresso/tools/bin/../lib/gcc/arm-none-eabi/5.2.1/../../../../arm-none-eabi/lib/armv7e-m/softfp/libcr_c.a(fpprintf.o)
                0x0000000000001d3c                printf
 .text._initio  0x0000000000001d90       0xa4 /Applications/lpcxpresso_8.1.4_606/lpcxpresso/tools/bin/../lib/gcc/arm-none-eabi/5.2.1/../../../../arm-none-eabi/lib/armv7e-m/softfp/libcr_c.a(initio.o)
                0x0000000000001d90                _initio
 .text.__vfprintf
                0x0000000000001e34      0xd48 /Applications/lpcxpresso_8.1.4_606/lpcxpresso/tools/bin/../lib/gcc/arm-none-eabi/5.2.1/../../../../arm-none-eabi/lib/armv7e-m/softfp/libcr_c.a(printf.o)
                0x0000000000001e34                __vfprintf
 .text.setvbuf  0x0000000000002b7c       0x40 /Applications/lpcxpresso_8.1.4_606/lpcxpresso/tools/bin/../lib/gcc/arm-none-eabi/5.2.1/../../../../arm-none-eabi/lib/armv7e-m/softfp/libcr_c.a(setvbuf.o)
                0x0000000000002b7c                setvbuf
 .text.strlen   0x0000000000002bbc       0x4a /Applications/lpcxpresso_8.1.4_606/lpcxpresso/tools/bin/../lib/gcc/arm-none-eabi/5.2.1/../../../../arm-none-eabi/lib/armv7e-m/softfp/libcr_c.a(strlen.o)
                0x0000000000002bbc                strlen
 .text.memset   0x0000000000002c06        0x4 /Applications/lpcxpresso_8.1.4_606/lpcxpresso/tools/bin/../lib/gcc/arm-none-eabi/5.2.1/../../../../arm-none-eabi/lib/armv7e-m/softfp/libcr_c.a(memset.o)
                0x0000000000002c06                memset
 .text._deferredlazyseek
                0x0000000000002c0a       0x44 /Applications/lpcxpresso_8.1.4_606/lpcxpresso/tools/bin/../lib/gcc/arm-none-eabi/5.2.1/../../../../arm-none-eabi/lib/armv7e-m/softfp/libcr_c.a(_deferredlazyseek.o)
                0x0000000000002c0a                _deferredlazyseek
 .text.__flsbuf
                0x0000000000002c4e      0x140 /Applications/lpcxpresso_8.1.4_606/lpcxpresso/tools/bin/../lib/gcc/arm-none-eabi/5.2.1/../../../../arm-none-eabi/lib/armv7e-m/softfp/libcr_c.a(_deferredlazyseek.o)
                0x0000000000002c4e                __flsbuf
 .text._fdopen  0x0000000000002d8e       0x6a /Applications/lpcxpresso_8.1.4_606/lpcxpresso/tools/bin/../lib/gcc/arm-none-eabi/5.2.1/../../../../arm-none-eabi/lib/armv7e-m/softfp/libcr_c.a(_fdopen.o)
                0x0000000000002d8e                _fdopen
 .text._fflush  0x0000000000002df8       0x58 /Applications/lpcxpresso_8.1.4_606/lpcxpresso/tools/bin/../lib/gcc/arm-none-eabi/5.2.1/../../../../arm-none-eabi/lib/armv7e-m/softfp/libcr_c.a(_fflush.o)
                0x0000000000002df8                _fflush
 .text._frexpl  0x0000000000002e50       0x5a /Applications/lpcxpresso_8.1.4_606/lpcxpresso/tools/bin/../lib/gcc/arm-none-eabi/5.2.1/../../../../arm-none-eabi/lib/armv7e-m/softfp/libcr_c.a(_frexpl.o)
                0x0000000000002e50                _frexpl
 *fill*         0x0000000000002eaa        0x2 ff
 .text._ldexpl  0x0000000000002eac       0x4c /Applications/lpcxpresso_8.1.4_606/lpcxpresso/tools/bin/../lib/gcc/arm-none-eabi/5.2.1/../../../../arm-none-eabi/lib/armv7e-m/softfp/libcr_c.a(_ldexpl.o)
                0x0000000000002eac                _ldexpl
 .text._Cwritebuf
                0x0000000000002ef8       0x68 /Applications/lpcxpresso_8.1.4_606/lpcxpresso/tools/bin/../lib/gcc/arm-none-eabi/5.2.1/../../../../arm-none-eabi/lib/armv7e-m/softfp/libcr_c.a(_writebuf.o)
                0x0000000000002ef8                _Cwritebuf
 .text.malloc   0x0000000000002f60       0xc8 /Applications/lpcxpresso_8.1.4_606/lpcxpresso/tools/bin/../lib/gcc/arm-none-eabi/5.2.1/../../../../arm-none-eabi/lib/armv7e-m/softfp/libcr_c.a(alloc.o)
                0x0000000000002f60                malloc
 .text.free     0x0000000000003028       0x30 /Applications/lpcxpresso_8.1.4_606/lpcxpresso/tools/bin/../lib/gcc/arm-none-eabi/5.2.1/../../../../arm-none-eabi/lib/armv7e-m/softfp/libcr_c.a(alloc.o)
                0x0000000000003028                free
 .text._Csys_alloc
                0x0000000000003058       0x20 /Applications/lpcxpresso_8.1.4_606/lpcxpresso/tools/bin/../lib/gcc/arm-none-eabi/5.2.1/../../../../arm-none-eabi/lib/armv7e-m/softfp/libcr_c.a(alloc.o)
                0x0000000000003058                _Csys_alloc
 .text.fclose   0x0000000000003078       0x6c /Applications/lpcxpresso_8.1.4_606/lpcxpresso/tools/bin/../lib/gcc/arm-none-eabi/5.2.1/../../../../arm-none-eabi/lib/armv7e-m/softfp/libcr_c.a(fclose.o)
                0x0000000000003078                fclose
 .text.fflush   0x00000000000030e4       0x30 /Applications/lpcxpresso_8.1.4_606/lpcxpresso/tools/bin/../lib/gcc/arm-none-eabi/5.2.1/../../../../arm-none-eabi/lib/armv7e-m/softfp/libcr_c.a(fflush.o)
                0x00000000000030e4                fflush
 .text.fseek    0x0000000000003114      0x110 /Applications/lpcxpresso_8.1.4_606/lpcxpresso/tools/bin/../lib/gcc/arm-none-eabi/5.2.1/../../../../arm-none-eabi/lib/armv7e-m/softfp/libcr_c.a(fseek.o)
                0x0000000000003114                fseek
 .text.ftell    0x0000000000003224       0x4c /Applications/lpcxpresso_8.1.4_606/lpcxpresso/tools/bin/../lib/gcc/arm-none-eabi/5.2.1/../../../../arm-none-eabi/lib/armv7e-m/softfp/libcr_c.a(ftell.o)
                0x0000000000003224                ftell
 .text.remove   0x0000000000003270       0x14 /Applications/lpcxpresso_8.1.4_606/lpcxpresso/tools/bin/../lib/gcc/arm-none-eabi/5.2.1/../../../../arm-none-eabi/lib/armv7e-m/softfp/libcr_c.a(remove.o)
                0x0000000000003270                remove
 .text._sbrk    0x0000000000003284       0x40 /Applications/lpcxpresso_8.1.4_606/lpcxpresso/tools/bin/../lib/gcc/arm-none-eabi/5.2.1/../../../../arm-none-eabi/lib/armv7e-m/softfp/libcr_c.a(_cr_sbrk.o)
                0x0000000000003284                _sbrk
 .text._do_fflush
                0x00000000000032c4       0x44 /Applications/lpcxpresso_8.1.4_606/lpcxpresso/tools/bin/../lib/gcc/arm-none-eabi/5.2.1/../../../../arm-none-eabi/lib/armv7e-m/softfp/libcr_c.a(_do_fflush.o)
                0x00000000000032c4                _do_fflush
 .text.__check_heap_overflow
                0x0000000000003308       0x18 /Applications/lpcxpresso_8.1.4_606/lpcxpresso/tools/bin/../lib/gcc/arm-none-eabi/5.2.1/../../../../arm-none-eabi/lib/armv7e-m/softfp/libcr_c.a(_cr_check_heap.o)
                0x0000000000003308                __check_heap_overflow
 .text.__aeabi_dmul
                0x0000000000003320      0x110 /Applications/lpcxpresso_8.1.4_606/lpcxpresso/tools/bin/../lib/gcc/arm-none-eabi/5.2.1/armv7e-m/softfp/libcr_eabihelpers.a(double.o)
                0x0000000000003320                __aeabi_dmul
 .text.__aeabi_ddiv
                0x0000000000003430      0x13c /Applications/lpcxpresso_8.1.4_606/lpcxpresso/tools/bin/../lib/gcc/arm-none-eabi/5.2.1/armv7e-m/softfp/libcr_eabihelpers.a(double.o)
                0x0000000000003430                __aeabi_ddiv
 .text.__aeabi_dsub
                0x000000000000356c      0x1b4 /Applications/lpcxpresso_8.1.4_606/lpcxpresso/tools/bin/../lib/gcc/arm-none-eabi/5.2.1/armv7e-m/softfp/libcr_eabihelpers.a(double.o)
                0x000000000000356c                __aeabi_dsub
 .text.__aeabi_dadd
                0x0000000000003720      0x114 /Applications/lpcxpresso_8.1.4_606/lpcxpresso/tools/bin/../lib/gcc/arm-none-eabi/5.2.1/armv7e-m/softfp/libcr_eabihelpers.a(double.o)
                0x0000000000003720                __aeabi_dadd
 .text.__aeabi_d2iz
                0x0000000000003834       0x40 /Applications/lpcxpresso_8.1.4_606/lpcxpresso/tools/bin/../lib/gcc/arm-none-eabi/5.2.1/armv7e-m/softfp/libcr_eabihelpers.a(double.o)
                0x0000000000003834                __aeabi_d2iz
 .text.__bhs_ui2d
                0x0000000000003874       0x46 /Applications/lpcxpresso_8.1.4_606/lpcxpresso/tools/bin/../lib/gcc/arm-none-eabi/5.2.1/armv7e-m/softfp/libcr_eabihelpers.a(double.o)
                0x0000000000003874                __bhs_ui2d
 .text.__aeabi_i2d
                0x00000000000038ba       0x10 /Applications/lpcxpresso_8.1.4_606/lpcxpresso/tools/bin/../lib/gcc/arm-none-eabi/5.2.1/armv7e-m/softfp/libcr_eabihelpers.a(double.o)
                0x00000000000038ba                __aeabi_i2d
 .text.__aeabi_dcmpeq
                0x00000000000038ca       0x30 /Applications/lpcxpresso_8.1.4_606/lpcxpresso/tools/bin/../lib/gcc/arm-none-eabi/5.2.1/armv7e-m/softfp/libcr_eabihelpers.a(double.o)
                0x00000000000038ca                __aeabi_dcmpeq
 .text.__aeabi_dcmplt
                0x00000000000038fa       0x58 /Applications/lpcxpresso_8.1.4_606/lpcxpresso/tools/bin/../lib/gcc/arm-none-eabi/5.2.1/armv7e-m/softfp/libcr_eabihelpers.a(double.o)
                0x00000000000038fa                __aeabi_dcmplt
 .text.__aeabi_dcmple
                0x0000000000003952       0x54 /Applications/lpcxpresso_8.1.4_606/lpcxpresso/tools/bin/../lib/gcc/arm-none-eabi/5.2.1/armv7e-m/softfp/libcr_eabihelpers.a(double.o)
                0x0000000000003952                __aeabi_dcmple
 .text.__aeabi_dcmpge
                0x00000000000039a6       0x54 /Applications/lpcxpresso_8.1.4_606/lpcxpresso/tools/bin/../lib/gcc/arm-none-eabi/5.2.1/armv7e-m/softfp/libcr_eabihelpers.a(double.o)
                0x00000000000039a6                __aeabi_dcmpge
 .text.__aeabi_memset_lowlevel
                0x00000000000039fa       0x32 /Applications/lpcxpresso_8.1.4_606/lpcxpresso/tools/bin/../lib/gcc/arm-none-eabi/5.2.1/armv7e-m/softfp/libcr_eabihelpers.a(memcpy.o)
                0x00000000000039fa                __aeabi_lowlevel_memset
 .text.__sys_appexit
                0x0000000000003a2c        0xc /Applications/lpcxpresso_8.1.4_606/lpcxpresso/tools/bin/../lib/gcc/arm-none-eabi/5.2.1/../../../../arm-none-eabi/lib/armv7e-m/softfp/libcr_semihost.a(__sys_appexit.o)
                0x0000000000003a2c                __exit
                0x0000000000003a2c                __sys_appexit
 .text.__sys_close
                0x0000000000003a38        0xc /Applications/lpcxpresso_8.1.4_606/lpcxpresso/tools/bin/../lib/gcc/arm-none-eabi/5.2.1/../../../../arm-none-eabi/lib/armv7e-m/softfp/libcr_semihost.a(__sys_close.o)
                0x0000000000003a38                __sys_close
 .text.__sys_flen
                0x0000000000003a44        0xc /Applications/lpcxpresso_8.1.4_606/lpcxpresso/tools/bin/../lib/gcc/arm-none-eabi/5.2.1/../../../../arm-none-eabi/lib/armv7e-m/softfp/libcr_semihost.a(__sys_flen.o)
                0x0000000000003a44                __sys_flen
 .text.__sys_istty
                0x0000000000003a50        0xc /Applications/lpcxpresso_8.1.4_606/lpcxpresso/tools/bin/../lib/gcc/arm-none-eabi/5.2.1/../../../../arm-none-eabi/lib/armv7e-m/softfp/libcr_semihost.a(__sys_istty.o)
                0x0000000000003a50                __sys_istty
 .text.__sys_remove
                0x0000000000003a5c        0xc /Applications/lpcxpresso_8.1.4_606/lpcxpresso/tools/bin/../lib/gcc/arm-none-eabi/5.2.1/../../../../arm-none-eabi/lib/armv7e-m/softfp/libcr_semihost.a(__sys_remove.o)
                0x0000000000003a5c                __sys_remove
 .text.__sys_seek
                0x0000000000003a68        0xc /Applications/lpcxpresso_8.1.4_606/lpcxpresso/tools/bin/../lib/gcc/arm-none-eabi/5.2.1/../../../../arm-none-eabi/lib/armv7e-m/softfp/libcr_semihost.a(__sys_seek.o)
                0x0000000000003a68                __sys_seek
 .text.__sys_tmpnam
                0x0000000000003a74        0xc /Applications/lpcxpresso_8.1.4_606/lpcxpresso/tools/bin/../lib/gcc/arm-none-eabi/5.2.1/../../../../arm-none-eabi/lib/armv7e-m/softfp/libcr_semihost.a(__sys_tmpnam.o)
                0x0000000000003a74                __sys_tmpnam
 .text.__sys_write
                0x0000000000003a80        0xc /Applications/lpcxpresso_8.1.4_606/lpcxpresso/tools/bin/../lib/gcc/arm-none-eabi/5.2.1/../../../../arm-none-eabi/lib/armv7e-m/softfp/libcr_semihost.a(__sys_write.o)
                0x0000000000003a80                __write
                0x0000000000003a80                __sys_write
 *(.rodata .rodata.* .constdata .constdata.*)
 .rodata        0x0000000000003a8c        0xd ./example/src/main.o
 *fill*         0x0000000000003a99        0x3 ff
 .rodata.ledports
                0x0000000000003a9c        0x4 /Users/mortenopprudjakobsen/workspace/ISD/2016/lpc_board_ea_devkit_4088/Debug/liblpc_board_ea_devkit_4088.a(board.o)
 .rodata.ledpins
                0x0000000000003aa0        0x4 /Users/mortenopprudjakobsen/workspace/ISD/2016/lpc_board_ea_devkit_4088/Debug/liblpc_board_ea_devkit_4088.a(board.o)
 .rodata.OscRateIn
                0x0000000000003aa4        0x4 /Users/mortenopprudjakobsen/workspace/ISD/2016/lpc_board_ea_devkit_4088/Debug/liblpc_board_ea_devkit_4088.a(board.o)
                0x0000000000003aa4                OscRateIn
 .rodata.pinmuxing
                0x0000000000003aa8       0x88 /Users/mortenopprudjakobsen/workspace/ISD/2016/lpc_board_ea_devkit_4088/Debug/liblpc_board_ea_devkit_4088.a(board_sysinit.o)
 .rodata.IS42S32800D_config
                0x0000000000003b30       0x74 /Users/mortenopprudjakobsen/workspace/ISD/2016/lpc_board_ea_devkit_4088/Debug/liblpc_board_ea_devkit_4088.a(board_sysinit.o)
 .rodata.SST39VF320_config
                0x0000000000003ba4       0x20 /Users/mortenopprudjakobsen/workspace/ISD/2016/lpc_board_ea_devkit_4088/Debug/liblpc_board_ea_devkit_4088.a(board_sysinit.o)
 .rodata.K9F1G_config
                0x0000000000003bc4       0x20 /Users/mortenopprudjakobsen/workspace/ISD/2016/lpc_board_ea_devkit_4088/Debug/liblpc_board_ea_devkit_4088.a(board_sysinit.o)
 .rodata.str1.1
                0x0000000000003be4       0x34 /Applications/lpcxpresso_8.1.4_606/lpcxpresso/tools/bin/../lib/gcc/arm-none-eabi/5.2.1/../../../../arm-none-eabi/lib/armv7e-m/softfp/libcr_c.a(fpprintf.o)
                                         0x35 (size before relaxing)
 .rodata.str1.1
                0x0000000000003c18        0x4 /Applications/lpcxpresso_8.1.4_606/lpcxpresso/tools/bin/../lib/gcc/arm-none-eabi/5.2.1/../../../../arm-none-eabi/lib/armv7e-m/softfp/libcr_c.a(initio.o)
 .rodata.str1.1
                0x0000000000003c1c       0x31 /Applications/lpcxpresso_8.1.4_606/lpcxpresso/tools/bin/../lib/gcc/arm-none-eabi/5.2.1/../../../../arm-none-eabi/lib/armv7e-m/softfp/libcr_c.a(printf.o)
                                         0x38 (size before relaxing)
 .rodata.str1.1
                0x0000000000003c4d       0x18 /Applications/lpcxpresso_8.1.4_606/lpcxpresso/tools/bin/../lib/gcc/arm-none-eabi/5.2.1/../../../../arm-none-eabi/lib/armv7e-m/softfp/libcr_c.a(alloc.o)
 *fill*         0x0000000000003c65        0x3 ff
 .rodata.__huge_vall
                0x0000000000003c68        0x8 /Applications/lpcxpresso_8.1.4_606/lpcxpresso/tools/bin/../lib/gcc/arm-none-eabi/5.2.1/../../../../arm-none-eabi/lib/armv7e-m/softfp/libcr_c.a(_hugeval.o)
                0x0000000000003c68                __huge_vall
                0x0000000000003c70                . = ALIGN (0x4)

.glue_7         0x0000000000003c70        0x0
 .glue_7        0x0000000000003c70        0x0 linker stubs

.glue_7t        0x0000000000003c70        0x0
 .glue_7t       0x0000000000003c70        0x0 linker stubs

.vfp11_veneer   0x0000000000003c70        0x0
 .vfp11_veneer  0x0000000000003c70        0x0 linker stubs

.v4_bx          0x0000000000003c70        0x0
 .v4_bx         0x0000000000003c70        0x0 linker stubs

.iplt           0x0000000000003c70        0x0
 .iplt          0x0000000000003c70        0x0 ./example/src/adc.o

.rel.dyn        0x0000000000003c70        0x0
 .rel.iplt      0x0000000000003c70        0x0 ./example/src/adc.o

.ARM.extab
 *(.ARM.extab* .gnu.linkonce.armextab.*)
                0x0000000000003c70                __exidx_start = .

.ARM.exidx
 *(.ARM.exidx* .gnu.linkonce.armexidx.*)
                0x0000000000003c70                __exidx_end = .
                0x0000000000003c70                _etext = .

.data_RAM2      0x0000000020000000        0x0 load address 0x0000000000003c70
 FILL mask 0xff
                [!provide]                        PROVIDE (__start_data_RAM2, .)
 *(.ramfunc.$RAM2)
 *(.ramfunc.$RamPeriph32)
 *(.data.$RAM2*)
 *(.data.$RamPeriph32*)
                0x0000000020000000                . = ALIGN (0x4)
                [!provide]                        PROVIDE (__end_data_RAM2, .)

.uninit_RESERVED
                0x0000000010000000        0x0
 *(.bss.$RESERVED*)
                0x0000000010000000                . = ALIGN (0x4)
                0x0000000010000000                _end_uninit_RESERVED = .

.data           0x0000000010000000        0x0 load address 0x0000000000003c70
 FILL mask 0xff
                0x0000000010000000                _data = .
 *(vtable)
 *(.ramfunc*)
 *(.data*)
                0x0000000010000000                . = ALIGN (0x4)
                0x0000000010000000                _edata = .

.igot.plt       0x0000000010000000        0x0 load address 0x0000000000003c70
 .igot.plt      0x0000000010000000        0x0 ./example/src/adc.o

.bss_RAM2       0x0000000020000000        0x0
                [!provide]                        PROVIDE (__start_bss_RAM2, .)
 *(.bss.$RAM2*)
 *(.bss.$RamPeriph32*)
                0x0000000020000000                . = ALIGN ((. != 0x0)?0x4:0x1)
                [!provide]                        PROVIDE (__end_bss_RAM2, .)

.bss            0x0000000010000000      0x154
                0x0000000010000000                _bss = .
 *(.bss*)
 .bss._extra    0x0000000010000000        0x4 /Applications/lpcxpresso_8.1.4_606/lpcxpresso/tools/bin/../lib/gcc/arm-none-eabi/5.2.1/../../../../arm-none-eabi/lib/armv7e-m/softfp/libcr_c.a(initio.o)
                0x0000000010000000                _extra
 .bss.__Ciob    0x0000000010000004      0x140 /Applications/lpcxpresso_8.1.4_606/lpcxpresso/tools/bin/../lib/gcc/arm-none-eabi/5.2.1/../../../../arm-none-eabi/lib/armv7e-m/softfp/libcr_c.a(stdio.o)
                0x0000000010000004                __Ciob
 .bss.errno     0x0000000010000144        0x4 /Applications/lpcxpresso_8.1.4_606/lpcxpresso/tools/bin/../lib/gcc/arm-none-eabi/5.2.1/../../../../arm-none-eabi/lib/armv7e-m/softfp/libcr_c.a(errno.o)
                0x0000000010000144                errno
 .bss.__heaps   0x0000000010000148        0x4 /Applications/lpcxpresso_8.1.4_606/lpcxpresso/tools/bin/../lib/gcc/arm-none-eabi/5.2.1/../../../../arm-none-eabi/lib/armv7e-m/softfp/libcr_c.a(__init_alloc.o)
                0x0000000010000148                __heaps
 .bss.__end_of_heap
                0x000000001000014c        0x4 /Applications/lpcxpresso_8.1.4_606/lpcxpresso/tools/bin/../lib/gcc/arm-none-eabi/5.2.1/../../../../arm-none-eabi/lib/armv7e-m/softfp/libcr_c.a(__init_alloc.o)
                0x000000001000014c                __end_of_heap
 *(COMMON)
 COMMON         0x0000000010000150        0x4 /Users/mortenopprudjakobsen/workspace/ISD/2016/lpc_chip_40xx/Debug/liblpc_chip_40xx.a(chip_17xx_40xx.o)
                0x0000000010000150                SystemCoreClock
                0x0000000010000154                . = ALIGN (0x4)
                0x0000000010000154                _ebss = .
                [!provide]                        PROVIDE (end, .)

.noinit_RAM2    0x0000000020000000        0x0
 *(.noinit.$RAM2*)
 *(.noinit.$RamPeriph32*)
                0x0000000020000000                . = ALIGN (0x4)

.noinit         0x0000000010000154        0x0
                0x0000000010000154                _noinit = .
 *(.noinit*)
                0x0000000010000154                . = ALIGN (0x4)
                0x0000000010000154                _end_noinit = .
                0x0000000010000154                PROVIDE (_pvHeapStart, DEFINED (__user_heap_base)?__user_heap_base:.)
                0x0000000010010000                PROVIDE (_vStackTop, DEFINED (__user_stack_top)?__user_stack_top:(__top_RamLoc64 - 0x0))
                [!provide]                        PROVIDE (__valid_user_code_checksum, (0x0 - ((((((_vStackTop + (ResetISR + 0x1)) + (NMI_Handler + 0x1)) + (HardFault_Handler + 0x1)) + (DEFINED (MemManage_Handler)?MemManage_Handler:0x0 + 0x1)) + (DEFINED (BusFault_Handler)?BusFault_Handler:0x0 + 0x1)) + (DEFINED (UsageFault_Handler)?UsageFault_Handler:0x0 + 0x1))))
OUTPUT(E3ISD1_simple_ADC.axf elf32-littlearm)

.debug_info     0x0000000000000000     0x58c7
 .debug_info    0x0000000000000000      0x493 ./example/src/adc.o
 .debug_info    0x0000000000000493      0x25d ./example/src/cr_startup_lpc40xx.o
 .debug_info    0x00000000000006f0      0x122 ./example/src/main.o
 .debug_info    0x0000000000000812      0x110 ./example/src/sysinit.o
 .debug_info    0x0000000000000922     0x1af9 /Users/mortenopprudjakobsen/workspace/ISD/2016/lpc_board_ea_devkit_4088/Debug/liblpc_board_ea_devkit_4088.a(board.o)
 .debug_info    0x000000000000241b      0xa07 /Users/mortenopprudjakobsen/workspace/ISD/2016/lpc_board_ea_devkit_4088/Debug/liblpc_board_ea_devkit_4088.a(board_sysinit.o)
 .debug_info    0x0000000000002e22      0x5ea /Users/mortenopprudjakobsen/workspace/ISD/2016/lpc_chip_40xx/Debug/liblpc_chip_40xx.a(chip_17xx_40xx.o)
 .debug_info    0x000000000000340c      0xb75 /Users/mortenopprudjakobsen/workspace/ISD/2016/lpc_chip_40xx/Debug/liblpc_chip_40xx.a(clock_17xx_40xx.o)
 .debug_info    0x0000000000003f81      0xc47 /Users/mortenopprudjakobsen/workspace/ISD/2016/lpc_chip_40xx/Debug/liblpc_chip_40xx.a(emc_17xx_40xx.o)
 .debug_info    0x0000000000004bc8      0x128 /Users/mortenopprudjakobsen/workspace/ISD/2016/lpc_chip_40xx/Debug/liblpc_chip_40xx.a(fpu_init.o)
 .debug_info    0x0000000000004cf0      0x1f9 /Users/mortenopprudjakobsen/workspace/ISD/2016/lpc_chip_40xx/Debug/liblpc_chip_40xx.a(iocon_17xx_40xx.o)
 .debug_info    0x0000000000004ee9      0x502 /Users/mortenopprudjakobsen/workspace/ISD/2016/lpc_chip_40xx/Debug/liblpc_chip_40xx.a(sysctl_17xx_40xx.o)
 .debug_info    0x00000000000053eb      0x4dc /Users/mortenopprudjakobsen/workspace/ISD/2016/lpc_chip_40xx/Debug/liblpc_chip_40xx.a(sysinit_17xx_40xx.o)

.debug_abbrev   0x0000000000000000     0x13ae
 .debug_abbrev  0x0000000000000000      0x115 ./example/src/adc.o
 .debug_abbrev  0x0000000000000115       0xf5 ./example/src/cr_startup_lpc40xx.o
 .debug_abbrev  0x000000000000020a       0xbc ./example/src/main.o
 .debug_abbrev  0x00000000000002c6       0xa3 ./example/src/sysinit.o
 .debug_abbrev  0x0000000000000369      0x39e /Users/mortenopprudjakobsen/workspace/ISD/2016/lpc_board_ea_devkit_4088/Debug/liblpc_board_ea_devkit_4088.a(board.o)
 .debug_abbrev  0x0000000000000707      0x234 /Users/mortenopprudjakobsen/workspace/ISD/2016/lpc_board_ea_devkit_4088/Debug/liblpc_board_ea_devkit_4088.a(board_sysinit.o)
 .debug_abbrev  0x000000000000093b      0x15e /Users/mortenopprudjakobsen/workspace/ISD/2016/lpc_chip_40xx/Debug/liblpc_chip_40xx.a(chip_17xx_40xx.o)
 .debug_abbrev  0x0000000000000a99      0x2b4 /Users/mortenopprudjakobsen/workspace/ISD/2016/lpc_chip_40xx/Debug/liblpc_chip_40xx.a(clock_17xx_40xx.o)
 .debug_abbrev  0x0000000000000d4d      0x1fb /Users/mortenopprudjakobsen/workspace/ISD/2016/lpc_chip_40xx/Debug/liblpc_chip_40xx.a(emc_17xx_40xx.o)
 .debug_abbrev  0x0000000000000f48       0x84 /Users/mortenopprudjakobsen/workspace/ISD/2016/lpc_chip_40xx/Debug/liblpc_chip_40xx.a(fpu_init.o)
 .debug_abbrev  0x0000000000000fcc      0x122 /Users/mortenopprudjakobsen/workspace/ISD/2016/lpc_chip_40xx/Debug/liblpc_chip_40xx.a(iocon_17xx_40xx.o)
 .debug_abbrev  0x00000000000010ee      0x14b /Users/mortenopprudjakobsen/workspace/ISD/2016/lpc_chip_40xx/Debug/liblpc_chip_40xx.a(sysctl_17xx_40xx.o)
 .debug_abbrev  0x0000000000001239      0x175 /Users/mortenopprudjakobsen/workspace/ISD/2016/lpc_chip_40xx/Debug/liblpc_chip_40xx.a(sysinit_17xx_40xx.o)

.debug_aranges  0x0000000000000000      0x5c0
 .debug_aranges
                0x0000000000000000       0x28 ./example/src/adc.o
 .debug_aranges
                0x0000000000000028       0x80 ./example/src/cr_startup_lpc40xx.o
 .debug_aranges
                0x00000000000000a8       0x28 ./example/src/main.o
 .debug_aranges
                0x00000000000000d0       0x20 ./example/src/sysinit.o
 .debug_aranges
                0x00000000000000f0      0x1c8 /Users/mortenopprudjakobsen/workspace/ISD/2016/lpc_board_ea_devkit_4088/Debug/liblpc_board_ea_devkit_4088.a(board.o)
 .debug_aranges
                0x00000000000002b8       0x50 /Users/mortenopprudjakobsen/workspace/ISD/2016/lpc_board_ea_devkit_4088/Debug/liblpc_board_ea_devkit_4088.a(board_sysinit.o)
 .debug_aranges
                0x0000000000000308       0x30 /Users/mortenopprudjakobsen/workspace/ISD/2016/lpc_chip_40xx/Debug/liblpc_chip_40xx.a(chip_17xx_40xx.o)
 .debug_aranges
                0x0000000000000338      0x138 /Users/mortenopprudjakobsen/workspace/ISD/2016/lpc_chip_40xx/Debug/liblpc_chip_40xx.a(clock_17xx_40xx.o)
 .debug_aranges
                0x0000000000000470       0x80 /Users/mortenopprudjakobsen/workspace/ISD/2016/lpc_chip_40xx/Debug/liblpc_chip_40xx.a(emc_17xx_40xx.o)
 .debug_aranges
                0x00000000000004f0       0x20 /Users/mortenopprudjakobsen/workspace/ISD/2016/lpc_chip_40xx/Debug/liblpc_chip_40xx.a(fpu_init.o)
 .debug_aranges
                0x0000000000000510       0x28 /Users/mortenopprudjakobsen/workspace/ISD/2016/lpc_chip_40xx/Debug/liblpc_chip_40xx.a(iocon_17xx_40xx.o)
 .debug_aranges
                0x0000000000000538       0x28 /Users/mortenopprudjakobsen/workspace/ISD/2016/lpc_chip_40xx/Debug/liblpc_chip_40xx.a(sysctl_17xx_40xx.o)
 .debug_aranges
                0x0000000000000560       0x60 /Users/mortenopprudjakobsen/workspace/ISD/2016/lpc_chip_40xx/Debug/liblpc_chip_40xx.a(sysinit_17xx_40xx.o)

.debug_ranges   0x0000000000000000      0x4f0
 .debug_ranges  0x0000000000000000       0x18 ./example/src/adc.o
 .debug_ranges  0x0000000000000018       0x70 ./example/src/cr_startup_lpc40xx.o
 .debug_ranges  0x0000000000000088       0x18 ./example/src/main.o
 .debug_ranges  0x00000000000000a0       0x10 ./example/src/sysinit.o
 .debug_ranges  0x00000000000000b0      0x1b8 /Users/mortenopprudjakobsen/workspace/ISD/2016/lpc_board_ea_devkit_4088/Debug/liblpc_board_ea_devkit_4088.a(board.o)
 .debug_ranges  0x0000000000000268       0x40 /Users/mortenopprudjakobsen/workspace/ISD/2016/lpc_board_ea_devkit_4088/Debug/liblpc_board_ea_devkit_4088.a(board_sysinit.o)
 .debug_ranges  0x00000000000002a8       0x20 /Users/mortenopprudjakobsen/workspace/ISD/2016/lpc_chip_40xx/Debug/liblpc_chip_40xx.a(chip_17xx_40xx.o)
 .debug_ranges  0x00000000000002c8      0x128 /Users/mortenopprudjakobsen/workspace/ISD/2016/lpc_chip_40xx/Debug/liblpc_chip_40xx.a(clock_17xx_40xx.o)
 .debug_ranges  0x00000000000003f0       0x70 /Users/mortenopprudjakobsen/workspace/ISD/2016/lpc_chip_40xx/Debug/liblpc_chip_40xx.a(emc_17xx_40xx.o)
 .debug_ranges  0x0000000000000460       0x10 /Users/mortenopprudjakobsen/workspace/ISD/2016/lpc_chip_40xx/Debug/liblpc_chip_40xx.a(fpu_init.o)
 .debug_ranges  0x0000000000000470       0x18 /Users/mortenopprudjakobsen/workspace/ISD/2016/lpc_chip_40xx/Debug/liblpc_chip_40xx.a(iocon_17xx_40xx.o)
 .debug_ranges  0x0000000000000488       0x18 /Users/mortenopprudjakobsen/workspace/ISD/2016/lpc_chip_40xx/Debug/liblpc_chip_40xx.a(sysctl_17xx_40xx.o)
 .debug_ranges  0x00000000000004a0       0x50 /Users/mortenopprudjakobsen/workspace/ISD/2016/lpc_chip_40xx/Debug/liblpc_chip_40xx.a(sysinit_17xx_40xx.o)

.debug_macro    0x0000000000000000     0x6453
 .debug_macro   0x0000000000000000      0x244 ./example/src/adc.o
 .debug_macro   0x0000000000000244      0x89e ./example/src/adc.o
 .debug_macro   0x0000000000000ae2       0x10 ./example/src/adc.o
 .debug_macro   0x0000000000000af2      0x12d ./example/src/adc.o
 .debug_macro   0x0000000000000c1f      0x5b2 ./example/src/adc.o
 .debug_macro   0x00000000000011d1       0x22 ./example/src/adc.o
 .debug_macro   0x00000000000011f3       0x7b ./example/src/adc.o
 .debug_macro   0x000000000000126e       0x16 ./example/src/adc.o
 .debug_macro   0x0000000000001284       0x2d ./example/src/adc.o
 .debug_macro   0x00000000000012b1       0x3b ./example/src/adc.o
 .debug_macro   0x00000000000012ec       0x2d ./example/src/adc.o
 .debug_macro   0x0000000000001319       0x42 ./example/src/adc.o
 .debug_macro   0x000000000000135b      0xd39 ./example/src/adc.o
 .debug_macro   0x0000000000002094      0x295 ./example/src/adc.o
 .debug_macro   0x0000000000002329       0x50 ./example/src/adc.o
 .debug_macro   0x0000000000002379       0x34 ./example/src/adc.o
 .debug_macro   0x00000000000023ad      0x152 ./example/src/adc.o
 .debug_macro   0x00000000000024ff       0x82 ./example/src/adc.o
 .debug_macro   0x0000000000002581      0x48c ./example/src/adc.o
 .debug_macro   0x0000000000002a0d      0x12d ./example/src/adc.o
 .debug_macro   0x0000000000002b3a       0x6a ./example/src/adc.o
 .debug_macro   0x0000000000002ba4       0x34 ./example/src/adc.o
 .debug_macro   0x0000000000002bd8       0x58 ./example/src/adc.o
 .debug_macro   0x0000000000002c30      0x236 ./example/src/adc.o
 .debug_macro   0x0000000000002e66      0x4c5 ./example/src/adc.o
 .debug_macro   0x000000000000332b      0x1da ./example/src/adc.o
 .debug_macro   0x0000000000003505       0x10 ./example/src/adc.o
 .debug_macro   0x0000000000003515      0x21b ./example/src/adc.o
 .debug_macro   0x0000000000003730      0x1b9 ./example/src/adc.o
 .debug_macro   0x00000000000038e9       0x2e ./example/src/adc.o
 .debug_macro   0x0000000000003917       0x40 ./example/src/adc.o
 .debug_macro   0x0000000000003957      0x209 ./example/src/adc.o
 .debug_macro   0x0000000000003b60      0x2b3 ./example/src/adc.o
 .debug_macro   0x0000000000003e13      0x34c ./example/src/adc.o
 .debug_macro   0x000000000000415f       0xb2 ./example/src/adc.o
 .debug_macro   0x0000000000004211       0x16 ./example/src/adc.o
 .debug_macro   0x0000000000004227       0xb8 ./example/src/adc.o
 .debug_macro   0x00000000000042df       0x4c ./example/src/adc.o
 .debug_macro   0x000000000000432b       0x16 ./example/src/adc.o
 .debug_macro   0x0000000000004341      0x328 ./example/src/adc.o
 .debug_macro   0x0000000000004669       0x3a ./example/src/adc.o
 .debug_macro   0x00000000000046a3       0x16 ./example/src/adc.o
 .debug_macro   0x00000000000046b9       0xca ./example/src/adc.o
 .debug_macro   0x0000000000004783       0x18 ./example/src/adc.o
 .debug_macro   0x000000000000479b       0x16 ./example/src/adc.o
 .debug_macro   0x00000000000047b1       0x1d ./example/src/cr_startup_lpc40xx.o
 .debug_macro   0x00000000000047ce      0x2a0 ./example/src/main.o
 .debug_macro   0x0000000000004a6e       0x8e ./example/src/main.o
 .debug_macro   0x0000000000004afc      0x124 ./example/src/main.o
 .debug_macro   0x0000000000004c20       0x6c ./example/src/main.o
 .debug_macro   0x0000000000004c8c       0x9a ./example/src/main.o
 .debug_macro   0x0000000000004d26       0x20 ./example/src/main.o
 .debug_macro   0x0000000000004d46       0x2e ./example/src/main.o
 .debug_macro   0x0000000000004d74      0x296 ./example/src/sysinit.o
 .debug_macro   0x000000000000500a      0x3ce /Users/mortenopprudjakobsen/workspace/ISD/2016/lpc_board_ea_devkit_4088/Debug/liblpc_board_ea_devkit_4088.a(board.o)
 .debug_macro   0x00000000000053d8       0x12 /Users/mortenopprudjakobsen/workspace/ISD/2016/lpc_board_ea_devkit_4088/Debug/liblpc_board_ea_devkit_4088.a(board.o)
 .debug_macro   0x00000000000053ea      0x29c /Users/mortenopprudjakobsen/workspace/ISD/2016/lpc_board_ea_devkit_4088/Debug/liblpc_board_ea_devkit_4088.a(board_sysinit.o)
 .debug_macro   0x0000000000005686      0x22c /Users/mortenopprudjakobsen/workspace/ISD/2016/lpc_chip_40xx/Debug/liblpc_chip_40xx.a(chip_17xx_40xx.o)
 .debug_macro   0x00000000000058b2      0x22c /Users/mortenopprudjakobsen/workspace/ISD/2016/lpc_chip_40xx/Debug/liblpc_chip_40xx.a(clock_17xx_40xx.o)
 .debug_macro   0x0000000000005ade      0x232 /Users/mortenopprudjakobsen/workspace/ISD/2016/lpc_chip_40xx/Debug/liblpc_chip_40xx.a(emc_17xx_40xx.o)
 .debug_macro   0x0000000000005d10       0xbf /Users/mortenopprudjakobsen/workspace/ISD/2016/lpc_chip_40xx/Debug/liblpc_chip_40xx.a(fpu_init.o)
 .debug_macro   0x0000000000005dcf      0x22c /Users/mortenopprudjakobsen/workspace/ISD/2016/lpc_chip_40xx/Debug/liblpc_chip_40xx.a(iocon_17xx_40xx.o)
 .debug_macro   0x0000000000005ffb      0x22c /Users/mortenopprudjakobsen/workspace/ISD/2016/lpc_chip_40xx/Debug/liblpc_chip_40xx.a(sysctl_17xx_40xx.o)
 .debug_macro   0x0000000000006227      0x22c /Users/mortenopprudjakobsen/workspace/ISD/2016/lpc_chip_40xx/Debug/liblpc_chip_40xx.a(sysinit_17xx_40xx.o)

.debug_line     0x0000000000000000     0x463b
 .debug_line    0x0000000000000000      0x4c4 ./example/src/adc.o
 .debug_line    0x00000000000004c4       0xe1 ./example/src/cr_startup_lpc40xx.o
 .debug_line    0x00000000000005a5      0x5a4 ./example/src/main.o
 .debug_line    0x0000000000000b49      0x579 ./example/src/sysinit.o
 .debug_line    0x00000000000010c2      0xb74 /Users/mortenopprudjakobsen/workspace/ISD/2016/lpc_board_ea_devkit_4088/Debug/liblpc_board_ea_devkit_4088.a(board.o)
 .debug_line    0x0000000000001c36      0x62a /Users/mortenopprudjakobsen/workspace/ISD/2016/lpc_board_ea_devkit_4088/Debug/liblpc_board_ea_devkit_4088.a(board_sysinit.o)
 .debug_line    0x0000000000002260      0x4df /Users/mortenopprudjakobsen/workspace/ISD/2016/lpc_chip_40xx/Debug/liblpc_chip_40xx.a(chip_17xx_40xx.o)
 .debug_line    0x000000000000273f      0x79f /Users/mortenopprudjakobsen/workspace/ISD/2016/lpc_chip_40xx/Debug/liblpc_chip_40xx.a(clock_17xx_40xx.o)
 .debug_line    0x0000000000002ede      0x658 /Users/mortenopprudjakobsen/workspace/ISD/2016/lpc_chip_40xx/Debug/liblpc_chip_40xx.a(emc_17xx_40xx.o)
 .debug_line    0x0000000000003536      0x201 /Users/mortenopprudjakobsen/workspace/ISD/2016/lpc_chip_40xx/Debug/liblpc_chip_40xx.a(fpu_init.o)
 .debug_line    0x0000000000003737      0x4d2 /Users/mortenopprudjakobsen/workspace/ISD/2016/lpc_chip_40xx/Debug/liblpc_chip_40xx.a(iocon_17xx_40xx.o)
 .debug_line    0x0000000000003c09      0x4c4 /Users/mortenopprudjakobsen/workspace/ISD/2016/lpc_chip_40xx/Debug/liblpc_chip_40xx.a(sysctl_17xx_40xx.o)
 .debug_line    0x00000000000040cd      0x56e /Users/mortenopprudjakobsen/workspace/ISD/2016/lpc_chip_40xx/Debug/liblpc_chip_40xx.a(sysinit_17xx_40xx.o)

.debug_str      0x0000000000000000    0x19d61
 .debug_str     0x0000000000000000    0x162e6 ./example/src/adc.o
                                      0x16405 (size before relaxing)
 .debug_str     0x00000000000162e6      0x1d1 ./example/src/cr_startup_lpc40xx.o
                                       0x2732 (size before relaxing)
 .debug_str     0x00000000000164b7      0xd1b ./example/src/main.o
                                      0x16f22 (size before relaxing)
 .debug_str     0x00000000000171d2       0x19 ./example/src/sysinit.o
                                      0x16f13 (size before relaxing)
 .debug_str     0x00000000000171eb     0x17cf /Users/mortenopprudjakobsen/workspace/ISD/2016/lpc_board_ea_devkit_4088/Debug/liblpc_board_ea_devkit_4088.a(board.o)
                                      0x18712 (size before relaxing)
 .debug_str     0x00000000000189ba      0x53c /Users/mortenopprudjakobsen/workspace/ISD/2016/lpc_board_ea_devkit_4088/Debug/liblpc_board_ea_devkit_4088.a(board_sysinit.o)
                                      0x17a72 (size before relaxing)
 .debug_str     0x0000000000018ef6      0x139 /Users/mortenopprudjakobsen/workspace/ISD/2016/lpc_chip_40xx/Debug/liblpc_chip_40xx.a(chip_17xx_40xx.o)
                                      0x168f9 (size before relaxing)
 .debug_str     0x000000000001902f      0x631 /Users/mortenopprudjakobsen/workspace/ISD/2016/lpc_chip_40xx/Debug/liblpc_chip_40xx.a(clock_17xx_40xx.o)
                                      0x16d80 (size before relaxing)
 .debug_str     0x0000000000019660      0x4a5 /Users/mortenopprudjakobsen/workspace/ISD/2016/lpc_chip_40xx/Debug/liblpc_chip_40xx.a(emc_17xx_40xx.o)
                                      0x16930 (size before relaxing)
 .debug_str     0x0000000000019b05       0xb5 /Users/mortenopprudjakobsen/workspace/ISD/2016/lpc_chip_40xx/Debug/liblpc_chip_40xx.a(fpu_init.o)
                                       0x9965 (size before relaxing)
 .debug_str     0x0000000000019bba       0x46 /Users/mortenopprudjakobsen/workspace/ISD/2016/lpc_chip_40xx/Debug/liblpc_chip_40xx.a(iocon_17xx_40xx.o)
                                      0x16290 (size before relaxing)
 .debug_str     0x0000000000019c00       0x87 /Users/mortenopprudjakobsen/workspace/ISD/2016/lpc_chip_40xx/Debug/liblpc_chip_40xx.a(sysctl_17xx_40xx.o)
                                      0x16683 (size before relaxing)
 .debug_str     0x0000000000019c87       0xda /Users/mortenopprudjakobsen/workspace/ISD/2016/lpc_chip_40xx/Debug/liblpc_chip_40xx.a(sysinit_17xx_40xx.o)
                                      0x1655c (size before relaxing)

.comment        0x0000000000000000       0x6e
 .comment       0x0000000000000000       0x6e ./example/src/adc.o
                                         0x6f (size before relaxing)
 .comment       0x000000000000006e       0x6f ./example/src/cr_startup_lpc40xx.o
 .comment       0x000000000000006e       0x6f ./example/src/main.o
 .comment       0x000000000000006e       0x6f ./example/src/sysinit.o
 .comment       0x000000000000006e       0x6f /Users/mortenopprudjakobsen/workspace/ISD/2016/lpc_board_ea_devkit_4088/Debug/liblpc_board_ea_devkit_4088.a(board.o)
 .comment       0x000000000000006e       0x6f /Users/mortenopprudjakobsen/workspace/ISD/2016/lpc_board_ea_devkit_4088/Debug/liblpc_board_ea_devkit_4088.a(board_sysinit.o)
 .comment       0x000000000000006e       0x6f /Users/mortenopprudjakobsen/workspace/ISD/2016/lpc_chip_40xx/Debug/liblpc_chip_40xx.a(chip_17xx_40xx.o)
 .comment       0x000000000000006e       0x6f /Users/mortenopprudjakobsen/workspace/ISD/2016/lpc_chip_40xx/Debug/liblpc_chip_40xx.a(clock_17xx_40xx.o)
 .comment       0x000000000000006e       0x6f /Users/mortenopprudjakobsen/workspace/ISD/2016/lpc_chip_40xx/Debug/liblpc_chip_40xx.a(emc_17xx_40xx.o)
 .comment       0x000000000000006e       0x6f /Users/mortenopprudjakobsen/workspace/ISD/2016/lpc_chip_40xx/Debug/liblpc_chip_40xx.a(fpu_init.o)
 .comment       0x000000000000006e       0x6f /Users/mortenopprudjakobsen/workspace/ISD/2016/lpc_chip_40xx/Debug/liblpc_chip_40xx.a(iocon_17xx_40xx.o)
 .comment       0x000000000000006e       0x6f /Users/mortenopprudjakobsen/workspace/ISD/2016/lpc_chip_40xx/Debug/liblpc_chip_40xx.a(sysctl_17xx_40xx.o)
 .comment       0x000000000000006e       0x6f /Users/mortenopprudjakobsen/workspace/ISD/2016/lpc_chip_40xx/Debug/liblpc_chip_40xx.a(sysinit_17xx_40xx.o)
 .comment       0x000000000000006e       0x6f /Applications/lpcxpresso_8.1.4_606/lpcxpresso/tools/bin/../lib/gcc/arm-none-eabi/5.2.1/../../../../arm-none-eabi/lib/armv7e-m/softfp/libcr_semihost.a(_cr__main.o)
 .comment       0x000000000000006e       0x6f /Applications/lpcxpresso_8.1.4_606/lpcxpresso/tools/bin/../lib/gcc/arm-none-eabi/5.2.1/../../../../arm-none-eabi/lib/armv7e-m/softfp/libcr_c.a(fpprintf.o)
 .comment       0x000000000000006e       0x6f /Applications/lpcxpresso_8.1.4_606/lpcxpresso/tools/bin/../lib/gcc/arm-none-eabi/5.2.1/../../../../arm-none-eabi/lib/armv7e-m/softfp/libcr_c.a(initio.o)
 .comment       0x000000000000006e       0x6f /Applications/lpcxpresso_8.1.4_606/lpcxpresso/tools/bin/../lib/gcc/arm-none-eabi/5.2.1/../../../../arm-none-eabi/lib/armv7e-m/softfp/libcr_c.a(printf.o)
 .comment       0x000000000000006e       0x6f /Applications/lpcxpresso_8.1.4_606/lpcxpresso/tools/bin/../lib/gcc/arm-none-eabi/5.2.1/../../../../arm-none-eabi/lib/armv7e-m/softfp/libcr_c.a(setvbuf.o)
 .comment       0x000000000000006e       0x6f /Applications/lpcxpresso_8.1.4_606/lpcxpresso/tools/bin/../lib/gcc/arm-none-eabi/5.2.1/../../../../arm-none-eabi/lib/armv7e-m/softfp/libcr_c.a(stdio.o)
 .comment       0x000000000000006e       0x6f /Applications/lpcxpresso_8.1.4_606/lpcxpresso/tools/bin/../lib/gcc/arm-none-eabi/5.2.1/../../../../arm-none-eabi/lib/armv7e-m/softfp/libcr_c.a(strlen.o)
 .comment       0x000000000000006e       0x6f /Applications/lpcxpresso_8.1.4_606/lpcxpresso/tools/bin/../lib/gcc/arm-none-eabi/5.2.1/../../../../arm-none-eabi/lib/armv7e-m/softfp/libcr_c.a(memset.o)
 .comment       0x000000000000006e       0x6f /Applications/lpcxpresso_8.1.4_606/lpcxpresso/tools/bin/../lib/gcc/arm-none-eabi/5.2.1/../../../../arm-none-eabi/lib/armv7e-m/softfp/libcr_c.a(_deferredlazyseek.o)
 .comment       0x000000000000006e       0x6f /Applications/lpcxpresso_8.1.4_606/lpcxpresso/tools/bin/../lib/gcc/arm-none-eabi/5.2.1/../../../../arm-none-eabi/lib/armv7e-m/softfp/libcr_c.a(_fdopen.o)
 .comment       0x000000000000006e       0x6f /Applications/lpcxpresso_8.1.4_606/lpcxpresso/tools/bin/../lib/gcc/arm-none-eabi/5.2.1/../../../../arm-none-eabi/lib/armv7e-m/softfp/libcr_c.a(_fflush.o)
 .comment       0x000000000000006e       0x6f /Applications/lpcxpresso_8.1.4_606/lpcxpresso/tools/bin/../lib/gcc/arm-none-eabi/5.2.1/../../../../arm-none-eabi/lib/armv7e-m/softfp/libcr_c.a(_frexpl.o)
 .comment       0x000000000000006e       0x6f /Applications/lpcxpresso_8.1.4_606/lpcxpresso/tools/bin/../lib/gcc/arm-none-eabi/5.2.1/../../../../arm-none-eabi/lib/armv7e-m/softfp/libcr_c.a(_ldexpl.o)
 .comment       0x000000000000006e       0x6f /Applications/lpcxpresso_8.1.4_606/lpcxpresso/tools/bin/../lib/gcc/arm-none-eabi/5.2.1/../../../../arm-none-eabi/lib/armv7e-m/softfp/libcr_c.a(_writebuf.o)
 .comment       0x000000000000006e       0x6f /Applications/lpcxpresso_8.1.4_606/lpcxpresso/tools/bin/../lib/gcc/arm-none-eabi/5.2.1/../../../../arm-none-eabi/lib/armv7e-m/softfp/libcr_c.a(alloc.o)
 .comment       0x000000000000006e       0x6f /Applications/lpcxpresso_8.1.4_606/lpcxpresso/tools/bin/../lib/gcc/arm-none-eabi/5.2.1/../../../../arm-none-eabi/lib/armv7e-m/softfp/libcr_c.a(errno.o)
 .comment       0x000000000000006e       0x6f /Applications/lpcxpresso_8.1.4_606/lpcxpresso/tools/bin/../lib/gcc/arm-none-eabi/5.2.1/../../../../arm-none-eabi/lib/armv7e-m/softfp/libcr_c.a(fclose.o)
 .comment       0x000000000000006e       0x6f /Applications/lpcxpresso_8.1.4_606/lpcxpresso/tools/bin/../lib/gcc/arm-none-eabi/5.2.1/../../../../arm-none-eabi/lib/armv7e-m/softfp/libcr_c.a(fflush.o)
 .comment       0x000000000000006e       0x6f /Applications/lpcxpresso_8.1.4_606/lpcxpresso/tools/bin/../lib/gcc/arm-none-eabi/5.2.1/../../../../arm-none-eabi/lib/armv7e-m/softfp/libcr_c.a(fseek.o)
 .comment       0x000000000000006e       0x6f /Applications/lpcxpresso_8.1.4_606/lpcxpresso/tools/bin/../lib/gcc/arm-none-eabi/5.2.1/../../../../arm-none-eabi/lib/armv7e-m/softfp/libcr_c.a(ftell.o)
 .comment       0x000000000000006e       0x6f /Applications/lpcxpresso_8.1.4_606/lpcxpresso/tools/bin/../lib/gcc/arm-none-eabi/5.2.1/../../../../arm-none-eabi/lib/armv7e-m/softfp/libcr_c.a(remove.o)
 .comment       0x000000000000006e       0x6f /Applications/lpcxpresso_8.1.4_606/lpcxpresso/tools/bin/../lib/gcc/arm-none-eabi/5.2.1/../../../../arm-none-eabi/lib/armv7e-m/softfp/libcr_c.a(__init_alloc.o)
 .comment       0x000000000000006e       0x6f /Applications/lpcxpresso_8.1.4_606/lpcxpresso/tools/bin/../lib/gcc/arm-none-eabi/5.2.1/../../../../arm-none-eabi/lib/armv7e-m/softfp/libcr_c.a(_cr_sbrk.o)
 .comment       0x000000000000006e       0x6f /Applications/lpcxpresso_8.1.4_606/lpcxpresso/tools/bin/../lib/gcc/arm-none-eabi/5.2.1/../../../../arm-none-eabi/lib/armv7e-m/softfp/libcr_c.a(_do_fflush.o)
 .comment       0x000000000000006e       0x6f /Applications/lpcxpresso_8.1.4_606/lpcxpresso/tools/bin/../lib/gcc/arm-none-eabi/5.2.1/../../../../arm-none-eabi/lib/armv7e-m/softfp/libcr_c.a(_hugeval.o)
 .comment       0x000000000000006e       0x6f /Applications/lpcxpresso_8.1.4_606/lpcxpresso/tools/bin/../lib/gcc/arm-none-eabi/5.2.1/../../../../arm-none-eabi/lib/armv7e-m/softfp/libcr_c.a(_cr_check_heap.o)
 .comment       0x000000000000006e       0x6f /Applications/lpcxpresso_8.1.4_606/lpcxpresso/tools/bin/../lib/gcc/arm-none-eabi/5.2.1/armv7e-m/softfp/libcr_eabihelpers.a(double.o)

.ARM.attributes
                0x0000000000000000       0x35
 .ARM.attributes
                0x0000000000000000       0x37 ./example/src/adc.o
 .ARM.attributes
                0x0000000000000037       0x37 ./example/src/cr_startup_lpc40xx.o
 .ARM.attributes
                0x000000000000006e       0x37 ./example/src/main.o
 .ARM.attributes
                0x00000000000000a5       0x37 ./example/src/sysinit.o
 .ARM.attributes
                0x00000000000000dc       0x37 /Users/mortenopprudjakobsen/workspace/ISD/2016/lpc_board_ea_devkit_4088/Debug/liblpc_board_ea_devkit_4088.a(board.o)
 .ARM.attributes
                0x0000000000000113       0x37 /Users/mortenopprudjakobsen/workspace/ISD/2016/lpc_board_ea_devkit_4088/Debug/liblpc_board_ea_devkit_4088.a(board_sysinit.o)
 .ARM.attributes
                0x000000000000014a       0x37 /Users/mortenopprudjakobsen/workspace/ISD/2016/lpc_chip_40xx/Debug/liblpc_chip_40xx.a(chip_17xx_40xx.o)
 .ARM.attributes
                0x0000000000000181       0x37 /Users/mortenopprudjakobsen/workspace/ISD/2016/lpc_chip_40xx/Debug/liblpc_chip_40xx.a(clock_17xx_40xx.o)
 .ARM.attributes
                0x00000000000001b8       0x37 /Users/mortenopprudjakobsen/workspace/ISD/2016/lpc_chip_40xx/Debug/liblpc_chip_40xx.a(emc_17xx_40xx.o)
 .ARM.attributes
                0x00000000000001ef       0x37 /Users/mortenopprudjakobsen/workspace/ISD/2016/lpc_chip_40xx/Debug/liblpc_chip_40xx.a(fpu_init.o)
 .ARM.attributes
                0x0000000000000226       0x37 /Users/mortenopprudjakobsen/workspace/ISD/2016/lpc_chip_40xx/Debug/liblpc_chip_40xx.a(iocon_17xx_40xx.o)
 .ARM.attributes
                0x000000000000025d       0x37 /Users/mortenopprudjakobsen/workspace/ISD/2016/lpc_chip_40xx/Debug/liblpc_chip_40xx.a(sysctl_17xx_40xx.o)
 .ARM.attributes
                0x0000000000000294       0x37 /Users/mortenopprudjakobsen/workspace/ISD/2016/lpc_chip_40xx/Debug/liblpc_chip_40xx.a(sysinit_17xx_40xx.o)
 .ARM.attributes
                0x00000000000002cb       0x37 /Applications/lpcxpresso_8.1.4_606/lpcxpresso/tools/bin/../lib/gcc/arm-none-eabi/5.2.1/../../../../arm-none-eabi/lib/armv7e-m/softfp/libcr_semihost.a(_cr__main.o)
 .ARM.attributes
                0x0000000000000302       0x37 /Applications/lpcxpresso_8.1.4_606/lpcxpresso/tools/bin/../lib/gcc/arm-none-eabi/5.2.1/../../../../arm-none-eabi/lib/armv7e-m/softfp/libcr_c.a(fpprintf.o)
 .ARM.attributes
                0x0000000000000339       0x37 /Applications/lpcxpresso_8.1.4_606/lpcxpresso/tools/bin/../lib/gcc/arm-none-eabi/5.2.1/../../../../arm-none-eabi/lib/armv7e-m/softfp/libcr_c.a(initio.o)
 .ARM.attributes
                0x0000000000000370       0x37 /Applications/lpcxpresso_8.1.4_606/lpcxpresso/tools/bin/../lib/gcc/arm-none-eabi/5.2.1/../../../../arm-none-eabi/lib/armv7e-m/softfp/libcr_c.a(printf.o)
 .ARM.attributes
                0x00000000000003a7       0x37 /Applications/lpcxpresso_8.1.4_606/lpcxpresso/tools/bin/../lib/gcc/arm-none-eabi/5.2.1/../../../../arm-none-eabi/lib/armv7e-m/softfp/libcr_c.a(setvbuf.o)
 .ARM.attributes
                0x00000000000003de       0x37 /Applications/lpcxpresso_8.1.4_606/lpcxpresso/tools/bin/../lib/gcc/arm-none-eabi/5.2.1/../../../../arm-none-eabi/lib/armv7e-m/softfp/libcr_c.a(stdio.o)
 .ARM.attributes
                0x0000000000000415       0x37 /Applications/lpcxpresso_8.1.4_606/lpcxpresso/tools/bin/../lib/gcc/arm-none-eabi/5.2.1/../../../../arm-none-eabi/lib/armv7e-m/softfp/libcr_c.a(strlen.o)
 .ARM.attributes
                0x000000000000044c       0x37 /Applications/lpcxpresso_8.1.4_606/lpcxpresso/tools/bin/../lib/gcc/arm-none-eabi/5.2.1/../../../../arm-none-eabi/lib/armv7e-m/softfp/libcr_c.a(memset.o)
 .ARM.attributes
                0x0000000000000483       0x37 /Applications/lpcxpresso_8.1.4_606/lpcxpresso/tools/bin/../lib/gcc/arm-none-eabi/5.2.1/../../../../arm-none-eabi/lib/armv7e-m/softfp/libcr_c.a(_deferredlazyseek.o)
 .ARM.attributes
                0x00000000000004ba       0x37 /Applications/lpcxpresso_8.1.4_606/lpcxpresso/tools/bin/../lib/gcc/arm-none-eabi/5.2.1/../../../../arm-none-eabi/lib/armv7e-m/softfp/libcr_c.a(_fdopen.o)
 .ARM.attributes
                0x00000000000004f1       0x37 /Applications/lpcxpresso_8.1.4_606/lpcxpresso/tools/bin/../lib/gcc/arm-none-eabi/5.2.1/../../../../arm-none-eabi/lib/armv7e-m/softfp/libcr_c.a(_fflush.o)
 .ARM.attributes
                0x0000000000000528       0x37 /Applications/lpcxpresso_8.1.4_606/lpcxpresso/tools/bin/../lib/gcc/arm-none-eabi/5.2.1/../../../../arm-none-eabi/lib/armv7e-m/softfp/libcr_c.a(_frexpl.o)
 .ARM.attributes
                0x000000000000055f       0x37 /Applications/lpcxpresso_8.1.4_606/lpcxpresso/tools/bin/../lib/gcc/arm-none-eabi/5.2.1/../../../../arm-none-eabi/lib/armv7e-m/softfp/libcr_c.a(_ldexpl.o)
 .ARM.attributes
                0x0000000000000596       0x37 /Applications/lpcxpresso_8.1.4_606/lpcxpresso/tools/bin/../lib/gcc/arm-none-eabi/5.2.1/../../../../arm-none-eabi/lib/armv7e-m/softfp/libcr_c.a(_writebuf.o)
 .ARM.attributes
                0x00000000000005cd       0x37 /Applications/lpcxpresso_8.1.4_606/lpcxpresso/tools/bin/../lib/gcc/arm-none-eabi/5.2.1/../../../../arm-none-eabi/lib/armv7e-m/softfp/libcr_c.a(alloc.o)
 .ARM.attributes
                0x0000000000000604       0x37 /Applications/lpcxpresso_8.1.4_606/lpcxpresso/tools/bin/../lib/gcc/arm-none-eabi/5.2.1/../../../../arm-none-eabi/lib/armv7e-m/softfp/libcr_c.a(errno.o)
 .ARM.attributes
                0x000000000000063b       0x37 /Applications/lpcxpresso_8.1.4_606/lpcxpresso/tools/bin/../lib/gcc/arm-none-eabi/5.2.1/../../../../arm-none-eabi/lib/armv7e-m/softfp/libcr_c.a(fclose.o)
 .ARM.attributes
                0x0000000000000672       0x37 /Applications/lpcxpresso_8.1.4_606/lpcxpresso/tools/bin/../lib/gcc/arm-none-eabi/5.2.1/../../../../arm-none-eabi/lib/armv7e-m/softfp/libcr_c.a(fflush.o)
 .ARM.attributes
                0x00000000000006a9       0x37 /Applications/lpcxpresso_8.1.4_606/lpcxpresso/tools/bin/../lib/gcc/arm-none-eabi/5.2.1/../../../../arm-none-eabi/lib/armv7e-m/softfp/libcr_c.a(fseek.o)
 .ARM.attributes
                0x00000000000006e0       0x37 /Applications/lpcxpresso_8.1.4_606/lpcxpresso/tools/bin/../lib/gcc/arm-none-eabi/5.2.1/../../../../arm-none-eabi/lib/armv7e-m/softfp/libcr_c.a(ftell.o)
 .ARM.attributes
                0x0000000000000717       0x37 /Applications/lpcxpresso_8.1.4_606/lpcxpresso/tools/bin/../lib/gcc/arm-none-eabi/5.2.1/../../../../arm-none-eabi/lib/armv7e-m/softfp/libcr_c.a(remove.o)
 .ARM.attributes
                0x000000000000074e       0x37 /Applications/lpcxpresso_8.1.4_606/lpcxpresso/tools/bin/../lib/gcc/arm-none-eabi/5.2.1/../../../../arm-none-eabi/lib/armv7e-m/softfp/libcr_c.a(__init_alloc.o)
 .ARM.attributes
                0x0000000000000785       0x37 /Applications/lpcxpresso_8.1.4_606/lpcxpresso/tools/bin/../lib/gcc/arm-none-eabi/5.2.1/../../../../arm-none-eabi/lib/armv7e-m/softfp/libcr_c.a(_cr_sbrk.o)
 .ARM.attributes
                0x00000000000007bc       0x37 /Applications/lpcxpresso_8.1.4_606/lpcxpresso/tools/bin/../lib/gcc/arm-none-eabi/5.2.1/../../../../arm-none-eabi/lib/armv7e-m/softfp/libcr_c.a(_do_fflush.o)
 .ARM.attributes
                0x00000000000007f3       0x37 /Applications/lpcxpresso_8.1.4_606/lpcxpresso/tools/bin/../lib/gcc/arm-none-eabi/5.2.1/../../../../arm-none-eabi/lib/armv7e-m/softfp/libcr_c.a(_hugeval.o)
 .ARM.attributes
                0x000000000000082a       0x37 /Applications/lpcxpresso_8.1.4_606/lpcxpresso/tools/bin/../lib/gcc/arm-none-eabi/5.2.1/../../../../arm-none-eabi/lib/armv7e-m/softfp/libcr_c.a(_cr_check_heap.o)
 .ARM.attributes
                0x0000000000000861       0x37 /Applications/lpcxpresso_8.1.4_606/lpcxpresso/tools/bin/../lib/gcc/arm-none-eabi/5.2.1/armv7e-m/softfp/libcr_eabihelpers.a(double.o)
 .ARM.attributes
                0x0000000000000898       0x25 /Applications/lpcxpresso_8.1.4_606/lpcxpresso/tools/bin/../lib/gcc/arm-none-eabi/5.2.1/armv7e-m/softfp/libcr_eabihelpers.a(memcpy.o)
 .ARM.attributes
                0x00000000000008bd       0x25 /Applications/lpcxpresso_8.1.4_606/lpcxpresso/tools/bin/../lib/gcc/arm-none-eabi/5.2.1/../../../../arm-none-eabi/lib/armv7e-m/softfp/libcr_semihost.a(__sys_appexit.o)
 .ARM.attributes
                0x00000000000008e2       0x25 /Applications/lpcxpresso_8.1.4_606/lpcxpresso/tools/bin/../lib/gcc/arm-none-eabi/5.2.1/../../../../arm-none-eabi/lib/armv7e-m/softfp/libcr_semihost.a(__sys_close.o)
 .ARM.attributes
                0x0000000000000907       0x25 /Applications/lpcxpresso_8.1.4_606/lpcxpresso/tools/bin/../lib/gcc/arm-none-eabi/5.2.1/../../../../arm-none-eabi/lib/armv7e-m/softfp/libcr_semihost.a(__sys_flen.o)
 .ARM.attributes
                0x000000000000092c       0x25 /Applications/lpcxpresso_8.1.4_606/lpcxpresso/tools/bin/../lib/gcc/arm-none-eabi/5.2.1/../../../../arm-none-eabi/lib/armv7e-m/softfp/libcr_semihost.a(__sys_istty.o)
 .ARM.attributes
                0x0000000000000951       0x25 /Applications/lpcxpresso_8.1.4_606/lpcxpresso/tools/bin/../lib/gcc/arm-none-eabi/5.2.1/../../../../arm-none-eabi/lib/armv7e-m/softfp/libcr_semihost.a(__sys_remove.o)
 .ARM.attributes
                0x0000000000000976       0x25 /Applications/lpcxpresso_8.1.4_606/lpcxpresso/tools/bin/../lib/gcc/arm-none-eabi/5.2.1/../../../../arm-none-eabi/lib/armv7e-m/softfp/libcr_semihost.a(__sys_seek.o)
 .ARM.attributes
                0x000000000000099b       0x25 /Applications/lpcxpresso_8.1.4_606/lpcxpresso/tools/bin/../lib/gcc/arm-none-eabi/5.2.1/../../../../arm-none-eabi/lib/armv7e-m/softfp/libcr_semihost.a(__sys_tmpnam.o)
 .ARM.attributes
                0x00000000000009c0       0x25 /Applications/lpcxpresso_8.1.4_606/lpcxpresso/tools/bin/../lib/gcc/arm-none-eabi/5.2.1/../../../../arm-none-eabi/lib/armv7e-m/softfp/libcr_semihost.a(__sys_write.o)

.debug_frame    0x0000000000000000     0x145c
 .debug_frame   0x0000000000000000       0x58 ./example/src/adc.o
 .debug_frame   0x0000000000000058      0x170 ./example/src/cr_startup_lpc40xx.o
 .debug_frame   0x00000000000001c8       0x50 ./example/src/main.o
 .debug_frame   0x0000000000000218       0x34 ./example/src/sysinit.o
 .debug_frame   0x000000000000024c      0x784 /Users/mortenopprudjakobsen/workspace/ISD/2016/lpc_board_ea_devkit_4088/Debug/liblpc_board_ea_devkit_4088.a(board.o)
 .debug_frame   0x00000000000009d0       0xf8 /Users/mortenopprudjakobsen/workspace/ISD/2016/lpc_board_ea_devkit_4088/Debug/liblpc_board_ea_devkit_4088.a(board_sysinit.o)
 .debug_frame   0x0000000000000ac8       0x70 /Users/mortenopprudjakobsen/workspace/ISD/2016/lpc_chip_40xx/Debug/liblpc_chip_40xx.a(chip_17xx_40xx.o)
 .debug_frame   0x0000000000000b38      0x500 /Users/mortenopprudjakobsen/workspace/ISD/2016/lpc_chip_40xx/Debug/liblpc_chip_40xx.a(clock_17xx_40xx.o)
 .debug_frame   0x0000000000001038      0x1fc /Users/mortenopprudjakobsen/workspace/ISD/2016/lpc_chip_40xx/Debug/liblpc_chip_40xx.a(emc_17xx_40xx.o)
 .debug_frame   0x0000000000001234       0x38 /Users/mortenopprudjakobsen/workspace/ISD/2016/lpc_chip_40xx/Debug/liblpc_chip_40xx.a(fpu_init.o)
 .debug_frame   0x000000000000126c       0x5c /Users/mortenopprudjakobsen/workspace/ISD/2016/lpc_chip_40xx/Debug/liblpc_chip_40xx.a(iocon_17xx_40xx.o)
 .debug_frame   0x00000000000012c8       0x60 /Users/mortenopprudjakobsen/workspace/ISD/2016/lpc_chip_40xx/Debug/liblpc_chip_40xx.a(sysctl_17xx_40xx.o)
 .debug_frame   0x0000000000001328      0x134 /Users/mortenopprudjakobsen/workspace/ISD/2016/lpc_chip_40xx/Debug/liblpc_chip_40xx.a(sysinit_17xx_40xx.o)
