Archive member included to satisfy reference by file (symbol)

/Users/mortenopprudjakobsen/workspace/ISD/2016/lpc_board_ea_devkit_4088/Debug/liblpc_board_ea_devkit_4088.a(board.o)
                              ./example/src/systick.o (Board_LED_Toggle)
/Users/mortenopprudjakobsen/workspace/ISD/2016/lpc_board_ea_devkit_4088/Debug/liblpc_board_ea_devkit_4088.a(board_sysinit.o)
                              ./example/src/sysinit.o (Board_SystemInit)
/Users/mortenopprudjakobsen/workspace/ISD/2016/lpc_board_ea_devkit_4088/Debug/liblpc_board_ea_devkit_4088.a(uda1380.o)
                              /Users/mortenopprudjakobsen/workspace/ISD/2016/lpc_board_ea_devkit_4088/Debug/liblpc_board_ea_devkit_4088.a(board.o) (UDA1380_Init)
/Users/mortenopprudjakobsen/workspace/ISD/2016/lpc_chip_40xx/Debug/liblpc_chip_40xx.a(chip_17xx_40xx.o)
                              ./example/src/systick.o (SystemCoreClock)
/Users/mortenopprudjakobsen/workspace/ISD/2016/lpc_chip_40xx/Debug/liblpc_chip_40xx.a(clock_17xx_40xx.o)
                              /Users/mortenopprudjakobsen/workspace/ISD/2016/lpc_chip_40xx/Debug/liblpc_chip_40xx.a(chip_17xx_40xx.o) (Chip_Clock_SetupPLL)
/Users/mortenopprudjakobsen/workspace/ISD/2016/lpc_chip_40xx/Debug/liblpc_chip_40xx.a(emc_17xx_40xx.o)
                              /Users/mortenopprudjakobsen/workspace/ISD/2016/lpc_board_ea_devkit_4088/Debug/liblpc_board_ea_devkit_4088.a(board_sysinit.o) (Chip_EMC_Dynamic_Init)
/Users/mortenopprudjakobsen/workspace/ISD/2016/lpc_chip_40xx/Debug/liblpc_chip_40xx.a(fpu_init.o)
                              ./example/src/sysinit.o (fpuInit)
/Users/mortenopprudjakobsen/workspace/ISD/2016/lpc_chip_40xx/Debug/liblpc_chip_40xx.a(i2c_17xx_40xx.o)
                              /Users/mortenopprudjakobsen/workspace/ISD/2016/lpc_board_ea_devkit_4088/Debug/liblpc_board_ea_devkit_4088.a(uda1380.o) (Chip_I2C_EventHandlerPolling)
/Users/mortenopprudjakobsen/workspace/ISD/2016/lpc_chip_40xx/Debug/liblpc_chip_40xx.a(i2s_17xx_40xx.o)
                              /Users/mortenopprudjakobsen/workspace/ISD/2016/lpc_board_ea_devkit_4088/Debug/liblpc_board_ea_devkit_4088.a(board.o) (Chip_I2S_Init)
/Users/mortenopprudjakobsen/workspace/ISD/2016/lpc_chip_40xx/Debug/liblpc_chip_40xx.a(iocon_17xx_40xx.o)
                              /Users/mortenopprudjakobsen/workspace/ISD/2016/lpc_board_ea_devkit_4088/Debug/liblpc_board_ea_devkit_4088.a(board_sysinit.o) (Chip_IOCON_SetPinMuxing)
/Users/mortenopprudjakobsen/workspace/ISD/2016/lpc_chip_40xx/Debug/liblpc_chip_40xx.a(ssp_17xx_40xx.o)
                              /Users/mortenopprudjakobsen/workspace/ISD/2016/lpc_board_ea_devkit_4088/Debug/liblpc_board_ea_devkit_4088.a(board.o) (Chip_SSP_WriteFrames_Blocking)
/Users/mortenopprudjakobsen/workspace/ISD/2016/lpc_chip_40xx/Debug/liblpc_chip_40xx.a(sysctl_17xx_40xx.o)
                              /Users/mortenopprudjakobsen/workspace/ISD/2016/lpc_board_ea_devkit_4088/Debug/liblpc_board_ea_devkit_4088.a(board_sysinit.o) (Chip_SYSCTL_PeriphReset)
/Users/mortenopprudjakobsen/workspace/ISD/2016/lpc_chip_40xx/Debug/liblpc_chip_40xx.a(sysinit_17xx_40xx.o)
                              /Users/mortenopprudjakobsen/workspace/ISD/2016/lpc_board_ea_devkit_4088/Debug/liblpc_board_ea_devkit_4088.a(board_sysinit.o) (Chip_SetupXtalClocking)
/Users/mortenopprudjakobsen/workspace/ISD/2016/lpc_chip_40xx/Debug/liblpc_chip_40xx.a(uart_17xx_40xx.o)
                              /Users/mortenopprudjakobsen/workspace/ISD/2016/lpc_board_ea_devkit_4088/Debug/liblpc_board_ea_devkit_4088.a(board.o) (Chip_UART_Init)
/Users/mortenopprudjakobsen/workspace/ISD/2016/lpc_chip_40xx/Debug/liblpc_chip_40xx.a(ring_buffer.o)
                              /Users/mortenopprudjakobsen/workspace/ISD/2016/lpc_chip_40xx/Debug/liblpc_chip_40xx.a(uart_17xx_40xx.o) (RingBuffer_Insert)
/Applications/lpcxpresso_8.1.4_606/lpcxpresso/tools/bin/../lib/gcc/arm-none-eabi/5.2.1/../../../../arm-none-eabi/lib/armv7e-m/softfp/libcr_nohost.a(_cr__main.o)
                              ./example/src/cr_startup_lpc40xx.o (__main)
/Applications/lpcxpresso_8.1.4_606/lpcxpresso/tools/bin/../lib/gcc/arm-none-eabi/5.2.1/../../../../arm-none-eabi/lib/armv7e-m/softfp/libcr_c.a(memcpy.o)
                              /Users/mortenopprudjakobsen/workspace/ISD/2016/lpc_board_ea_devkit_4088/Debug/liblpc_board_ea_devkit_4088.a(board.o) (memcpy)
/Applications/lpcxpresso_8.1.4_606/lpcxpresso/tools/bin/../lib/gcc/arm-none-eabi/5.2.1/../../../../arm-none-eabi/lib/armv7e-m/softfp/libcr_c.a(initio.o)
                              /Applications/lpcxpresso_8.1.4_606/lpcxpresso/tools/bin/../lib/gcc/arm-none-eabi/5.2.1/../../../../arm-none-eabi/lib/armv7e-m/softfp/libcr_nohost.a(_cr__main.o) (_initio)
/Applications/lpcxpresso_8.1.4_606/lpcxpresso/tools/bin/../lib/gcc/arm-none-eabi/5.2.1/../../../../arm-none-eabi/lib/armv7e-m/softfp/libcr_c.a(setvbuf.o)
[...]
Memory Configuration

Name             Origin             Length             Attributes
MFlash512        0x0000000000000000 0x0000000000080000 xr
RamLoc64         0x0000000010000000 0x0000000000010000 xrw
RamPeriph32      0x0000000020000000 0x0000000000008000 xrw
*default*        0x0000000000000000 0xffffffffffffffff

Linker script and memory map

LOAD ./example/src/cr_startup_lpc40xx.o
LOAD ./example/src/sysinit.o
LOAD ./example/src/systick.o
LOAD /Users/mortenopprudjakobsen/workspace/ISD/2016/lpc_board_ea_devkit_4088/Debug/liblpc_board_ea_devkit_4088.a
LOAD /Users/mortenopprudjakobsen/workspace/ISD/2016/lpc_chip_40xx/Debug/liblpc_chip_40xx.a
START GROUP
LOAD /Applications/lpcxpresso_8.1.4_606/lpcxpresso/tools/bin/../lib/gcc/arm-none-eabi/5.2.1/../../../../arm-none-eabi/lib/armv7e-m/softfp/libcr_nohost.a
LOAD /Applications/lpcxpresso_8.1.4_606/lpcxpresso/tools/bin/../lib/gcc/arm-none-eabi/5.2.1/../../../../arm-none-eabi/lib/armv7e-m/softfp/libcr_c.a
LOAD /Applications/lpcxpresso_8.1.4_606/lpcxpresso/tools/bin/../lib/gcc/arm-none-eabi/5.2.1/armv7e-m/softfp/libcr_eabihelpers.a
END GROUP
                0x0000000000000000                __base_MFlash512 = 0x0
                0x0000000000000000                __base_Flash = 0x0
                0x0000000000080000                __top_MFlash512 = 0x80000
                0x0000000000080000                __top_Flash = 0x80000
                0x0000000010000000                __base_RamLoc64 = 0x10000000
                0x0000000010000000                __base_RAM = 0x10000000
                0x0000000010010000                __top_RamLoc64 = 0x10010000
                0x0000000010010000                __top_RAM = 0x10010000
                0x0000000020000000                __base_RamPeriph32 = 0x20000000
                0x0000000020000000                __base_RAM2 = 0x20000000
                0x0000000020008000                __top_RamPeriph32 = 0x20008000
                0x0000000020008000                __top_RAM2 = 0x20008000

.text           0x0000000000000000     0x1f8c
 FILL mask 0xff
                0x0000000000000000                __vectors_start__ = ABSOLUTE (.)
 *(.isr_vector)
 .isr_vector    0x0000000000000000       0xe4 ./example/src/cr_startup_lpc40xx.o
                0x0000000000000000                g_pfnVectors
                0x00000000000000e4                . = ALIGN (0x4)
                0x00000000000000e4                __section_table_start = .
                0x00000000000000e4                __data_section_table = .
                0x00000000000000e4        0x4 LONG 0x1f8c LOADADDR (.data)
                0x00000000000000e8        0x4 LONG 0x10000000 ADDR (.data)
                0x00000000000000ec        0x4 LONG 0x0 SIZEOF (.data)
                0x00000000000000f0        0x4 LONG 0x1f8c LOADADDR (.data_RAM2)
                0x00000000000000f4        0x4 LONG 0x20000000 ADDR (.data_RAM2)
                0x00000000000000f8        0x4 LONG 0x0 SIZEOF (.data_RAM2)
                0x00000000000000fc                __data_section_table_end = .
                0x00000000000000fc                __bss_section_table = .
                0x00000000000000fc        0x4 LONG 0x10000000 ADDR (.bss)
                0x0000000000000100        0x4 LONG 0x154 SIZEOF (.bss)
                0x0000000000000104        0x4 LONG 0x20000000 ADDR (.bss_RAM2)
                0x0000000000000108        0x4 LONG 0x0 SIZEOF (.bss_RAM2)
                0x000000000000010c                __bss_section_table_end = .
                0x000000000000010c                __section_table_end = .
 *(.after_vectors*)
 .after_vectors
                0x000000000000010c      0x168 ./example/src/cr_startup_lpc40xx.o
                0x000000000000010c                data_init
                0x0000000000000150                bss_init
                0x0000000000000188                ResetISR
                0x0000000000000220                NMI_Handler
                0x0000000000000228                HardFault_Handler
                0x0000000000000230                MemManage_Handler
                0x0000000000000238                BusFault_Handler
                0x0000000000000240                UsageFault_Handler
                0x0000000000000248                SVC_Handler
                0x0000000000000250                DebugMon_Handler
                0x0000000000000258                PendSV_Handler
                0x0000000000000268                CANActivity_IRQHandler
                0x0000000000000268                TIMER3_IRQHandler
                0x0000000000000268                UART0_IRQHandler
                0x0000000000000268                IntDefaultHandler
                0x0000000000000268                PLL0_IRQHandler
                0x0000000000000268                CAN_IRQHandler
                0x0000000000000268                PLL1_IRQHandler
                0x0000000000000268                SSP0_IRQHandler
                0x0000000000000268                I2S_IRQHandler
                0x0000000000000268                I2C2_IRQHandler
                0x0000000000000268                RTC_IRQHandler
                0x0000000000000268                TIMER0_IRQHandler
                0x0000000000000268                SPI_IRQHandler
                0x0000000000000268                LCD_IRQHandler
                0x0000000000000268                EINT1_IRQHandler
                0x0000000000000268                TIMER1_IRQHandler
                0x0000000000000268                UART2_IRQHandler
                0x0000000000000268                UART4_IRQHandler
                0x0000000000000268                ADC_IRQHandler
                0x0000000000000268                SSP1_IRQHandler
                0x0000000000000268                USB_IRQHandler
                0x0000000000000268                BOD_IRQHandler
                0x0000000000000268                WDT_IRQHandler
                0x0000000000000268                QEI_IRQHandler
                0x0000000000000268                EINT0_IRQHandler
                0x0000000000000268                ETH_IRQHandler
                0x0000000000000268                PWM0_IRQHandler
                0x0000000000000268                SSP2_IRQHandler
                0x0000000000000268                EEPROM_IRQHandler
                0x0000000000000268                DMA_IRQHandler
                0x0000000000000268                UART3_IRQHandler
                0x0000000000000268                GPIO_IRQHandler
                0x0000000000000268                MCPWM_IRQHandler
                0x0000000000000268                TIMER2_IRQHandler
                0x0000000000000268                RIT_IRQHandler
                0x0000000000000268                I2C0_IRQHandler
                0x0000000000000268                USBActivity_IRQHandler
                0x0000000000000268                PWM1_IRQHandler
                0x0000000000000268                SDIO_IRQHandler
                0x0000000000000268                I2C1_IRQHandler
                0x0000000000000268                EINT2_IRQHandler
                0x0000000000000268                UART1_IRQHandler
                0x0000000000000268                EINT3_IRQHandler
 *(.text*)
 .text.SystemInit
                0x0000000000000274       0x28 ./example/src/sysinit.o
                0x0000000000000274                SystemInit
 .text.NVIC_SetPriority
                0x000000000000029c       0x54 ./example/src/systick.o
 .text.SysTick_Config
                0x00000000000002f0       0x44 ./example/src/systick.o
 .text.SysTick_Handler
                0x0000000000000334       0x10 ./example/src/systick.o
                0x0000000000000334                SysTick_Handler
 .text.main     0x0000000000000344       0x2c ./example/src/systick.o
                0x0000000000000344                main
 .text.Chip_IOCON_Init
                0x0000000000000370       0x18 /Users/mortenopprudjakobsen/workspace/ISD/2016/lpc_board_ea_devkit_4088/Debug/liblpc_board_ea_devkit_4088.a(board.o)
 .text.Chip_IOCON_PinMuxSet
                0x0000000000000388       0x30 /Users/mortenopprudjakobsen/workspace/ISD/2016/lpc_board_ea_devkit_4088/Debug/liblpc_board_ea_devkit_4088.a(board.o)
 .text.Chip_GPIO_Init
                0x00000000000003b8       0x18 /Users/mortenopprudjakobsen/workspace/ISD/2016/lpc_board_ea_devkit_4088/Debug/liblpc_board_ea_devkit_4088.a(board.o)
 .text.Chip_GPIO_SetPinState
                0x00000000000003d0       0x6c /Users/mortenopprudjakobsen/workspace/ISD/2016/lpc_board_ea_devkit_4088/Debug/liblpc_board_ea_devkit_4088.a(board.o)
 .text.Chip_GPIO_WritePortBit
                0x000000000000043c       0x2c /Users/mortenopprudjakobsen/workspace/ISD/2016/lpc_board_ea_devkit_4088/Debug/liblpc_board_ea_devkit_4088.a(board.o)
 .text.Chip_GPIO_GetPinState
                0x0000000000000468       0x3c /Users/mortenopprudjakobsen/workspace/ISD/2016/lpc_board_ea_devkit_4088/Debug/liblpc_board_ea_devkit_4088.a(board.o)
 .text.Chip_GPIO_SetPinDIROutput
                0x00000000000004a4       0x3c /Users/mortenopprudjakobsen/workspace/ISD/2016/lpc_board_ea_devkit_4088/Debug/liblpc_board_ea_devkit_4088.a(board.o)
 .text.Chip_GPIO_SetPinDIRInput
                0x00000000000004e0       0x3c /Users/mortenopprudjakobsen/workspace/ISD/2016/lpc_board_ea_devkit_4088/Debug/liblpc_board_ea_devkit_4088.a(board.o)
 .text.Chip_GPIO_SetPinDIR
                0x000000000000051c       0x44 /Users/mortenopprudjakobsen/workspace/ISD/2016/lpc_board_ea_devkit_4088/Debug/liblpc_board_ea_devkit_4088.a(board.o)
 .text.Chip_GPIO_WriteDirBit
                0x0000000000000560       0x30 /Users/mortenopprudjakobsen/workspace/ISD/2016/lpc_board_ea_devkit_4088/Debug/liblpc_board_ea_devkit_4088.a(board.o)
 .text.Chip_GPIO_SetPinToggle
                0x0000000000000590       0x4c /Users/mortenopprudjakobsen/workspace/ISD/2016/lpc_board_ea_devkit_4088/Debug/liblpc_board_ea_devkit_4088.a(board.o)
 .text.Chip_UART_SendByte
                0x00000000000005dc       0x20 /Users/mortenopprudjakobsen/workspace/ISD/2016/lpc_board_ea_devkit_4088/Debug/liblpc_board_ea_devkit_4088.a(board.o)
 .text.Chip_UART_ConfigData
                0x00000000000005fc       0x1c /Users/mortenopprudjakobsen/workspace/ISD/2016/lpc_board_ea_devkit_4088/Debug/liblpc_board_ea_devkit_4088.a(board.o)
 .text.Chip_UART_ReadLineStatus
                0x0000000000000618       0x18 /Users/mortenopprudjakobsen/workspace/ISD/2016/lpc_board_ea_devkit_4088/Debug/liblpc_board_ea_devkit_4088.a(board.o)
 .text.__sys_write
                0x0000000000000630       0x38 /Users/mortenopprudjakobsen/workspace/ISD/2016/lpc_board_ea_devkit_4088/Debug/liblpc_board_ea_devkit_4088.a(board.o)
                0x0000000000000630                __sys_write
 .text.Board_LED_Init
                0x0000000000000668       0x60 /Users/mortenopprudjakobsen/workspace/ISD/2016/lpc_board_ea_devkit_4088/Debug/liblpc_board_ea_devkit_4088.a(board.o)
 .text.Board_UART_Init
                0x00000000000006c8       0x60 /Users/mortenopprudjakobsen/workspace/ISD/2016/lpc_board_ea_devkit_4088/Debug/liblpc_board_ea_devkit_4088.a(board.o)
                0x00000000000006c8                Board_UART_Init
 .text.Board_Debug_Init
                0x0000000000000728       0x30 /Users/mortenopprudjakobsen/workspace/ISD/2016/lpc_board_ea_devkit_4088/Debug/liblpc_board_ea_devkit_4088.a(board.o)
                0x0000000000000728                Board_Debug_Init
 .text.Board_UARTPutChar
                0x0000000000000758       0x34 /Users/mortenopprudjakobsen/workspace/ISD/2016/lpc_board_ea_devkit_4088/Debug/liblpc_board_ea_devkit_4088.a(board.o)
                0x0000000000000758                Board_UARTPutChar
 .text.Board_LED_Toggle
                0x000000000000078c       0x38 /Users/mortenopprudjakobsen/workspace/ISD/2016/lpc_board_ea_devkit_4088/Debug/liblpc_board_ea_devkit_4088.a(board.o)
                0x000000000000078c                Board_LED_Toggle
 .text.Board_Init
                0x00000000000007c4       0x24 /Users/mortenopprudjakobsen/workspace/ISD/2016/lpc_board_ea_devkit_4088/Debug/liblpc_board_ea_devkit_4088.a(board.o)
                0x00000000000007c4                Board_Init
 .text.Chip_SYSCTL_EnableBoost
                0x00000000000007e8       0x1c /Users/mortenopprudjakobsen/workspace/ISD/2016/lpc_board_ea_devkit_4088/Debug/liblpc_board_ea_devkit_4088.a(board_sysinit.o)
 .text.Chip_Clock_SetEMCClockDiv
                0x0000000000000804       0x24 /Users/mortenopprudjakobsen/workspace/ISD/2016/lpc_board_ea_devkit_4088/Debug/liblpc_board_ea_devkit_4088.a(board_sysinit.o)
 .text.Chip_IOCON_PinMuxSet
                0x0000000000000828       0x30 /Users/mortenopprudjakobsen/workspace/ISD/2016/lpc_board_ea_devkit_4088/Debug/liblpc_board_ea_devkit_4088.a(board_sysinit.o)
 .text.Board_SetupMuxing
                0x0000000000000858       0x84 /Users/mortenopprudjakobsen/workspace/ISD/2016/lpc_board_ea_devkit_4088/Debug/liblpc_board_ea_devkit_4088.a(board_sysinit.o)
                0x0000000000000858                Board_SetupMuxing
 .text.Board_SetupClocking
                0x00000000000008dc       0x1c /Users/mortenopprudjakobsen/workspace/ISD/2016/lpc_board_ea_devkit_4088/Debug/liblpc_board_ea_devkit_4088.a(board_sysinit.o)
                0x00000000000008dc                Board_SetupClocking
 .text.Board_SetupExtMemory
                0x00000000000008f8       0x5c /Users/mortenopprudjakobsen/workspace/ISD/2016/lpc_board_ea_devkit_4088/Debug/liblpc_board_ea_devkit_4088.a(board_sysinit.o)
                0x00000000000008f8                Board_SetupExtMemory
 .text.Board_SystemInit
                0x0000000000000954       0x14 /Users/mortenopprudjakobsen/workspace/ISD/2016/lpc_board_ea_devkit_4088/Debug/liblpc_board_ea_devkit_4088.a(board_sysinit.o)
                0x0000000000000954                Board_SystemInit
 .text.SystemCoreClockUpdate
                0x0000000000000968       0x18 /Users/mortenopprudjakobsen/workspace/ISD/2016/lpc_chip_40xx/Debug/liblpc_chip_40xx.a(chip_17xx_40xx.o)
                0x0000000000000968                SystemCoreClockUpdate
 .text.Chip_Clock_IsMainPLLEnabled
                0x0000000000000980       0x28 /Users/mortenopprudjakobsen/workspace/ISD/2016/lpc_chip_40xx/Debug/liblpc_chip_40xx.a(clock_17xx_40xx.o)
 .text.Chip_Clock_FeedPLL
                0x00000000000009a8       0x38 /Users/mortenopprudjakobsen/workspace/ISD/2016/lpc_chip_40xx/Debug/liblpc_chip_40xx.a(clock_17xx_40xx.o)
 .text.Chip_Clock_GetMainPLLSource
                0x00000000000009e0       0x20 /Users/mortenopprudjakobsen/workspace/ISD/2016/lpc_chip_40xx/Debug/liblpc_chip_40xx.a(clock_17xx_40xx.o)
 .text.Chip_Clock_GetPCLKDiv
                0x0000000000000a00       0x1c /Users/mortenopprudjakobsen/workspace/ISD/2016/lpc_chip_40xx/Debug/liblpc_chip_40xx.a(clock_17xx_40xx.o)
 .text.Chip_Clock_GetMainOscRate
                0x0000000000000a1c       0x18 /Users/mortenopprudjakobsen/workspace/ISD/2016/lpc_chip_40xx/Debug/liblpc_chip_40xx.a(clock_17xx_40xx.o)
 .text.Chip_Clock_GetIntOscRate
                0x0000000000000a34       0x14 /Users/mortenopprudjakobsen/workspace/ISD/2016/lpc_chip_40xx/Debug/liblpc_chip_40xx.a(clock_17xx_40xx.o)
 .text.Chip_Clock_GetMainPLLInClockRate
                0x0000000000000a48       0x10 /Users/mortenopprudjakobsen/workspace/ISD/2016/lpc_chip_40xx/Debug/liblpc_chip_40xx.a(clock_17xx_40xx.o)
 .text.Chip_Clock_EnablePLL
                0x0000000000000a58       0x44 /Users/mortenopprudjakobsen/workspace/ISD/2016/lpc_chip_40xx/Debug/liblpc_chip_40xx.a(clock_17xx_40xx.o)
                0x0000000000000a58                Chip_Clock_EnablePLL
 .text.Chip_Clock_DisablePLL
                0x0000000000000a9c       0x48 /Users/mortenopprudjakobsen/workspace/ISD/2016/lpc_chip_40xx/Debug/liblpc_chip_40xx.a(clock_17xx_40xx.o)
                0x0000000000000a9c                Chip_Clock_DisablePLL
 .text.Chip_Clock_SetupPLL
                0x0000000000000ae4       0x4c /Users/mortenopprudjakobsen/workspace/ISD/2016/lpc_chip_40xx/Debug/liblpc_chip_40xx.a(clock_17xx_40xx.o)
                0x0000000000000ae4                Chip_Clock_SetupPLL
 .text.Chip_Clock_EnablePeriphClock
                0x0000000000000b30       0x54 /Users/mortenopprudjakobsen/workspace/ISD/2016/lpc_chip_40xx/Debug/liblpc_chip_40xx.a(clock_17xx_40xx.o)
                0x0000000000000b30                Chip_Clock_EnablePeriphClock
 .text.Chip_Clock_SetCPUClockSource
                0x0000000000000b84       0x44 /Users/mortenopprudjakobsen/workspace/ISD/2016/lpc_chip_40xx/Debug/liblpc_chip_40xx.a(clock_17xx_40xx.o)
                0x0000000000000b84                Chip_Clock_SetCPUClockSource
 .text.Chip_Clock_GetCPUClockSource
                0x0000000000000bc8       0x30 /Users/mortenopprudjakobsen/workspace/ISD/2016/lpc_chip_40xx/Debug/liblpc_chip_40xx.a(clock_17xx_40xx.o)
                0x0000000000000bc8                Chip_Clock_GetCPUClockSource
 .text.Chip_Clock_SetCPUClockDiv
                0x0000000000000bf8       0x30 /Users/mortenopprudjakobsen/workspace/ISD/2016/lpc_chip_40xx/Debug/liblpc_chip_40xx.a(clock_17xx_40xx.o)
                0x0000000000000bf8                Chip_Clock_SetCPUClockDiv
 .text.Chip_Clock_GetCPUClockDiv
                0x0000000000000c28       0x1c /Users/mortenopprudjakobsen/workspace/ISD/2016/lpc_chip_40xx/Debug/liblpc_chip_40xx.a(clock_17xx_40xx.o)
                0x0000000000000c28                Chip_Clock_GetCPUClockDiv
 .text.Chip_Clock_GetSYSCLKRate
                0x0000000000000c44       0x2c /Users/mortenopprudjakobsen/workspace/ISD/2016/lpc_chip_40xx/Debug/liblpc_chip_40xx.a(clock_17xx_40xx.o)
                0x0000000000000c44                Chip_Clock_GetSYSCLKRate
 .text.Chip_Clock_GetMainPLLOutClockRate
                0x0000000000000c70       0x40 /Users/mortenopprudjakobsen/workspace/ISD/2016/lpc_chip_40xx/Debug/liblpc_chip_40xx.a(clock_17xx_40xx.o)
                0x0000000000000c70                Chip_Clock_GetMainPLLOutClockRate
 .text.Chip_Clock_GetMainClockRate
                0x0000000000000cb0       0x28 /Users/mortenopprudjakobsen/workspace/ISD/2016/lpc_chip_40xx/Debug/liblpc_chip_40xx.a(clock_17xx_40xx.o)
                0x0000000000000cb0                Chip_Clock_GetMainClockRate
 .text.Chip_Clock_GetSystemClockRate
                0x0000000000000cd8       0x18 /Users/mortenopprudjakobsen/workspace/ISD/2016/lpc_chip_40xx/Debug/liblpc_chip_40xx.a(clock_17xx_40xx.o)
                0x0000000000000cd8                Chip_Clock_GetSystemClockRate
 .text.Chip_Clock_SetSPIFIClockSource
                0x0000000000000cf0       0x34 /Users/mortenopprudjakobsen/workspace/ISD/2016/lpc_chip_40xx/Debug/liblpc_chip_40xx.a(clock_17xx_40xx.o)
                0x0000000000000cf0                Chip_Clock_SetSPIFIClockSource
 .text.Chip_Clock_SetSPIFIClockDiv
                0x0000000000000d24       0x30 /Users/mortenopprudjakobsen/workspace/ISD/2016/lpc_chip_40xx/Debug/liblpc_chip_40xx.a(clock_17xx_40xx.o)
                0x0000000000000d24                Chip_Clock_SetSPIFIClockDiv
 .text.Chip_Clock_GetPeripheralClockRate
                0x0000000000000d54       0x30 /Users/mortenopprudjakobsen/workspace/ISD/2016/lpc_chip_40xx/Debug/liblpc_chip_40xx.a(clock_17xx_40xx.o)
                0x0000000000000d54                Chip_Clock_GetPeripheralClockRate
 .text.Chip_Clock_GetEMCClockDiv
                0x0000000000000d84       0x1c /Users/mortenopprudjakobsen/workspace/ISD/2016/lpc_chip_40xx/Debug/liblpc_chip_40xx.a(emc_17xx_40xx.o)
 .text.Chip_Clock_GetEMCClockRate
                0x0000000000000da0       0x18 /Users/mortenopprudjakobsen/workspace/ISD/2016/lpc_chip_40xx/Debug/liblpc_chip_40xx.a(emc_17xx_40xx.o)
 .text.convertTimmingParam
                0x0000000000000db8       0x6c /Users/mortenopprudjakobsen/workspace/ISD/2016/lpc_chip_40xx/Debug/liblpc_chip_40xx.a(emc_17xx_40xx.o)
 .text.getColsLen
                0x0000000000000e24       0x50 /Users/mortenopprudjakobsen/workspace/ISD/2016/lpc_chip_40xx/Debug/liblpc_chip_40xx.a(emc_17xx_40xx.o)
 .text.initDynMem
                0x0000000000000e74      0x294 /Users/mortenopprudjakobsen/workspace/ISD/2016/lpc_chip_40xx/Debug/liblpc_chip_40xx.a(emc_17xx_40xx.o)
                0x0000000000000e74                initDynMem
 .text.initStaticMem
                0x0000000000001108       0xb0 /Users/mortenopprudjakobsen/workspace/ISD/2016/lpc_chip_40xx/Debug/liblpc_chip_40xx.a(emc_17xx_40xx.o)
                0x0000000000001108                initStaticMem
 .text.Chip_EMC_Dynamic_Init
                0x00000000000011b8       0x24 /Users/mortenopprudjakobsen/workspace/ISD/2016/lpc_chip_40xx/Debug/liblpc_chip_40xx.a(emc_17xx_40xx.o)
                0x00000000000011b8                Chip_EMC_Dynamic_Init
 .text.Chip_EMC_Static_Init
                0x00000000000011dc       0x24 /Users/mortenopprudjakobsen/workspace/ISD/2016/lpc_chip_40xx/Debug/liblpc_chip_40xx.a(emc_17xx_40xx.o)
                0x00000000000011dc                Chip_EMC_Static_Init
 .text.Chip_EMC_Init
                0x0000000000001200       0x50 /Users/mortenopprudjakobsen/workspace/ISD/2016/lpc_chip_40xx/Debug/liblpc_chip_40xx.a(emc_17xx_40xx.o)
                0x0000000000001200                Chip_EMC_Init
 .text.fpuInit  0x0000000000001250       0x74 /Users/mortenopprudjakobsen/workspace/ISD/2016/lpc_chip_40xx/Debug/liblpc_chip_40xx.a(fpu_init.o)
                0x0000000000001250                fpuInit
 .text.Chip_IOCON_PinMuxSet
                0x00000000000012c4       0x30 /Users/mortenopprudjakobsen/workspace/ISD/2016/lpc_chip_40xx/Debug/liblpc_chip_40xx.a(iocon_17xx_40xx.o)
 .text.Chip_IOCON_SetPinMuxing
                0x00000000000012f4       0x64 /Users/mortenopprudjakobsen/workspace/ISD/2016/lpc_chip_40xx/Debug/liblpc_chip_40xx.a(iocon_17xx_40xx.o)
                0x00000000000012f4                Chip_IOCON_SetPinMuxing
 .text.Chip_SYSCTL_PeriphReset
                0x0000000000001358       0x68 /Users/mortenopprudjakobsen/workspace/ISD/2016/lpc_chip_40xx/Debug/liblpc_chip_40xx.a(sysctl_17xx_40xx.o)
                0x0000000000001358                Chip_SYSCTL_PeriphReset
 .text.Chip_Clock_IsMainPLLEnabled
                0x00000000000013c0       0x28 /Users/mortenopprudjakobsen/workspace/ISD/2016/lpc_chip_40xx/Debug/liblpc_chip_40xx.a(sysinit_17xx_40xx.o)
 .text.Chip_Clock_IsMainPLLLocked
                0x00000000000013e8       0x28 /Users/mortenopprudjakobsen/workspace/ISD/2016/lpc_chip_40xx/Debug/liblpc_chip_40xx.a(sysinit_17xx_40xx.o)
 .text.Chip_Clock_EnableCrystal
                0x0000000000001410       0x24 /Users/mortenopprudjakobsen/workspace/ISD/2016/lpc_chip_40xx/Debug/liblpc_chip_40xx.a(sysinit_17xx_40xx.o)
 .text.Chip_Clock_IsCrystalEnabled
                0x0000000000001434       0x28 /Users/mortenopprudjakobsen/workspace/ISD/2016/lpc_chip_40xx/Debug/liblpc_chip_40xx.a(sysinit_17xx_40xx.o)
 .text.Chip_Clock_SetMainPLLSource
                0x000000000000145c       0x24 /Users/mortenopprudjakobsen/workspace/ISD/2016/lpc_chip_40xx/Debug/liblpc_chip_40xx.a(sysinit_17xx_40xx.o)
 .text.Chip_Clock_SetPCLKDiv
                0x0000000000001480       0x20 /Users/mortenopprudjakobsen/workspace/ISD/2016/lpc_chip_40xx/Debug/liblpc_chip_40xx.a(sysinit_17xx_40xx.o)
 .text.Chip_SetupXtalClocking
                0x00000000000014a0       0x84 /Users/mortenopprudjakobsen/workspace/ISD/2016/lpc_chip_40xx/Debug/liblpc_chip_40xx.a(sysinit_17xx_40xx.o)
                0x00000000000014a0                Chip_SetupXtalClocking
 .text.Chip_UART_SetupFIFOS
                0x0000000000001524       0x1c /Users/mortenopprudjakobsen/workspace/ISD/2016/lpc_chip_40xx/Debug/liblpc_chip_40xx.a(uart_17xx_40xx.o)
 .text.Chip_UART_ConfigData
                0x0000000000001540       0x1c /Users/mortenopprudjakobsen/workspace/ISD/2016/lpc_chip_40xx/Debug/liblpc_chip_40xx.a(uart_17xx_40xx.o)
 .text.Chip_UART_EnableDivisorAccess
                0x000000000000155c       0x20 /Users/mortenopprudjakobsen/workspace/ISD/2016/lpc_chip_40xx/Debug/liblpc_chip_40xx.a(uart_17xx_40xx.o)
 .text.Chip_UART_DisableDivisorAccess
                0x000000000000157c       0x20 /Users/mortenopprudjakobsen/workspace/ISD/2016/lpc_chip_40xx/Debug/liblpc_chip_40xx.a(uart_17xx_40xx.o)
 .text.Chip_UART_SetDivisorLatches
                0x000000000000159c       0x28 /Users/mortenopprudjakobsen/workspace/ISD/2016/lpc_chip_40xx/Debug/liblpc_chip_40xx.a(uart_17xx_40xx.o)
 .text.Chip_UART_GetClockIndex
                0x00000000000015c4       0x64 /Users/mortenopprudjakobsen/workspace/ISD/2016/lpc_chip_40xx/Debug/liblpc_chip_40xx.a(uart_17xx_40xx.o)
 .text.Chip_UART_Init
                0x0000000000001628       0x78 /Users/mortenopprudjakobsen/workspace/ISD/2016/lpc_chip_40xx/Debug/liblpc_chip_40xx.a(uart_17xx_40xx.o)
                0x0000000000001628                Chip_UART_Init
 .text.Chip_UART_TXEnable
                0x00000000000016a0       0x30 /Users/mortenopprudjakobsen/workspace/ISD/2016/lpc_chip_40xx/Debug/liblpc_chip_40xx.a(uart_17xx_40xx.o)
                0x00000000000016a0                Chip_UART_TXEnable
 .text.Chip_UART_TXDisable
                0x00000000000016d0       0x30 /Users/mortenopprudjakobsen/workspace/ISD/2016/lpc_chip_40xx/Debug/liblpc_chip_40xx.a(uart_17xx_40xx.o)
                0x00000000000016d0                Chip_UART_TXDisable
 .text.Chip_UART_SetBaud
                0x0000000000001700       0x58 /Users/mortenopprudjakobsen/workspace/ISD/2016/lpc_chip_40xx/Debug/liblpc_chip_40xx.a(uart_17xx_40xx.o)
                0x0000000000001700                Chip_UART_SetBaud
 .text.__main   0x0000000000001758       0x14 /Applications/lpcxpresso_8.1.4_606/lpcxpresso/tools/bin/../lib/gcc/arm-none-eabi/5.2.1/../../../../arm-none-eabi/lib/armv7e-m/softfp/libcr_nohost.a(_cr__main.o)
                0x0000000000001758                __main
 .text._initio  0x000000000000176c       0xa4 /Applications/lpcxpresso_8.1.4_606/lpcxpresso/tools/bin/../lib/gcc/arm-none-eabi/5.2.1/../../../../arm-none-eabi/lib/armv7e-m/softfp/libcr_c.a(initio.o)
                0x000000000000176c                _initio
 .text.setvbuf  0x0000000000001810       0x40 /Applications/lpcxpresso_8.1.4_606/lpcxpresso/tools/bin/../lib/gcc/arm-none-eabi/5.2.1/../../../../arm-none-eabi/lib/armv7e-m/softfp/libcr_c.a(setvbuf.o)
                0x0000000000001810                setvbuf
 .text.memset   0x0000000000001850        0x4 /Applications/lpcxpresso_8.1.4_606/lpcxpresso/tools/bin/../lib/gcc/arm-none-eabi/5.2.1/../../../../arm-none-eabi/lib/armv7e-m/softfp/libcr_c.a(memset.o)
                0x0000000000001850                memset
 .text._deferredlazyseek
                0x0000000000001854       0x44 /Applications/lpcxpresso_8.1.4_606/lpcxpresso/tools/bin/../lib/gcc/arm-none-eabi/5.2.1/../../../../arm-none-eabi/lib/armv7e-m/softfp/libcr_c.a(_deferredlazyseek.o)
                0x0000000000001854                _deferredlazyseek
 .text._fdopen  0x0000000000001898       0x6a /Applications/lpcxpresso_8.1.4_606/lpcxpresso/tools/bin/../lib/gcc/arm-none-eabi/5.2.1/../../../../arm-none-eabi/lib/armv7e-m/softfp/libcr_c.a(_fdopen.o)
                0x0000000000001898                _fdopen
 .text._fflush  0x0000000000001902       0x58 /Applications/lpcxpresso_8.1.4_606/lpcxpresso/tools/bin/../lib/gcc/arm-none-eabi/5.2.1/../../../../arm-none-eabi/lib/armv7e-m/softfp/libcr_c.a(_fflush.o)
                0x0000000000001902                _fflush
 *fill*         0x000000000000195a        0x2 ff
 .text._Cwritebuf
                0x000000000000195c       0x68 /Applications/lpcxpresso_8.1.4_606/lpcxpresso/tools/bin/../lib/gcc/arm-none-eabi/5.2.1/../../../../arm-none-eabi/lib/armv7e-m/softfp/libcr_c.a(_writebuf.o)
                0x000000000000195c                _Cwritebuf
 .text.malloc   0x00000000000019c4       0xc8 /Applications/lpcxpresso_8.1.4_606/lpcxpresso/tools/bin/../lib/gcc/arm-none-eabi/5.2.1/../../../../arm-none-eabi/lib/armv7e-m/softfp/libcr_c.a(alloc.o)
                0x00000000000019c4                malloc
 .text.free     0x0000000000001a8c       0x30 /Applications/lpcxpresso_8.1.4_606/lpcxpresso/tools/bin/../lib/gcc/arm-none-eabi/5.2.1/../../../../arm-none-eabi/lib/armv7e-m/softfp/libcr_c.a(alloc.o)
                0x0000000000001a8c                free
 .text._Csys_alloc
                0x0000000000001abc       0x20 /Applications/lpcxpresso_8.1.4_606/lpcxpresso/tools/bin/../lib/gcc/arm-none-eabi/5.2.1/../../../../arm-none-eabi/lib/armv7e-m/softfp/libcr_c.a(alloc.o)
                0x0000000000001abc                _Csys_alloc
 .text.fclose   0x0000000000001adc       0x6c /Applications/lpcxpresso_8.1.4_606/lpcxpresso/tools/bin/../lib/gcc/arm-none-eabi/5.2.1/../../../../arm-none-eabi/lib/armv7e-m/softfp/libcr_c.a(fclose.o)
                0x0000000000001adc                fclose
 .text.fflush   0x0000000000001b48       0x30 /Applications/lpcxpresso_8.1.4_606/lpcxpresso/tools/bin/../lib/gcc/arm-none-eabi/5.2.1/../../../../arm-none-eabi/lib/armv7e-m/softfp/libcr_c.a(fflush.o)
                0x0000000000001b48                fflush
 .text.fseek    0x0000000000001b78      0x110 /Applications/lpcxpresso_8.1.4_606/lpcxpresso/tools/bin/../lib/gcc/arm-none-eabi/5.2.1/../../../../arm-none-eabi/lib/armv7e-m/softfp/libcr_c.a(fseek.o)
                0x0000000000001b78                fseek
 .text.ftell    0x0000000000001c88       0x4c /Applications/lpcxpresso_8.1.4_606/lpcxpresso/tools/bin/../lib/gcc/arm-none-eabi/5.2.1/../../../../arm-none-eabi/lib/armv7e-m/softfp/libcr_c.a(ftell.o)
                0x0000000000001c88                ftell
 .text.remove   0x0000000000001cd4       0x14 /Applications/lpcxpresso_8.1.4_606/lpcxpresso/tools/bin/../lib/gcc/arm-none-eabi/5.2.1/../../../../arm-none-eabi/lib/armv7e-m/softfp/libcr_c.a(remove.o)
                0x0000000000001cd4                remove
 .text.strlen   0x0000000000001ce8       0x4a /Applications/lpcxpresso_8.1.4_606/lpcxpresso/tools/bin/../lib/gcc/arm-none-eabi/5.2.1/../../../../arm-none-eabi/lib/armv7e-m/softfp/libcr_c.a(strlen.o)
                0x0000000000001ce8                strlen
 *fill*         0x0000000000001d32        0x2 ff
 .text._sbrk    0x0000000000001d34       0x40 /Applications/lpcxpresso_8.1.4_606/lpcxpresso/tools/bin/../lib/gcc/arm-none-eabi/5.2.1/../../../../arm-none-eabi/lib/armv7e-m/softfp/libcr_c.a(_cr_sbrk.o)
                0x0000000000001d34                _sbrk
 .text._do_fflush
                0x0000000000001d74       0x44 /Applications/lpcxpresso_8.1.4_606/lpcxpresso/tools/bin/../lib/gcc/arm-none-eabi/5.2.1/../../../../arm-none-eabi/lib/armv7e-m/softfp/libcr_c.a(_do_fflush.o)
                0x0000000000001d74                _do_fflush
 .text.__check_heap_overflow
                0x0000000000001db8       0x18 /Applications/lpcxpresso_8.1.4_606/lpcxpresso/tools/bin/../lib/gcc/arm-none-eabi/5.2.1/../../../../arm-none-eabi/lib/armv7e-m/softfp/libcr_c.a(_cr_check_heap.o)
                0x0000000000001db8                __check_heap_overflow
 .text.__aeabi_memset_lowlevel
                0x0000000000001dd0       0x32 /Applications/lpcxpresso_8.1.4_606/lpcxpresso/tools/bin/../lib/gcc/arm-none-eabi/5.2.1/armv7e-m/softfp/libcr_eabihelpers.a(memcpy.o)
                0x0000000000001dd0                __aeabi_lowlevel_memset
 .text.__sys_appexit
                0x0000000000001e02        0x2 /Applications/lpcxpresso_8.1.4_606/lpcxpresso/tools/bin/../lib/gcc/arm-none-eabi/5.2.1/../../../../arm-none-eabi/lib/armv7e-m/softfp/libcr_nohost.a(__sys_appexit.o)
                0x0000000000001e02                __exit
                0x0000000000001e02                __sys_appexit
 .text.__sys_close
                0x0000000000001e04        0x6 /Applications/lpcxpresso_8.1.4_606/lpcxpresso/tools/bin/../lib/gcc/arm-none-eabi/5.2.1/../../../../arm-none-eabi/lib/armv7e-m/softfp/libcr_nohost.a(__sys_close.o)
                0x0000000000001e04                __sys_close
 .text.__sys_flen
                0x0000000000001e0a        0x6 /Applications/lpcxpresso_8.1.4_606/lpcxpresso/tools/bin/../lib/gcc/arm-none-eabi/5.2.1/../../../../arm-none-eabi/lib/armv7e-m/softfp/libcr_nohost.a(__sys_flen.o)
                0x0000000000001e0a                __sys_flen
 .text.__sys_istty
                0x0000000000001e10        0x6 /Applications/lpcxpresso_8.1.4_606/lpcxpresso/tools/bin/../lib/gcc/arm-none-eabi/5.2.1/../../../../arm-none-eabi/lib/armv7e-m/softfp/libcr_nohost.a(__sys_istty.o)
                0x0000000000001e10                __sys_istty
 .text.__sys_remove
                0x0000000000001e16        0x6 /Applications/lpcxpresso_8.1.4_606/lpcxpresso/tools/bin/../lib/gcc/arm-none-eabi/5.2.1/../../../../arm-none-eabi/lib/armv7e-m/softfp/libcr_nohost.a(__sys_remove.o)
                0x0000000000001e16                __sys_remove
 .text.__sys_seek
                0x0000000000001e1c        0x6 /Applications/lpcxpresso_8.1.4_606/lpcxpresso/tools/bin/../lib/gcc/arm-none-eabi/5.2.1/../../../../arm-none-eabi/lib/armv7e-m/softfp/libcr_nohost.a(__sys_seek.o)
                0x0000000000001e1c                __sys_seek
 .text.__sys_tmpnam
                0x0000000000001e22        0x6 /Applications/lpcxpresso_8.1.4_606/lpcxpresso/tools/bin/../lib/gcc/arm-none-eabi/5.2.1/../../../../arm-none-eabi/lib/armv7e-m/softfp/libcr_nohost.a(__sys_tmpnam.o)
                0x0000000000001e22                __sys_tmpnam
 *(.rodata .rodata.* .constdata .constdata.*)
 .rodata.ledports
                0x0000000000001e28        0x4 /Users/mortenopprudjakobsen/workspace/ISD/2016/lpc_board_ea_devkit_4088/Debug/liblpc_board_ea_devkit_4088.a(board.o)
 .rodata.ledpins
                0x0000000000001e2c        0x4 /Users/mortenopprudjakobsen/workspace/ISD/2016/lpc_board_ea_devkit_4088/Debug/liblpc_board_ea_devkit_4088.a(board.o)
 .rodata.OscRateIn
                0x0000000000001e30        0x4 /Users/mortenopprudjakobsen/workspace/ISD/2016/lpc_board_ea_devkit_4088/Debug/liblpc_board_ea_devkit_4088.a(board.o)
                0x0000000000001e30                OscRateIn
 .rodata.pinmuxing
                0x0000000000001e34       0x88 /Users/mortenopprudjakobsen/workspace/ISD/2016/lpc_board_ea_devkit_4088/Debug/liblpc_board_ea_devkit_4088.a(board_sysinit.o)
 .rodata.IS42S32800D_config
                0x0000000000001ebc       0x74 /Users/mortenopprudjakobsen/workspace/ISD/2016/lpc_board_ea_devkit_4088/Debug/liblpc_board_ea_devkit_4088.a(board_sysinit.o)
 .rodata.SST39VF320_config
                0x0000000000001f30       0x20 /Users/mortenopprudjakobsen/workspace/ISD/2016/lpc_board_ea_devkit_4088/Debug/liblpc_board_ea_devkit_4088.a(board_sysinit.o)
 .rodata.K9F1G_config
                0x0000000000001f50       0x20 /Users/mortenopprudjakobsen/workspace/ISD/2016/lpc_board_ea_devkit_4088/Debug/liblpc_board_ea_devkit_4088.a(board_sysinit.o)
 .rodata.str1.1
                0x0000000000001f70        0x4 /Applications/lpcxpresso_8.1.4_606/lpcxpresso/tools/bin/../lib/gcc/arm-none-eabi/5.2.1/../../../../arm-none-eabi/lib/armv7e-m/softfp/libcr_c.a(initio.o)
 .rodata.str1.1
                0x0000000000001f74       0x18 /Applications/lpcxpresso_8.1.4_606/lpcxpresso/tools/bin/../lib/gcc/arm-none-eabi/5.2.1/../../../../arm-none-eabi/lib/armv7e-m/softfp/libcr_c.a(alloc.o)
                0x0000000000001f8c                . = ALIGN (0x4)

.glue_7         0x0000000000001f8c        0x0
 .glue_7        0x0000000000001f8c        0x0 linker stubs

.glue_7t        0x0000000000001f8c        0x0
 .glue_7t       0x0000000000001f8c        0x0 linker stubs

.vfp11_veneer   0x0000000000001f8c        0x0
 .vfp11_veneer  0x0000000000001f8c        0x0 linker stubs

.v4_bx          0x0000000000001f8c        0x0
 .v4_bx         0x0000000000001f8c        0x0 linker stubs

.iplt           0x0000000000001f8c        0x0
 .iplt          0x0000000000001f8c        0x0 ./example/src/cr_startup_lpc40xx.o

.rel.dyn        0x0000000000001f8c        0x0
 .rel.iplt      0x0000000000001f8c        0x0 ./example/src/cr_startup_lpc40xx.o

.ARM.extab
 *(.ARM.extab* .gnu.linkonce.armextab.*)
                0x0000000000001f8c                __exidx_start = .

.ARM.exidx
 *(.ARM.exidx* .gnu.linkonce.armexidx.*)
                0x0000000000001f8c                __exidx_end = .
                0x0000000000001f8c                _etext = .

.data_RAM2      0x0000000020000000        0x0 load address 0x0000000000001f8c
 FILL mask 0xff
                [!provide]                        PROVIDE (__start_data_RAM2, .)
 *(.ramfunc.$RAM2)
 *(.ramfunc.$RamPeriph32)
 *(.data.$RAM2*)
 *(.data.$RamPeriph32*)
                0x0000000020000000                . = ALIGN (0x4)
                [!provide]                        PROVIDE (__end_data_RAM2, .)

.uninit_RESERVED
                0x0000000010000000        0x0
 *(.bss.$RESERVED*)
                0x0000000010000000                . = ALIGN (0x4)
                0x0000000010000000                _end_uninit_RESERVED = .

.data           0x0000000010000000        0x0 load address 0x0000000000001f8c
 FILL mask 0xff
                0x0000000010000000                _data = .
 *(vtable)
 *(.ramfunc*)
 *(.data*)
                0x0000000010000000                . = ALIGN (0x4)
                0x0000000010000000                _edata = .

.igot.plt       0x0000000010000000        0x0 load address 0x0000000000001f8c
 .igot.plt      0x0000000010000000        0x0 ./example/src/cr_startup_lpc40xx.o

.bss_RAM2       0x0000000020000000        0x0
                [!provide]                        PROVIDE (__start_bss_RAM2, .)
 *(.bss.$RAM2*)
 *(.bss.$RamPeriph32*)
                0x0000000020000000                . = ALIGN ((. != 0x0)?0x4:0x1)
                [!provide]                        PROVIDE (__end_bss_RAM2, .)

.bss            0x0000000010000000      0x154
                0x0000000010000000                _bss = .
 *(.bss*)
 .bss._extra    0x0000000010000000        0x4 /Applications/lpcxpresso_8.1.4_606/lpcxpresso/tools/bin/../lib/gcc/arm-none-eabi/5.2.1/../../../../arm-none-eabi/lib/armv7e-m/softfp/libcr_c.a(initio.o)
                0x0000000010000000                _extra
 .bss.__Ciob    0x0000000010000004      0x140 /Applications/lpcxpresso_8.1.4_606/lpcxpresso/tools/bin/../lib/gcc/arm-none-eabi/5.2.1/../../../../arm-none-eabi/lib/armv7e-m/softfp/libcr_c.a(stdio.o)
                0x0000000010000004                __Ciob
 .bss.__heaps   0x0000000010000144        0x4 /Applications/lpcxpresso_8.1.4_606/lpcxpresso/tools/bin/../lib/gcc/arm-none-eabi/5.2.1/../../../../arm-none-eabi/lib/armv7e-m/softfp/libcr_c.a(__init_alloc.o)
                0x0000000010000144                __heaps
 .bss.__end_of_heap
                0x0000000010000148        0x4 /Applications/lpcxpresso_8.1.4_606/lpcxpresso/tools/bin/../lib/gcc/arm-none-eabi/5.2.1/../../../../arm-none-eabi/lib/armv7e-m/softfp/libcr_c.a(__init_alloc.o)
                0x0000000010000148                __end_of_heap
 .bss.errno     0x000000001000014c        0x4 /Applications/lpcxpresso_8.1.4_606/lpcxpresso/tools/bin/../lib/gcc/arm-none-eabi/5.2.1/../../../../arm-none-eabi/lib/armv7e-m/softfp/libcr_c.a(errno.o)
                0x000000001000014c                errno
 *(COMMON)
 COMMON         0x0000000010000150        0x4 /Users/mortenopprudjakobsen/workspace/ISD/2016/lpc_chip_40xx/Debug/liblpc_chip_40xx.a(chip_17xx_40xx.o)
                0x0000000010000150                SystemCoreClock
                0x0000000010000154                . = ALIGN (0x4)
                0x0000000010000154                _ebss = .
                [!provide]                        PROVIDE (end, .)

.noinit_RAM2    0x0000000020000000        0x0
 *(.noinit.$RAM2*)
 *(.noinit.$RamPeriph32*)
                0x0000000020000000                . = ALIGN (0x4)

.noinit         0x0000000010000154        0x0
                0x0000000010000154                _noinit = .
 *(.noinit*)
                0x0000000010000154                . = ALIGN (0x4)
                0x0000000010000154                _end_noinit = .
                0x0000000010000154                PROVIDE (_pvHeapStart, DEFINED (__user_heap_base)?__user_heap_base:.)
                0x0000000010010000                PROVIDE (_vStackTop, DEFINED (__user_stack_top)?__user_stack_top:(__top_RamLoc64 - 0x0))
                [!provide]                        PROVIDE (__valid_user_code_checksum, (0x0 - ((((((_vStackTop + (ResetISR + 0x1)) + (NMI_Handler + 0x1)) + (HardFault_Handler + 0x1)) + (DEFINED (MemManage_Handler)?MemManage_Handler:0x0 + 0x1)) + (DEFINED (BusFault_Handler)?BusFault_Handler:0x0 + 0x1)) + (DEFINED (UsageFault_Handler)?UsageFault_Handler:0x0 + 0x1))))
OUTPUT(periph_systick.axf elf32-littlearm)

.debug_info     0x0000000000000000     0x6837
 .debug_info    0x0000000000000000      0x25d ./example/src/cr_startup_lpc40xx.o
 .debug_info    0x000000000000025d      0x110 ./example/src/sysinit.o
 .debug_info    0x000000000000036d      0x602 ./example/src/systick.o
 .debug_info    0x000000000000096f     0x1c2d /Users/mortenopprudjakobsen/workspace/ISD/2016/lpc_board_ea_devkit_4088/Debug/liblpc_board_ea_devkit_4088.a(board.o)
 .debug_info    0x000000000000259c      0xa07 /Users/mortenopprudjakobsen/workspace/ISD/2016/lpc_board_ea_devkit_4088/Debug/liblpc_board_ea_devkit_4088.a(board_sysinit.o)
 .debug_info    0x0000000000002fa3      0x5ea /Users/mortenopprudjakobsen/workspace/ISD/2016/lpc_chip_40xx/Debug/liblpc_chip_40xx.a(chip_17xx_40xx.o)
 .debug_info    0x000000000000358d      0xb75 /Users/mortenopprudjakobsen/workspace/ISD/2016/lpc_chip_40xx/Debug/liblpc_chip_40xx.a(clock_17xx_40xx.o)
 .debug_info    0x0000000000004102      0xc47 /Users/mortenopprudjakobsen/workspace/ISD/2016/lpc_chip_40xx/Debug/liblpc_chip_40xx.a(emc_17xx_40xx.o)
 .debug_info    0x0000000000004d49      0x128 /Users/mortenopprudjakobsen/workspace/ISD/2016/lpc_chip_40xx/Debug/liblpc_chip_40xx.a(fpu_init.o)
 .debug_info    0x0000000000004e71      0x1f9 /Users/mortenopprudjakobsen/workspace/ISD/2016/lpc_chip_40xx/Debug/liblpc_chip_40xx.a(iocon_17xx_40xx.o)
 .debug_info    0x000000000000506a      0x502 /Users/mortenopprudjakobsen/workspace/ISD/2016/lpc_chip_40xx/Debug/liblpc_chip_40xx.a(sysctl_17xx_40xx.o)
 .debug_info    0x000000000000556c      0x4dc /Users/mortenopprudjakobsen/workspace/ISD/2016/lpc_chip_40xx/Debug/liblpc_chip_40xx.a(sysinit_17xx_40xx.o)
 .debug_info    0x0000000000005a48      0xdef /Users/mortenopprudjakobsen/workspace/ISD/2016/lpc_chip_40xx/Debug/liblpc_chip_40xx.a(uart_17xx_40xx.o)

.debug_abbrev   0x0000000000000000     0x1608
 .debug_abbrev  0x0000000000000000       0xf5 ./example/src/cr_startup_lpc40xx.o
 .debug_abbrev  0x00000000000000f5       0xa3 ./example/src/sysinit.o
 .debug_abbrev  0x0000000000000198      0x19c ./example/src/systick.o
 .debug_abbrev  0x0000000000000334      0x354 /Users/mortenopprudjakobsen/workspace/ISD/2016/lpc_board_ea_devkit_4088/Debug/liblpc_board_ea_devkit_4088.a(board.o)
 .debug_abbrev  0x0000000000000688      0x234 /Users/mortenopprudjakobsen/workspace/ISD/2016/lpc_board_ea_devkit_4088/Debug/liblpc_board_ea_devkit_4088.a(board_sysinit.o)
 .debug_abbrev  0x00000000000008bc      0x15e /Users/mortenopprudjakobsen/workspace/ISD/2016/lpc_chip_40xx/Debug/liblpc_chip_40xx.a(chip_17xx_40xx.o)
 .debug_abbrev  0x0000000000000a1a      0x2b4 /Users/mortenopprudjakobsen/workspace/ISD/2016/lpc_chip_40xx/Debug/liblpc_chip_40xx.a(clock_17xx_40xx.o)
 .debug_abbrev  0x0000000000000cce      0x1fb /Users/mortenopprudjakobsen/workspace/ISD/2016/lpc_chip_40xx/Debug/liblpc_chip_40xx.a(emc_17xx_40xx.o)
 .debug_abbrev  0x0000000000000ec9       0x84 /Users/mortenopprudjakobsen/workspace/ISD/2016/lpc_chip_40xx/Debug/liblpc_chip_40xx.a(fpu_init.o)
 .debug_abbrev  0x0000000000000f4d      0x122 /Users/mortenopprudjakobsen/workspace/ISD/2016/lpc_chip_40xx/Debug/liblpc_chip_40xx.a(iocon_17xx_40xx.o)
 .debug_abbrev  0x000000000000106f      0x14b /Users/mortenopprudjakobsen/workspace/ISD/2016/lpc_chip_40xx/Debug/liblpc_chip_40xx.a(sysctl_17xx_40xx.o)
 .debug_abbrev  0x00000000000011ba      0x175 /Users/mortenopprudjakobsen/workspace/ISD/2016/lpc_chip_40xx/Debug/liblpc_chip_40xx.a(sysinit_17xx_40xx.o)
 .debug_abbrev  0x000000000000132f      0x2d9 /Users/mortenopprudjakobsen/workspace/ISD/2016/lpc_chip_40xx/Debug/liblpc_chip_40xx.a(uart_17xx_40xx.o)

.debug_aranges  0x0000000000000000      0x6f8
 .debug_aranges
                0x0000000000000000       0x80 ./example/src/cr_startup_lpc40xx.o
 .debug_aranges
                0x0000000000000080       0x20 ./example/src/sysinit.o
 .debug_aranges
                0x00000000000000a0       0x38 ./example/src/systick.o
 .debug_aranges
                0x00000000000000d8      0x1f8 /Users/mortenopprudjakobsen/workspace/ISD/2016/lpc_board_ea_devkit_4088/Debug/liblpc_board_ea_devkit_4088.a(board.o)
 .debug_aranges
                0x00000000000002d0       0x50 /Users/mortenopprudjakobsen/workspace/ISD/2016/lpc_board_ea_devkit_4088/Debug/liblpc_board_ea_devkit_4088.a(board_sysinit.o)
 .debug_aranges
                0x0000000000000320       0x30 /Users/mortenopprudjakobsen/workspace/ISD/2016/lpc_chip_40xx/Debug/liblpc_chip_40xx.a(chip_17xx_40xx.o)
 .debug_aranges
                0x0000000000000350      0x138 /Users/mortenopprudjakobsen/workspace/ISD/2016/lpc_chip_40xx/Debug/liblpc_chip_40xx.a(clock_17xx_40xx.o)
 .debug_aranges
                0x0000000000000488       0x80 /Users/mortenopprudjakobsen/workspace/ISD/2016/lpc_chip_40xx/Debug/liblpc_chip_40xx.a(emc_17xx_40xx.o)
 .debug_aranges
                0x0000000000000508       0x20 /Users/mortenopprudjakobsen/workspace/ISD/2016/lpc_chip_40xx/Debug/liblpc_chip_40xx.a(fpu_init.o)
 .debug_aranges
                0x0000000000000528       0x28 /Users/mortenopprudjakobsen/workspace/ISD/2016/lpc_chip_40xx/Debug/liblpc_chip_40xx.a(iocon_17xx_40xx.o)
 .debug_aranges
                0x0000000000000550       0x28 /Users/mortenopprudjakobsen/workspace/ISD/2016/lpc_chip_40xx/Debug/liblpc_chip_40xx.a(sysctl_17xx_40xx.o)
 .debug_aranges
                0x0000000000000578       0x60 /Users/mortenopprudjakobsen/workspace/ISD/2016/lpc_chip_40xx/Debug/liblpc_chip_40xx.a(sysinit_17xx_40xx.o)
 .debug_aranges
                0x00000000000005d8      0x120 /Users/mortenopprudjakobsen/workspace/ISD/2016/lpc_chip_40xx/Debug/liblpc_chip_40xx.a(uart_17xx_40xx.o)

.debug_ranges   0x0000000000000000      0x628
 .debug_ranges  0x0000000000000000       0x70 ./example/src/cr_startup_lpc40xx.o
 .debug_ranges  0x0000000000000070       0x10 ./example/src/sysinit.o
 .debug_ranges  0x0000000000000080       0x28 ./example/src/systick.o
 .debug_ranges  0x00000000000000a8      0x1e8 /Users/mortenopprudjakobsen/workspace/ISD/2016/lpc_board_ea_devkit_4088/Debug/liblpc_board_ea_devkit_4088.a(board.o)
 .debug_ranges  0x0000000000000290       0x40 /Users/mortenopprudjakobsen/workspace/ISD/2016/lpc_board_ea_devkit_4088/Debug/liblpc_board_ea_devkit_4088.a(board_sysinit.o)
 .debug_ranges  0x00000000000002d0       0x20 /Users/mortenopprudjakobsen/workspace/ISD/2016/lpc_chip_40xx/Debug/liblpc_chip_40xx.a(chip_17xx_40xx.o)
 .debug_ranges  0x00000000000002f0      0x128 /Users/mortenopprudjakobsen/workspace/ISD/2016/lpc_chip_40xx/Debug/liblpc_chip_40xx.a(clock_17xx_40xx.o)
 .debug_ranges  0x0000000000000418       0x70 /Users/mortenopprudjakobsen/workspace/ISD/2016/lpc_chip_40xx/Debug/liblpc_chip_40xx.a(emc_17xx_40xx.o)
 .debug_ranges  0x0000000000000488       0x10 /Users/mortenopprudjakobsen/workspace/ISD/2016/lpc_chip_40xx/Debug/liblpc_chip_40xx.a(fpu_init.o)
 .debug_ranges  0x0000000000000498       0x18 /Users/mortenopprudjakobsen/workspace/ISD/2016/lpc_chip_40xx/Debug/liblpc_chip_40xx.a(iocon_17xx_40xx.o)
 .debug_ranges  0x00000000000004b0       0x18 /Users/mortenopprudjakobsen/workspace/ISD/2016/lpc_chip_40xx/Debug/liblpc_chip_40xx.a(sysctl_17xx_40xx.o)
 .debug_ranges  0x00000000000004c8       0x50 /Users/mortenopprudjakobsen/workspace/ISD/2016/lpc_chip_40xx/Debug/liblpc_chip_40xx.a(sysinit_17xx_40xx.o)
 .debug_ranges  0x0000000000000518      0x110 /Users/mortenopprudjakobsen/workspace/ISD/2016/lpc_chip_40xx/Debug/liblpc_chip_40xx.a(uart_17xx_40xx.o)

.debug_macro    0x0000000000000000     0x6437
 .debug_macro   0x0000000000000000       0x1d ./example/src/cr_startup_lpc40xx.o
 .debug_macro   0x000000000000001d      0x89e ./example/src/cr_startup_lpc40xx.o
 .debug_macro   0x00000000000008bb      0x296 ./example/src/sysinit.o
 .debug_macro   0x0000000000000b51       0x10 ./example/src/sysinit.o
 .debug_macro   0x0000000000000b61      0x12d ./example/src/sysinit.o
 .debug_macro   0x0000000000000c8e      0x5b2 ./example/src/sysinit.o
 .debug_macro   0x0000000000001240       0x22 ./example/src/sysinit.o
 .debug_macro   0x0000000000001262       0x7b ./example/src/sysinit.o
 .debug_macro   0x00000000000012dd       0x16 ./example/src/sysinit.o
 .debug_macro   0x00000000000012f3       0x2d ./example/src/sysinit.o
 .debug_macro   0x0000000000001320       0x3b ./example/src/sysinit.o
 .debug_macro   0x000000000000135b       0x2d ./example/src/sysinit.o
 .debug_macro   0x0000000000001388       0x42 ./example/src/sysinit.o
 .debug_macro   0x00000000000013ca      0xd39 ./example/src/sysinit.o
 .debug_macro   0x0000000000002103      0x295 ./example/src/sysinit.o
 .debug_macro   0x0000000000002398       0x50 ./example/src/sysinit.o
 .debug_macro   0x00000000000023e8       0x34 ./example/src/sysinit.o
 .debug_macro   0x000000000000241c      0x152 ./example/src/sysinit.o
 .debug_macro   0x000000000000256e       0x82 ./example/src/sysinit.o
 .debug_macro   0x00000000000025f0      0x48c ./example/src/sysinit.o
 .debug_macro   0x0000000000002a7c      0x12d ./example/src/sysinit.o
 .debug_macro   0x0000000000002ba9       0x6a ./example/src/sysinit.o
 .debug_macro   0x0000000000002c13       0x34 ./example/src/sysinit.o
 .debug_macro   0x0000000000002c47       0x58 ./example/src/sysinit.o
 .debug_macro   0x0000000000002c9f      0x236 ./example/src/sysinit.o
 .debug_macro   0x0000000000002ed5      0x4c5 ./example/src/sysinit.o
 .debug_macro   0x000000000000339a      0x1da ./example/src/sysinit.o
 .debug_macro   0x0000000000003574       0x10 ./example/src/sysinit.o
 .debug_macro   0x0000000000003584      0x21b ./example/src/sysinit.o
 .debug_macro   0x000000000000379f      0x1b9 ./example/src/sysinit.o
 .debug_macro   0x0000000000003958       0x2e ./example/src/sysinit.o
 .debug_macro   0x0000000000003986       0x40 ./example/src/sysinit.o
 .debug_macro   0x00000000000039c6      0x209 ./example/src/sysinit.o
 .debug_macro   0x0000000000003bcf      0x2b3 ./example/src/sysinit.o
 .debug_macro   0x0000000000003e82      0x34c ./example/src/sysinit.o
 .debug_macro   0x00000000000041ce       0xb2 ./example/src/sysinit.o
 .debug_macro   0x0000000000004280       0x16 ./example/src/sysinit.o
 .debug_macro   0x0000000000004296       0xb8 ./example/src/sysinit.o
 .debug_macro   0x000000000000434e       0x4c ./example/src/sysinit.o
 .debug_macro   0x000000000000439a       0x16 ./example/src/sysinit.o
 .debug_macro   0x00000000000043b0      0x328 ./example/src/sysinit.o
 .debug_macro   0x00000000000046d8       0x3a ./example/src/sysinit.o
 .debug_macro   0x0000000000004712       0x16 ./example/src/sysinit.o
 .debug_macro   0x0000000000004728       0xca ./example/src/sysinit.o
 .debug_macro   0x00000000000047f2       0x18 ./example/src/sysinit.o
 .debug_macro   0x000000000000480a       0x16 ./example/src/sysinit.o
 .debug_macro   0x0000000000004820       0x8e ./example/src/sysinit.o
 .debug_macro   0x00000000000048ae      0x124 ./example/src/sysinit.o
 .debug_macro   0x00000000000049d2       0x6c ./example/src/sysinit.o
 .debug_macro   0x0000000000004a3e       0x9a ./example/src/sysinit.o
 .debug_macro   0x0000000000004ad8       0x20 ./example/src/sysinit.o
 .debug_macro   0x0000000000004af8       0x2e ./example/src/sysinit.o
 .debug_macro   0x0000000000004b26      0x29c ./example/src/systick.o
 .debug_macro   0x0000000000004dc2      0x3ce /Users/mortenopprudjakobsen/workspace/ISD/2016/lpc_board_ea_devkit_4088/Debug/liblpc_board_ea_devkit_4088.a(board.o)
 .debug_macro   0x0000000000005190       0x12 /Users/mortenopprudjakobsen/workspace/ISD/2016/lpc_board_ea_devkit_4088/Debug/liblpc_board_ea_devkit_4088.a(board.o)
 .debug_macro   0x00000000000051a2      0x29c /Users/mortenopprudjakobsen/workspace/ISD/2016/lpc_board_ea_devkit_4088/Debug/liblpc_board_ea_devkit_4088.a(board_sysinit.o)
 .debug_macro   0x000000000000543e      0x22c /Users/mortenopprudjakobsen/workspace/ISD/2016/lpc_chip_40xx/Debug/liblpc_chip_40xx.a(chip_17xx_40xx.o)
 .debug_macro   0x000000000000566a      0x22c /Users/mortenopprudjakobsen/workspace/ISD/2016/lpc_chip_40xx/Debug/liblpc_chip_40xx.a(clock_17xx_40xx.o)
 .debug_macro   0x0000000000005896      0x232 /Users/mortenopprudjakobsen/workspace/ISD/2016/lpc_chip_40xx/Debug/liblpc_chip_40xx.a(emc_17xx_40xx.o)
 .debug_macro   0x0000000000005ac8       0xbf /Users/mortenopprudjakobsen/workspace/ISD/2016/lpc_chip_40xx/Debug/liblpc_chip_40xx.a(fpu_init.o)
 .debug_macro   0x0000000000005b87      0x22c /Users/mortenopprudjakobsen/workspace/ISD/2016/lpc_chip_40xx/Debug/liblpc_chip_40xx.a(iocon_17xx_40xx.o)
 .debug_macro   0x0000000000005db3      0x22c /Users/mortenopprudjakobsen/workspace/ISD/2016/lpc_chip_40xx/Debug/liblpc_chip_40xx.a(sysctl_17xx_40xx.o)
 .debug_macro   0x0000000000005fdf      0x22c /Users/mortenopprudjakobsen/workspace/ISD/2016/lpc_chip_40xx/Debug/liblpc_chip_40xx.a(sysinit_17xx_40xx.o)
 .debug_macro   0x000000000000620b      0x22c /Users/mortenopprudjakobsen/workspace/ISD/2016/lpc_chip_40xx/Debug/liblpc_chip_40xx.a(uart_17xx_40xx.o)

.debug_line     0x0000000000000000     0x4a52
 .debug_line    0x0000000000000000       0xe1 ./example/src/cr_startup_lpc40xx.o
 .debug_line    0x00000000000000e1      0x579 ./example/src/sysinit.o
 .debug_line    0x000000000000065a      0x5d2 ./example/src/systick.o
 .debug_line    0x0000000000000c2c      0xc11 /Users/mortenopprudjakobsen/workspace/ISD/2016/lpc_board_ea_devkit_4088/Debug/liblpc_board_ea_devkit_4088.a(board.o)
 .debug_line    0x000000000000183d      0x62a /Users/mortenopprudjakobsen/workspace/ISD/2016/lpc_board_ea_devkit_4088/Debug/liblpc_board_ea_devkit_4088.a(board_sysinit.o)
 .debug_line    0x0000000000001e67      0x4df /Users/mortenopprudjakobsen/workspace/ISD/2016/lpc_chip_40xx/Debug/liblpc_chip_40xx.a(chip_17xx_40xx.o)
 .debug_line    0x0000000000002346      0x79f /Users/mortenopprudjakobsen/workspace/ISD/2016/lpc_chip_40xx/Debug/liblpc_chip_40xx.a(clock_17xx_40xx.o)
 .debug_line    0x0000000000002ae5      0x658 /Users/mortenopprudjakobsen/workspace/ISD/2016/lpc_chip_40xx/Debug/liblpc_chip_40xx.a(emc_17xx_40xx.o)
 .debug_line    0x000000000000313d      0x201 /Users/mortenopprudjakobsen/workspace/ISD/2016/lpc_chip_40xx/Debug/liblpc_chip_40xx.a(fpu_init.o)
 .debug_line    0x000000000000333e      0x4d2 /Users/mortenopprudjakobsen/workspace/ISD/2016/lpc_chip_40xx/Debug/liblpc_chip_40xx.a(iocon_17xx_40xx.o)
 .debug_line    0x0000000000003810      0x4c4 /Users/mortenopprudjakobsen/workspace/ISD/2016/lpc_chip_40xx/Debug/liblpc_chip_40xx.a(sysctl_17xx_40xx.o)
 .debug_line    0x0000000000003cd4      0x56e /Users/mortenopprudjakobsen/workspace/ISD/2016/lpc_chip_40xx/Debug/liblpc_chip_40xx.a(sysinit_17xx_40xx.o)
 .debug_line    0x0000000000004242      0x810 /Users/mortenopprudjakobsen/workspace/ISD/2016/lpc_chip_40xx/Debug/liblpc_chip_40xx.a(uart_17xx_40xx.o)

.debug_str      0x0000000000000000    0x1a45d
 .debug_str     0x0000000000000000     0x271c ./example/src/cr_startup_lpc40xx.o
                                       0x272f (size before relaxing)
 .debug_str     0x000000000000271c    0x148c5 ./example/src/sysinit.o
                                      0x16f38 (size before relaxing)
 .debug_str     0x0000000000016fe1      0x3b4 ./example/src/systick.o
                                      0x172ee (size before relaxing)
 .debug_str     0x0000000000017395     0x184d /Users/mortenopprudjakobsen/workspace/ISD/2016/lpc_board_ea_devkit_4088/Debug/liblpc_board_ea_devkit_4088.a(board.o)
                                      0x187ca (size before relaxing)
 .debug_str     0x0000000000018be2      0x67b /Users/mortenopprudjakobsen/workspace/ISD/2016/lpc_board_ea_devkit_4088/Debug/liblpc_board_ea_devkit_4088.a(board_sysinit.o)
                                      0x17a9a (size before relaxing)
 .debug_str     0x000000000001925d      0x129 /Users/mortenopprudjakobsen/workspace/ISD/2016/lpc_chip_40xx/Debug/liblpc_chip_40xx.a(chip_17xx_40xx.o)
                                      0x168f9 (size before relaxing)
 .debug_str     0x0000000000019386      0x631 /Users/mortenopprudjakobsen/workspace/ISD/2016/lpc_chip_40xx/Debug/liblpc_chip_40xx.a(clock_17xx_40xx.o)
                                      0x16d80 (size before relaxing)
 .debug_str     0x00000000000199b7      0x4a5 /Users/mortenopprudjakobsen/workspace/ISD/2016/lpc_chip_40xx/Debug/liblpc_chip_40xx.a(emc_17xx_40xx.o)
                                      0x16930 (size before relaxing)
 .debug_str     0x0000000000019e5c       0xb5 /Users/mortenopprudjakobsen/workspace/ISD/2016/lpc_chip_40xx/Debug/liblpc_chip_40xx.a(fpu_init.o)
                                       0x9965 (size before relaxing)
 .debug_str     0x0000000000019f11       0x46 /Users/mortenopprudjakobsen/workspace/ISD/2016/lpc_chip_40xx/Debug/liblpc_chip_40xx.a(iocon_17xx_40xx.o)
                                      0x16290 (size before relaxing)
 .debug_str     0x0000000000019f57       0x87 /Users/mortenopprudjakobsen/workspace/ISD/2016/lpc_chip_40xx/Debug/liblpc_chip_40xx.a(sysctl_17xx_40xx.o)
                                      0x16683 (size before relaxing)
 .debug_str     0x0000000000019fde       0xda /Users/mortenopprudjakobsen/workspace/ISD/2016/lpc_chip_40xx/Debug/liblpc_chip_40xx.a(sysinit_17xx_40xx.o)
                                      0x1655c (size before relaxing)
 .debug_str     0x000000000001a0b8      0x3a5 /Users/mortenopprudjakobsen/workspace/ISD/2016/lpc_chip_40xx/Debug/liblpc_chip_40xx.a(uart_17xx_40xx.o)
                                      0x16b22 (size before relaxing)

.comment        0x0000000000000000       0x6e
 .comment       0x0000000000000000       0x6e ./example/src/cr_startup_lpc40xx.o
                                         0x6f (size before relaxing)
 .comment       0x000000000000006e       0x6f ./example/src/sysinit.o
 .comment       0x000000000000006e       0x6f ./example/src/systick.o
 .comment       0x000000000000006e       0x6f /Users/mortenopprudjakobsen/workspace/ISD/2016/lpc_board_ea_devkit_4088/Debug/liblpc_board_ea_devkit_4088.a(board.o)
 .comment       0x000000000000006e       0x6f /Users/mortenopprudjakobsen/workspace/ISD/2016/lpc_board_ea_devkit_4088/Debug/liblpc_board_ea_devkit_4088.a(board_sysinit.o)
 .comment       0x000000000000006e       0x6f /Users/mortenopprudjakobsen/workspace/ISD/2016/lpc_chip_40xx/Debug/liblpc_chip_40xx.a(chip_17xx_40xx.o)
 .comment       0x000000000000006e       0x6f /Users/mortenopprudjakobsen/workspace/ISD/2016/lpc_chip_40xx/Debug/liblpc_chip_40xx.a(clock_17xx_40xx.o)
 .comment       0x000000000000006e       0x6f /Users/mortenopprudjakobsen/workspace/ISD/2016/lpc_chip_40xx/Debug/liblpc_chip_40xx.a(emc_17xx_40xx.o)
 .comment       0x000000000000006e       0x6f /Users/mortenopprudjakobsen/workspace/ISD/2016/lpc_chip_40xx/Debug/liblpc_chip_40xx.a(fpu_init.o)
 .comment       0x000000000000006e       0x6f /Users/mortenopprudjakobsen/workspace/ISD/2016/lpc_chip_40xx/Debug/liblpc_chip_40xx.a(iocon_17xx_40xx.o)
 .comment       0x000000000000006e       0x6f /Users/mortenopprudjakobsen/workspace/ISD/2016/lpc_chip_40xx/Debug/liblpc_chip_40xx.a(sysctl_17xx_40xx.o)
 .comment       0x000000000000006e       0x6f /Users/mortenopprudjakobsen/workspace/ISD/2016/lpc_chip_40xx/Debug/liblpc_chip_40xx.a(sysinit_17xx_40xx.o)
 .comment       0x000000000000006e       0x6f /Users/mortenopprudjakobsen/workspace/ISD/2016/lpc_chip_40xx/Debug/liblpc_chip_40xx.a(uart_17xx_40xx.o)
 .comment       0x000000000000006e       0x6f /Applications/lpcxpresso_8.1.4_606/lpcxpresso/tools/bin/../lib/gcc/arm-none-eabi/5.2.1/../../../../arm-none-eabi/lib/armv7e-m/softfp/libcr_nohost.a(_cr__main.o)
 .comment       0x000000000000006e       0x6f /Applications/lpcxpresso_8.1.4_606/lpcxpresso/tools/bin/../lib/gcc/arm-none-eabi/5.2.1/../../../../arm-none-eabi/lib/armv7e-m/softfp/libcr_c.a(initio.o)
 .comment       0x000000000000006e       0x6f /Applications/lpcxpresso_8.1.4_606/lpcxpresso/tools/bin/../lib/gcc/arm-none-eabi/5.2.1/../../../../arm-none-eabi/lib/armv7e-m/softfp/libcr_c.a(setvbuf.o)
 .comment       0x000000000000006e       0x6f /Applications/lpcxpresso_8.1.4_606/lpcxpresso/tools/bin/../lib/gcc/arm-none-eabi/5.2.1/../../../../arm-none-eabi/lib/armv7e-m/softfp/libcr_c.a(stdio.o)
 .comment       0x000000000000006e       0x6f /Applications/lpcxpresso_8.1.4_606/lpcxpresso/tools/bin/../lib/gcc/arm-none-eabi/5.2.1/../../../../arm-none-eabi/lib/armv7e-m/softfp/libcr_c.a(memset.o)
 .comment       0x000000000000006e       0x6f /Applications/lpcxpresso_8.1.4_606/lpcxpresso/tools/bin/../lib/gcc/arm-none-eabi/5.2.1/../../../../arm-none-eabi/lib/armv7e-m/softfp/libcr_c.a(_deferredlazyseek.o)
 .comment       0x000000000000006e       0x6f /Applications/lpcxpresso_8.1.4_606/lpcxpresso/tools/bin/../lib/gcc/arm-none-eabi/5.2.1/../../../../arm-none-eabi/lib/armv7e-m/softfp/libcr_c.a(_fdopen.o)
 .comment       0x000000000000006e       0x6f /Applications/lpcxpresso_8.1.4_606/lpcxpresso/tools/bin/../lib/gcc/arm-none-eabi/5.2.1/../../../../arm-none-eabi/lib/armv7e-m/softfp/libcr_c.a(_fflush.o)
 .comment       0x000000000000006e       0x6f /Applications/lpcxpresso_8.1.4_606/lpcxpresso/tools/bin/../lib/gcc/arm-none-eabi/5.2.1/../../../../arm-none-eabi/lib/armv7e-m/softfp/libcr_c.a(_writebuf.o)
 .comment       0x000000000000006e       0x6f /Applications/lpcxpresso_8.1.4_606/lpcxpresso/tools/bin/../lib/gcc/arm-none-eabi/5.2.1/../../../../arm-none-eabi/lib/armv7e-m/softfp/libcr_c.a(alloc.o)
 .comment       0x000000000000006e       0x6f /Applications/lpcxpresso_8.1.4_606/lpcxpresso/tools/bin/../lib/gcc/arm-none-eabi/5.2.1/../../../../arm-none-eabi/lib/armv7e-m/softfp/libcr_c.a(fclose.o)
 .comment       0x000000000000006e       0x6f /Applications/lpcxpresso_8.1.4_606/lpcxpresso/tools/bin/../lib/gcc/arm-none-eabi/5.2.1/../../../../arm-none-eabi/lib/armv7e-m/softfp/libcr_c.a(fflush.o)
 .comment       0x000000000000006e       0x6f /Applications/lpcxpresso_8.1.4_606/lpcxpresso/tools/bin/../lib/gcc/arm-none-eabi/5.2.1/../../../../arm-none-eabi/lib/armv7e-m/softfp/libcr_c.a(fseek.o)
 .comment       0x000000000000006e       0x6f /Applications/lpcxpresso_8.1.4_606/lpcxpresso/tools/bin/../lib/gcc/arm-none-eabi/5.2.1/../../../../arm-none-eabi/lib/armv7e-m/softfp/libcr_c.a(ftell.o)
 .comment       0x000000000000006e       0x6f /Applications/lpcxpresso_8.1.4_606/lpcxpresso/tools/bin/../lib/gcc/arm-none-eabi/5.2.1/../../../../arm-none-eabi/lib/armv7e-m/softfp/libcr_c.a(remove.o)
 .comment       0x000000000000006e       0x6f /Applications/lpcxpresso_8.1.4_606/lpcxpresso/tools/bin/../lib/gcc/arm-none-eabi/5.2.1/../../../../arm-none-eabi/lib/armv7e-m/softfp/libcr_c.a(strlen.o)
 .comment       0x000000000000006e       0x6f /Applications/lpcxpresso_8.1.4_606/lpcxpresso/tools/bin/../lib/gcc/arm-none-eabi/5.2.1/../../../../arm-none-eabi/lib/armv7e-m/softfp/libcr_c.a(__init_alloc.o)
 .comment       0x000000000000006e       0x6f /Applications/lpcxpresso_8.1.4_606/lpcxpresso/tools/bin/../lib/gcc/arm-none-eabi/5.2.1/../../../../arm-none-eabi/lib/armv7e-m/softfp/libcr_c.a(_cr_sbrk.o)
 .comment       0x000000000000006e       0x6f /Applications/lpcxpresso_8.1.4_606/lpcxpresso/tools/bin/../lib/gcc/arm-none-eabi/5.2.1/../../../../arm-none-eabi/lib/armv7e-m/softfp/libcr_c.a(_do_fflush.o)
 .comment       0x000000000000006e       0x6f /Applications/lpcxpresso_8.1.4_606/lpcxpresso/tools/bin/../lib/gcc/arm-none-eabi/5.2.1/../../../../arm-none-eabi/lib/armv7e-m/softfp/libcr_c.a(errno.o)
 .comment       0x000000000000006e       0x6f /Applications/lpcxpresso_8.1.4_606/lpcxpresso/tools/bin/../lib/gcc/arm-none-eabi/5.2.1/../../../../arm-none-eabi/lib/armv7e-m/softfp/libcr_c.a(_cr_check_heap.o)
 .comment       0x000000000000006e       0x6f /Applications/lpcxpresso_8.1.4_606/lpcxpresso/tools/bin/../lib/gcc/arm-none-eabi/5.2.1/../../../../arm-none-eabi/lib/armv7e-m/softfp/libcr_nohost.a(__sys_appexit.o)
 .comment       0x000000000000006e       0x6f /Applications/lpcxpresso_8.1.4_606/lpcxpresso/tools/bin/../lib/gcc/arm-none-eabi/5.2.1/../../../../arm-none-eabi/lib/armv7e-m/softfp/libcr_nohost.a(__sys_close.o)
 .comment       0x000000000000006e       0x6f /Applications/lpcxpresso_8.1.4_606/lpcxpresso/tools/bin/../lib/gcc/arm-none-eabi/5.2.1/../../../../arm-none-eabi/lib/armv7e-m/softfp/libcr_nohost.a(__sys_flen.o)
 .comment       0x000000000000006e       0x6f /Applications/lpcxpresso_8.1.4_606/lpcxpresso/tools/bin/../lib/gcc/arm-none-eabi/5.2.1/../../../../arm-none-eabi/lib/armv7e-m/softfp/libcr_nohost.a(__sys_istty.o)
 .comment       0x000000000000006e       0x6f /Applications/lpcxpresso_8.1.4_606/lpcxpresso/tools/bin/../lib/gcc/arm-none-eabi/5.2.1/../../../../arm-none-eabi/lib/armv7e-m/softfp/libcr_nohost.a(__sys_remove.o)
 .comment       0x000000000000006e       0x6f /Applications/lpcxpresso_8.1.4_606/lpcxpresso/tools/bin/../lib/gcc/arm-none-eabi/5.2.1/../../../../arm-none-eabi/lib/armv7e-m/softfp/libcr_nohost.a(__sys_seek.o)
 .comment       0x000000000000006e       0x6f /Applications/lpcxpresso_8.1.4_606/lpcxpresso/tools/bin/../lib/gcc/arm-none-eabi/5.2.1/../../../../arm-none-eabi/lib/armv7e-m/softfp/libcr_nohost.a(__sys_tmpnam.o)

.ARM.attributes
                0x0000000000000000       0x35
 .ARM.attributes
                0x0000000000000000       0x37 ./example/src/cr_startup_lpc40xx.o
 .ARM.attributes
                0x0000000000000037       0x37 ./example/src/sysinit.o
 .ARM.attributes
                0x000000000000006e       0x37 ./example/src/systick.o
 .ARM.attributes
                0x00000000000000a5       0x37 /Users/mortenopprudjakobsen/workspace/ISD/2016/lpc_board_ea_devkit_4088/Debug/liblpc_board_ea_devkit_4088.a(board.o)
 .ARM.attributes
                0x00000000000000dc       0x37 /Users/mortenopprudjakobsen/workspace/ISD/2016/lpc_board_ea_devkit_4088/Debug/liblpc_board_ea_devkit_4088.a(board_sysinit.o)
 .ARM.attributes
                0x0000000000000113       0x37 /Users/mortenopprudjakobsen/workspace/ISD/2016/lpc_chip_40xx/Debug/liblpc_chip_40xx.a(chip_17xx_40xx.o)
 .ARM.attributes
                0x000000000000014a       0x37 /Users/mortenopprudjakobsen/workspace/ISD/2016/lpc_chip_40xx/Debug/liblpc_chip_40xx.a(clock_17xx_40xx.o)
 .ARM.attributes
                0x0000000000000181       0x37 /Users/mortenopprudjakobsen/workspace/ISD/2016/lpc_chip_40xx/Debug/liblpc_chip_40xx.a(emc_17xx_40xx.o)
 .ARM.attributes
                0x00000000000001b8       0x37 /Users/mortenopprudjakobsen/workspace/ISD/2016/lpc_chip_40xx/Debug/liblpc_chip_40xx.a(fpu_init.o)
 .ARM.attributes
                0x00000000000001ef       0x37 /Users/mortenopprudjakobsen/workspace/ISD/2016/lpc_chip_40xx/Debug/liblpc_chip_40xx.a(iocon_17xx_40xx.o)
 .ARM.attributes
                0x0000000000000226       0x37 /Users/mortenopprudjakobsen/workspace/ISD/2016/lpc_chip_40xx/Debug/liblpc_chip_40xx.a(sysctl_17xx_40xx.o)
 .ARM.attributes
                0x000000000000025d       0x37 /Users/mortenopprudjakobsen/workspace/ISD/2016/lpc_chip_40xx/Debug/liblpc_chip_40xx.a(sysinit_17xx_40xx.o)
 .ARM.attributes
                0x0000000000000294       0x37 /Users/mortenopprudjakobsen/workspace/ISD/2016/lpc_chip_40xx/Debug/liblpc_chip_40xx.a(uart_17xx_40xx.o)
 .ARM.attributes
                0x00000000000002cb       0x37 /Applications/lpcxpresso_8.1.4_606/lpcxpresso/tools/bin/../lib/gcc/arm-none-eabi/5.2.1/../../../../arm-none-eabi/lib/armv7e-m/softfp/libcr_nohost.a(_cr__main.o)
 .ARM.attributes
                0x0000000000000302       0x37 /Applications/lpcxpresso_8.1.4_606/lpcxpresso/tools/bin/../lib/gcc/arm-none-eabi/5.2.1/../../../../arm-none-eabi/lib/armv7e-m/softfp/libcr_c.a(initio.o)
 .ARM.attributes
                0x0000000000000339       0x37 /Applications/lpcxpresso_8.1.4_606/lpcxpresso/tools/bin/../lib/gcc/arm-none-eabi/5.2.1/../../../../arm-none-eabi/lib/armv7e-m/softfp/libcr_c.a(setvbuf.o)
 .ARM.attributes
                0x0000000000000370       0x37 /Applications/lpcxpresso_8.1.4_606/lpcxpresso/tools/bin/../lib/gcc/arm-none-eabi/5.2.1/../../../../arm-none-eabi/lib/armv7e-m/softfp/libcr_c.a(stdio.o)
 .ARM.attributes
                0x00000000000003a7       0x37 /Applications/lpcxpresso_8.1.4_606/lpcxpresso/tools/bin/../lib/gcc/arm-none-eabi/5.2.1/../../../../arm-none-eabi/lib/armv7e-m/softfp/libcr_c.a(memset.o)
 .ARM.attributes
                0x00000000000003de       0x37 /Applications/lpcxpresso_8.1.4_606/lpcxpresso/tools/bin/../lib/gcc/arm-none-eabi/5.2.1/../../../../arm-none-eabi/lib/armv7e-m/softfp/libcr_c.a(_deferredlazyseek.o)
 .ARM.attributes
                0x0000000000000415       0x37 /Applications/lpcxpresso_8.1.4_606/lpcxpresso/tools/bin/../lib/gcc/arm-none-eabi/5.2.1/../../../../arm-none-eabi/lib/armv7e-m/softfp/libcr_c.a(_fdopen.o)
 .ARM.attributes
                0x000000000000044c       0x37 /Applications/lpcxpresso_8.1.4_606/lpcxpresso/tools/bin/../lib/gcc/arm-none-eabi/5.2.1/../../../../arm-none-eabi/lib/armv7e-m/softfp/libcr_c.a(_fflush.o)
 .ARM.attributes
                0x0000000000000483       0x37 /Applications/lpcxpresso_8.1.4_606/lpcxpresso/tools/bin/../lib/gcc/arm-none-eabi/5.2.1/../../../../arm-none-eabi/lib/armv7e-m/softfp/libcr_c.a(_writebuf.o)
 .ARM.attributes
                0x00000000000004ba       0x37 /Applications/lpcxpresso_8.1.4_606/lpcxpresso/tools/bin/../lib/gcc/arm-none-eabi/5.2.1/../../../../arm-none-eabi/lib/armv7e-m/softfp/libcr_c.a(alloc.o)
 .ARM.attributes
                0x00000000000004f1       0x37 /Applications/lpcxpresso_8.1.4_606/lpcxpresso/tools/bin/../lib/gcc/arm-none-eabi/5.2.1/../../../../arm-none-eabi/lib/armv7e-m/softfp/libcr_c.a(fclose.o)
 .ARM.attributes
                0x0000000000000528       0x37 /Applications/lpcxpresso_8.1.4_606/lpcxpresso/tools/bin/../lib/gcc/arm-none-eabi/5.2.1/../../../../arm-none-eabi/lib/armv7e-m/softfp/libcr_c.a(fflush.o)
 .ARM.attributes
                0x000000000000055f       0x37 /Applications/lpcxpresso_8.1.4_606/lpcxpresso/tools/bin/../lib/gcc/arm-none-eabi/5.2.1/../../../../arm-none-eabi/lib/armv7e-m/softfp/libcr_c.a(fseek.o)
 .ARM.attributes
                0x0000000000000596       0x37 /Applications/lpcxpresso_8.1.4_606/lpcxpresso/tools/bin/../lib/gcc/arm-none-eabi/5.2.1/../../../../arm-none-eabi/lib/armv7e-m/softfp/libcr_c.a(ftell.o)
 .ARM.attributes
                0x00000000000005cd       0x37 /Applications/lpcxpresso_8.1.4_606/lpcxpresso/tools/bin/../lib/gcc/arm-none-eabi/5.2.1/../../../../arm-none-eabi/lib/armv7e-m/softfp/libcr_c.a(remove.o)
 .ARM.attributes
                0x0000000000000604       0x37 /Applications/lpcxpresso_8.1.4_606/lpcxpresso/tools/bin/../lib/gcc/arm-none-eabi/5.2.1/../../../../arm-none-eabi/lib/armv7e-m/softfp/libcr_c.a(strlen.o)
 .ARM.attributes
                0x000000000000063b       0x37 /Applications/lpcxpresso_8.1.4_606/lpcxpresso/tools/bin/../lib/gcc/arm-none-eabi/5.2.1/../../../../arm-none-eabi/lib/armv7e-m/softfp/libcr_c.a(__init_alloc.o)
 .ARM.attributes
                0x0000000000000672       0x37 /Applications/lpcxpresso_8.1.4_606/lpcxpresso/tools/bin/../lib/gcc/arm-none-eabi/5.2.1/../../../../arm-none-eabi/lib/armv7e-m/softfp/libcr_c.a(_cr_sbrk.o)
 .ARM.attributes
                0x00000000000006a9       0x37 /Applications/lpcxpresso_8.1.4_606/lpcxpresso/tools/bin/../lib/gcc/arm-none-eabi/5.2.1/../../../../arm-none-eabi/lib/armv7e-m/softfp/libcr_c.a(_do_fflush.o)
 .ARM.attributes
                0x00000000000006e0       0x37 /Applications/lpcxpresso_8.1.4_606/lpcxpresso/tools/bin/../lib/gcc/arm-none-eabi/5.2.1/../../../../arm-none-eabi/lib/armv7e-m/softfp/libcr_c.a(errno.o)
 .ARM.attributes
                0x0000000000000717       0x37 /Applications/lpcxpresso_8.1.4_606/lpcxpresso/tools/bin/../lib/gcc/arm-none-eabi/5.2.1/../../../../arm-none-eabi/lib/armv7e-m/softfp/libcr_c.a(_cr_check_heap.o)
 .ARM.attributes
                0x000000000000074e       0x25 /Applications/lpcxpresso_8.1.4_606/lpcxpresso/tools/bin/../lib/gcc/arm-none-eabi/5.2.1/armv7e-m/softfp/libcr_eabihelpers.a(memcpy.o)
 .ARM.attributes
                0x0000000000000773       0x37 /Applications/lpcxpresso_8.1.4_606/lpcxpresso/tools/bin/../lib/gcc/arm-none-eabi/5.2.1/../../../../arm-none-eabi/lib/armv7e-m/softfp/libcr_nohost.a(__sys_appexit.o)
 .ARM.attributes
                0x00000000000007aa       0x37 /Applications/lpcxpresso_8.1.4_606/lpcxpresso/tools/bin/../lib/gcc/arm-none-eabi/5.2.1/../../../../arm-none-eabi/lib/armv7e-m/softfp/libcr_nohost.a(__sys_close.o)
 .ARM.attributes
                0x00000000000007e1       0x37 /Applications/lpcxpresso_8.1.4_606/lpcxpresso/tools/bin/../lib/gcc/arm-none-eabi/5.2.1/../../../../arm-none-eabi/lib/armv7e-m/softfp/libcr_nohost.a(__sys_flen.o)
 .ARM.attributes
                0x0000000000000818       0x37 /Applications/lpcxpresso_8.1.4_606/lpcxpresso/tools/bin/../lib/gcc/arm-none-eabi/5.2.1/../../../../arm-none-eabi/lib/armv7e-m/softfp/libcr_nohost.a(__sys_istty.o)
 .ARM.attributes
                0x000000000000084f       0x37 /Applications/lpcxpresso_8.1.4_606/lpcxpresso/tools/bin/../lib/gcc/arm-none-eabi/5.2.1/../../../../arm-none-eabi/lib/armv7e-m/softfp/libcr_nohost.a(__sys_remove.o)
 .ARM.attributes
                0x0000000000000886       0x37 /Applications/lpcxpresso_8.1.4_606/lpcxpresso/tools/bin/../lib/gcc/arm-none-eabi/5.2.1/../../../../arm-none-eabi/lib/armv7e-m/softfp/libcr_nohost.a(__sys_seek.o)
 .ARM.attributes
                0x00000000000008bd       0x37 /Applications/lpcxpresso_8.1.4_606/lpcxpresso/tools/bin/../lib/gcc/arm-none-eabi/5.2.1/../../../../arm-none-eabi/lib/armv7e-m/softfp/libcr_nohost.a(__sys_tmpnam.o)

.debug_frame    0x0000000000000000     0x1a30
 .debug_frame   0x0000000000000000      0x170 ./example/src/cr_startup_lpc40xx.o
 .debug_frame   0x0000000000000170       0x34 ./example/src/sysinit.o
 .debug_frame   0x00000000000001a4       0x94 ./example/src/systick.o
 .debug_frame   0x0000000000000238      0x85c /Users/mortenopprudjakobsen/workspace/ISD/2016/lpc_board_ea_devkit_4088/Debug/liblpc_board_ea_devkit_4088.a(board.o)
 .debug_frame   0x0000000000000a94       0xf8 /Users/mortenopprudjakobsen/workspace/ISD/2016/lpc_board_ea_devkit_4088/Debug/liblpc_board_ea_devkit_4088.a(board_sysinit.o)
 .debug_frame   0x0000000000000b8c       0x70 /Users/mortenopprudjakobsen/workspace/ISD/2016/lpc_chip_40xx/Debug/liblpc_chip_40xx.a(chip_17xx_40xx.o)
 .debug_frame   0x0000000000000bfc      0x500 /Users/mortenopprudjakobsen/workspace/ISD/2016/lpc_chip_40xx/Debug/liblpc_chip_40xx.a(clock_17xx_40xx.o)
 .debug_frame   0x00000000000010fc      0x1fc /Users/mortenopprudjakobsen/workspace/ISD/2016/lpc_chip_40xx/Debug/liblpc_chip_40xx.a(emc_17xx_40xx.o)
 .debug_frame   0x00000000000012f8       0x38 /Users/mortenopprudjakobsen/workspace/ISD/2016/lpc_chip_40xx/Debug/liblpc_chip_40xx.a(fpu_init.o)
 .debug_frame   0x0000000000001330       0x5c /Users/mortenopprudjakobsen/workspace/ISD/2016/lpc_chip_40xx/Debug/liblpc_chip_40xx.a(iocon_17xx_40xx.o)
 .debug_frame   0x000000000000138c       0x60 /Users/mortenopprudjakobsen/workspace/ISD/2016/lpc_chip_40xx/Debug/liblpc_chip_40xx.a(sysctl_17xx_40xx.o)
 .debug_frame   0x00000000000013ec      0x134 /Users/mortenopprudjakobsen/workspace/ISD/2016/lpc_chip_40xx/Debug/liblpc_chip_40xx.a(sysinit_17xx_40xx.o)
 .debug_frame   0x0000000000001520      0x510 /Users/mortenopprudjakobsen/workspace/ISD/2016/lpc_chip_40xx/Debug/liblpc_chip_40xx.a(uart_17xx_40xx.o)
